<html>
<body>
<pre>
<h1>µVision Build Log</h1>
<h2>Tool Versions:</h2>
IDE-Version: µVision V5.34.0.0
Copyright (C) 2021 ARM Ltd and ARM Germany GmbH. All rights reserved.
License Information: kave rafie, ravis, LIC=JL28G-VKMBM-KPNZY-IWNX7-YXSRH-FIU8E
 
Tool Versions:
Toolchain:       MDK-ARM Plus  Version: 5.34.0.0
Toolchain Path:  C:\Keil_v5\ARM\ARMCLANG\Bin
C Compiler:      ArmClang.exe V6.16
Assembler:       Armasm.exe V6.16
Linker/Locator:  ArmLink.exe V6.16
Library Manager: ArmAr.exe V6.16
Hex Converter:   FromElf.exe V6.16
CPU DLL:         SARMCM3.DLL V5.34.0.0
Dialog DLL:      DCM.DLL V1.17.3.0
Target DLL:      STLink\ST-LINKIII-KEIL_SWO.dll V3.0.8.0
Dialog DLL:      TCM.DLL V1.48.0.0
 
<h2>Project:</h2>
C:\Users\kave\Desktop\Ravis_Kave\ravis_shared\GSM\Main Advance_F407)\MDK-ARM\Main Advance (F407VE).uvprojx
Project File Date:  02/26/2025

<h2>Output:</h2>
*** Using Compiler 'V6.16', folder: 'C:\Keil_v5\ARM\ARMCLANG\Bin'
Build target 'Main Advance (F407VE)'
../Core/GSM/write_settng.c(8): warning: In file included from...
../Core/GSM/../Inc/Variable.h(9): warning: In file included from...
../Core/Inc/Serial.h(19): warning: 'UART_BUFFER_SIZE' macro redefined [-Wmacro-redefined]
#define UART_BUFFER_SIZE                                300
        ^
../Core/Inc/../SHASI/shasi.H(8): note: previous definition is here
#define UART_BUFFER_SIZE 200
        ^
../Core/GSM/write_settng.c(39): warning: passing 'int8_t *' (aka 'signed char *') to parameter of type 'volatile uint8_t *' (aka 'volatile unsigned char *') converts between pointers to integer types with different sign [-Wpointer-sign]
                        if( server_protocol.byte_count%100 == 9 )handle_status(&Floor[server_protocol.byte_count/100-1].Jump1Flag);
                                                                               ^~~~~~~~~~~~~~~~~~~~~~~~~~~~~~~~~~~~~~~~~~~~~~~~~~
../Core/GSM/write_settng.h(8): note: passing argument to parameter 'stng_value' here
void handle_status(volatile     uint8_t *stng_value);
                                         ^
../Core/GSM/write_settng.c(40): warning: passing 'int8_t *' (aka 'signed char *') to parameter of type 'volatile uint8_t *' (aka 'volatile unsigned char *') converts between pointers to integer types with different sign [-Wpointer-sign]
                        if( server_protocol.byte_count%100 == 10 )handle_status(&Floor[server_protocol.byte_count/100-1].JumpNFlag);                            
                                                                                ^~~~~~~~~~~~~~~~~~~~~~~~~~~~~~~~~~~~~~~~~~~~~~~~~~
../Core/GSM/write_settng.h(8): note: passing argument to parameter 'stng_value' here
void handle_status(volatile     uint8_t *stng_value);
                                         ^
../Core/GSM/write_settng.c(52): warning: passing 'volatile bool (*)[360]' to parameter of type 'void *' discards qualifiers [-Wincompatible-pointer-types-discards-qualifiers]
                        if( server_protocol.byte_count == 5 )  packed_data = convert_struct_to_uint16(&PB.Hall, sizeof(PB.Hall));
                                                                                                      ^~~~~~~~
../Core/GSM/write_settng.h(10): note: passing argument to parameter 'struct_ptr' here
uint16_t convert_struct_to_uint16(void* struct_ptr, size_t struct_size);
                                        ^
../Core/GSM/write_settng.c(53): warning: passing 'volatile bool (*)[360]' to parameter of type 'void *' discards qualifiers [-Wincompatible-pointer-types-discards-qualifiers]
                        if( server_protocol.byte_count == 6 )  packed_data = convert_struct_to_uint16(&PB.Cabin, sizeof(PB.Cabin));
                                                                                                      ^~~~~~~~~
../Core/GSM/write_settng.h(10): note: passing argument to parameter 'struct_ptr' here
uint16_t convert_struct_to_uint16(void* struct_ptr, size_t struct_size);
                                        ^
5 warnings generated.
compiling write_settng.c...
linking...
Program Size: Code=68858 RO-data=10262 RW-data=2108 ZI-data=26412  
FromELF: creating hex file...
"Main Advance (F407VE)\Main Advance (F407VE).axf" - 0 Error(s), 5 Warning(s).

<h2>Software Packages used:</h2>

Package Vendor: ARM
                http://www.keil.com/pack/ARM.CMSIS.5.9.0.pack
                ARM.CMSIS.5.9.0
                CMSIS (Common Microcontroller Software Interface Standard)
   * Component: CORE Version: 5.6.0

Package Vendor: Keil
                https://www.keil.com/pack/Keil.ARM_Compiler.1.7.2.pack
                Keil.ARM_Compiler.1.7.2
                Keil ARM Compiler extensions for ARM Compiler 5 and ARM Compiler 6
   * Component: STDOUT Variant: User Version: 1.2.0

Package Vendor: Keil
                https://www.keil.com/pack/Keil.STM32F4xx_DFP.2.17.1.pack
                Keil.STM32F4xx_DFP.2.17.1
                STMicroelectronics STM32F4 Series Device Support, Drivers and Examples

<h2>Collection of Component include folders:</h2>
  .\RTE\_Main_Advance__F407VE_
  C:\Users\kave\AppData\Local\Arm\Packs\ARM\CMSIS\5.9.0\CMSIS\Core\Include
  C:\Users\kave\AppData\Local\Arm\Packs\Keil\STM32F4xx_DFP\2.17.1\Drivers\CMSIS\Device\ST\STM32F4xx\Include

<h2>Collection of Component Files used:</h2>

   * Component: ARM::CMSIS:CORE:5.6.0
      Include file:  CMSIS\Core\Include\tz_context.h

   * Component: Keil.ARM Compiler::Compiler:I/O:STDOUT:User:1.2.0
      Source file:   Template\stdout_user.c
      Source file:   Source\retarget_io.c
      Source file:   Template\stdout_USART.c
      Source file:   Template\stdout_display.c
Build Time Elapsed:  00:00:01
</pre>
</body>
</html>
