Component: ARM Compiler 6.16 Tool: armlink [5dfeaa00]

==============================================================================

Section Cross References

    startup_stm32f407xx.o(STACK) refers (Special) to heapauxi.o(.text) for __use_two_region_memory
    startup_stm32f407xx.o(HEAP) refers (Special) to heapauxi.o(.text) for __use_two_region_memory
    startup_stm32f407xx.o(RESET) refers (Special) to heapauxi.o(.text) for __use_two_region_memory
    startup_stm32f407xx.o(RESET) refers to startup_stm32f407xx.o(STACK) for __initial_sp
    startup_stm32f407xx.o(RESET) refers to startup_stm32f407xx.o(.text) for Reset_Handler
    startup_stm32f407xx.o(RESET) refers to stm32f4xx_it.o(.text.NMI_Handler) for NMI_Handler
    startup_stm32f407xx.o(RESET) refers to stm32f4xx_it.o(.text.HardFault_Handler) for HardFault_Handler
    startup_stm32f407xx.o(RESET) refers to stm32f4xx_it.o(.text.MemManage_Handler) for MemManage_Handler
    startup_stm32f407xx.o(RESET) refers to stm32f4xx_it.o(.text.BusFault_Handler) for BusFault_Handler
    startup_stm32f407xx.o(RESET) refers to stm32f4xx_it.o(.text.UsageFault_Handler) for UsageFault_Handler
    startup_stm32f407xx.o(RESET) refers to stm32f4xx_it.o(.text.SVC_Handler) for SVC_Handler
    startup_stm32f407xx.o(RESET) refers to stm32f4xx_it.o(.text.DebugMon_Handler) for DebugMon_Handler
    startup_stm32f407xx.o(RESET) refers to stm32f4xx_it.o(.text.PendSV_Handler) for PendSV_Handler
    startup_stm32f407xx.o(RESET) refers to stm32f4xx_it.o(.text.SysTick_Handler) for SysTick_Handler
    startup_stm32f407xx.o(RESET) refers to stm32f4xx_it.o(.text.TIM2_IRQHandler) for TIM2_IRQHandler
    startup_stm32f407xx.o(RESET) refers to stm32f4xx_it.o(.text.TIM3_IRQHandler) for TIM3_IRQHandler
    startup_stm32f407xx.o(RESET) refers to stm32f4xx_it.o(.text.TIM4_IRQHandler) for TIM4_IRQHandler
    startup_stm32f407xx.o(RESET) refers to stm32f4xx_it.o(.text.TIM5_IRQHandler) for TIM5_IRQHandler
    startup_stm32f407xx.o(RESET) refers to stm32f4xx_it.o(.text.DMA2_Stream0_IRQHandler) for DMA2_Stream0_IRQHandler
    startup_stm32f407xx.o(.text) refers (Special) to heapauxi.o(.text) for __use_two_region_memory
    startup_stm32f407xx.o(.text) refers to system_stm32f4xx.o(.text.SystemInit) for SystemInit
    startup_stm32f407xx.o(.text) refers to __main.o(!!!main) for __main
    startup_stm32f407xx.o(.text) refers to startup_stm32f407xx.o(HEAP) for Heap_Mem
    startup_stm32f407xx.o(.text) refers to startup_stm32f407xx.o(STACK) for Stack_Mem
    main.o(.text) refers (Special) to _printf_c.o(.ARM.Collect$$_printf_percent$$00000013) for _printf_c
    main.o(.text) refers (Special) to _printf_f.o(.ARM.Collect$$_printf_percent$$00000003) for _printf_f
    main.o(.text) refers (Special) to printf1.o(x$fpl$printf1) for _printf_fp_dec
    main.o(.text) refers (Special) to _printf_dec.o(.text) for _printf_int_dec
    main.o(.text) refers (Special) to _printf_percent.o(.ARM.Collect$$_printf_percent$$00000000) for _printf_percent
    main.o(.text) refers (Special) to _printf_pad.o(.text) for _printf_pre_padding
    main.o(.text) refers (Special) to _printf_s.o(.ARM.Collect$$_printf_percent$$00000014) for _printf_s
    main.o(.text) refers (Special) to _printf_str.o(.text) for _printf_str
    main.o(.text) refers (Special) to _printf_u.o(.ARM.Collect$$_printf_percent$$0000000A) for _printf_u
    main.o(.text.DayCounterCheck) refers (Special) to _printf_c.o(.ARM.Collect$$_printf_percent$$00000013) for _printf_c
    main.o(.text.DayCounterCheck) refers (Special) to _printf_f.o(.ARM.Collect$$_printf_percent$$00000003) for _printf_f
    main.o(.text.DayCounterCheck) refers (Special) to printf1.o(x$fpl$printf1) for _printf_fp_dec
    main.o(.text.DayCounterCheck) refers (Special) to _printf_dec.o(.text) for _printf_int_dec
    main.o(.text.DayCounterCheck) refers (Special) to _printf_percent.o(.ARM.Collect$$_printf_percent$$00000000) for _printf_percent
    main.o(.text.DayCounterCheck) refers (Special) to _printf_pad.o(.text) for _printf_pre_padding
    main.o(.text.DayCounterCheck) refers (Special) to _printf_s.o(.ARM.Collect$$_printf_percent$$00000014) for _printf_s
    main.o(.text.DayCounterCheck) refers (Special) to _printf_str.o(.text) for _printf_str
    main.o(.text.DayCounterCheck) refers (Special) to _printf_u.o(.ARM.Collect$$_printf_percent$$0000000A) for _printf_u
    main.o(.text.DayCounterCheck) refers to variable.o(.bss.Error_DayCounter) for Error_DayCounter
    main.o(.text.DayCounterCheck) refers to variable.o(.bss.DayCounter_Status) for DayCounter_Status
    main.o(.text.DayCounterCheck) refers to variable.o(.data.DayCounter_Day) for DayCounter_Day
    main.o(.text.DayCounterCheck) refers to variable.o(.bss.DayCounter_Hour) for DayCounter_Hour
    main.o(.text.DayCounterCheck) refers to variable.o(.bss.DayCounter_Minutes) for DayCounter_Minutes
    main.o(.text.DayCounterCheck) refers to variable.o(.bss.SaveDayCounterTimer) for SaveDayCounterTimer
[...]
    Safety_Timer                             0x20005c36   Data           6  variable.o(.bss.Safety_Timer)
    SavedPermanentPass                       0x20005c3c   Data           4  variable.o(.bss.SavedPermanentPass)
    SegDn                                    0x20005c40   Data           1  variable.o(.bss.SegDn)
    SegUp                                    0x20005c41   Data           1  variable.o(.bss.SegUp)
    Selector                                 0x20005c42   Data          20  variable.o(.bss.Selector)
    SetAllFloorForFTO                        0x20005c56   Data           1  variable.o(.bss.SetAllFloorForFTO)
    SetOutputsShiftF                         0x20005c57   Data           1  variable.o(.bss.SetOutputsShiftF)
    Short110To24                             0x20005c58   Data           1  variable.o(.bss.Short110To24)
    ShowErrorTimer                           0x20005c59   Data           1  variable.o(.bss.ShowErrorTimer)
    ShowSerialResetTimer                     0x20005c5a   Data           1  variable.o(.bss.ShowSerialResetTimer)
    SlaveBitCounter                          0x20005c5b   Data           1  variable.o(.bss.SlaveBitCounter)
    SlaveByteCounter                         0x20005c5c   Data           1  variable.o(.bss.SlaveByteCounter)
    SlaveDataLength                          0x20005c5d   Data           1  variable.o(.bss.SlaveDataLength)
    SlaveMOSI_Level                          0x20005c5e   Data           1  variable.o(.bss.SlaveMOSI_Level)
    SlaveReceiveBuffer                       0x20005c5f   Data          30  variable.o(.bss.SlaveReceiveBuffer)
    SlaveRxData                              0x20005c7d   Data           1  variable.o(.bss.SlaveRxData)
    SlaveSendBuffer                          0x20005c7e   Data          30  variable.o(.bss.SlaveSendBuffer)
    SlaveSyncTimer                           0x20005c9c   Data           1  variable.o(.bss.SlaveSyncTimer)
    SlaveTxData                              0x20005c9d   Data           1  variable.o(.bss.SlaveTxData)
    StandbyF                                 0x20005c9e   Data           1  variable.o(.bss.StandbyF)
    Stng                                     0x20005c9f   Data         800  variable.o(.bss.Stng)
    Stng_DriveParallelV0                     0x20005fbf   Data          10  variable.o(.bss.Stng_DriveParallelV0)
    Stng_DriveParallelV1                     0x20005fc9   Data          10  variable.o(.bss.Stng_DriveParallelV1)
    Stng_DriveParallelV2                     0x20005fd3   Data          10  variable.o(.bss.Stng_DriveParallelV2)
    StopTimer                                0x20005fde   Data           2  variable.o(.bss.StopTimer)
    Task100MsTimer                           0x20005fe0   Data           2  variable.o(.bss.Task100MsTimer)
    Task10MsTimer                            0x20005fe2   Data           1  variable.o(.bss.Task10MsTimer)
    Task1MinuteTimer                         0x20005fe4   Data           2  variable.o(.bss.Task1MinuteTimer)
    Task1SecTimer                            0x20005fe6   Data           2  variable.o(.bss.Task1SecTimer)
    Task20MsTimer                            0x20005fe8   Data           1  variable.o(.bss.Task20MsTimer)
    Task500MsTimer                           0x20005fea   Data           2  variable.o(.bss.Task500MsTimer)
    Task5MsTimer                             0x20005fec   Data           1  variable.o(.bss.Task5MsTimer)
    Task950usTimer                           0x20005fed   Data           1  variable.o(.bss.Task950usTimer)
    TemporaryID                              0x20005ff0   Data           4  variable.o(.bss.TemporaryID)
    TestADCTime                              0x20005ff4   Data           4  variable.o(.bss.TestADCTime)
    TestADCTimer                             0x20005ff8   Data           4  variable.o(.bss.TestADCTimer)
    TransferHWAddCounter                     0x20005ffc   Data           2  variable.o(.bss.TransferHWAddCounter)
    TurnOnBoardTimer                         0x20005ffe   Data           1  variable.o(.bss.TurnOnBoardTimer)
    TypeElevator                             0x20005fff   Data           1  variable.o(.bss.TypeElevator)
    U_ID                                     0x20006000   Data          12  variable.o(.bss.U_ID)
    VRefIntSum                               0x2000600c   Data           4  variable.o(.bss.VRefIntSum)
    Xmenu                                    0x20006010   Data           1  variable.o(.bss.Xmenu)
    Ymenu                                    0x20006012   Data           2  variable.o(.bss.Ymenu)
    _LCD_RAM                                 0x20006014   Data         864  variable.o(.bss._LCD_RAM)
    ad                                       0x20006374   Data           4  json.o(.bss.ad)
    adcv                                     0x20006378   Data          20  variable.o(.bss.adcv)
    buffer_http_send_to_server               0x2000638c   Data         200  json.o(.bss.buffer_http_send_to_server)
    buffer_http_send_to_server_index         0x20006454   Data           1  json.o(.bss.buffer_http_send_to_server_index)
    ee24_lock                                0x20006455   Data           1  at24cxx.o(.bss.ee24_lock)
    hadc1                                    0x20006458   Data          72  main.o(.bss.hadc1)
    hdma_adc1                                0x200064a0   Data          96  main.o(.bss.hdma_adc1)
    hi2c1                                    0x20006500   Data          84  main.o(.bss.hi2c1)
    htim3                                    0x20006554   Data          72  main.o(.bss.htim3)
    i_get                                    0x2000659c   Data           4  test.o(.bss.i_get)
    json                                     0x200065a0   Data         408  json.o(.bss.json)
    last_i_get                               0x20006738   Data           4  test.o(.bss.last_i_get)
    lcdt                                     0x2000673c   Data           1  variable.o(.bss.lcdt)
    modbus                                   0x20006740   Data         200  modbus.o(.bss.modbus)
    modbus_slave                             0x20006808   Data         206  modbus.o(.bss.modbus_slave)
    num                                      0x200068d8   Data          10  json.o(.bss.num)
    server_protocol_arreay_select            0x200068e4   Data           4  json.o(.bss.server_protocol_arreay_select)
    server_protocol_byte_count               0x200068e8   Data           4  json.o(.bss.server_protocol_byte_count)
    server_protocol_data                     0x200068ec   Data           4  json.o(.bss.server_protocol_data)
    server_protocol_status                   0x200068f0   Data           4  json.o(.bss.server_protocol_status)
    slave_crc_calculate                      0x200068f4   Data           2  modbus.o(.bss.slave_crc_calculate)
    slave_crc_get                            0x200068f6   Data           2  modbus.o(.bss.slave_crc_get)
    slave_data_count                         0x200068f8   Data           2  modbus.o(.bss.slave_data_count)
    slave_data_get                           0x200068fa   Data           1  modbus.o(.bss.slave_data_get)
    slave_start_add                          0x200068fc   Data           2  modbus.o(.bss.slave_start_add)
    tb_g2                                    0x20006900   Data          40  cpu_timer.o(.bss.tb_g2)
    tbr_g1                                   0x20006928   Data          40  cpu_timer.o(.bss.tbr_g1)
    tbrc_s1                                  0x20006950   Data          40  cpu_timer.o(.bss.tbrc_s1)
    uwTick                                   0x20006978   Data           4  stm32f4xx_hal.o(.bss.uwTick)
    xlcd                                     0x2000697c   Data           1  variable.o(.bss.xlcd)



==============================================================================

Memory Map of the image

  Image Entry point : 0x08000189

  Load Region LR_IROM1 (Base: 0x08000000, Size: 0x00013b78, Max: 0x00080000, ABSOLUTE, COMPRESSED[0x00013770])

    Execution Region ER_IROM1 (Exec base: 0x08000000, Load base: 0x08000000, Size: 0x00013334, Max: 0x00080000, ABSOLUTE)

    Exec Addr    Load Addr    Size         Type   Attr      Idx    E Section Name        Object

    0x08000000   0x08000000   0x00000188   Data   RO            3    RESET               startup_stm32f407xx.o
    0x08000188   0x08000188   0x00000008   Code   RO         2193  * !!!main             c_w.l(__main.o)
    0x08000190   0x08000190   0x00000034   Code   RO         2509    !!!scatter          c_w.l(__scatter.o)
    0x080001c4   0x080001c4   0x00000064   Code   RO         2507    !!dclz77c           c_w.l(__dclz77c.o)
    0x08000228   0x08000228   0x0000001c   Code   RO         2511    !!handler_zi        c_w.l(__scatter_zi.o)
    0x08000244   0x08000244   0x00000000   Code   RO         2168    .ARM.Collect$$_printf_percent$$00000000  c_w.l(_printf_percent.o)
    0x08000244   0x08000244   0x00000006   Code   RO         2167    .ARM.Collect$$_printf_percent$$00000003  c_w.l(_printf_f.o)
    0x0800024a   0x0800024a   0x00000006   Code   RO         2165    .ARM.Collect$$_printf_percent$$00000009  c_w.l(_printf_d.o)
    0x08000250   0x08000250   0x00000006   Code   RO         2166    .ARM.Collect$$_printf_percent$$0000000A  c_w.l(_printf_u.o)
    0x08000256   0x08000256   0x00000006   Code   RO         2163    .ARM.Collect$$_printf_percent$$00000013  c_w.l(_printf_c.o)
    0x0800025c   0x0800025c   0x00000006   Code   RO         2164    .ARM.Collect$$_printf_percent$$00000014  c_w.l(_printf_s.o)
    0x08000262   0x08000262   0x00000004   Code   RO         2259    .ARM.Collect$$_printf_percent$$00000017  c_w.l(_printf_percent_end.o)
    0x08000266   0x08000266   0x00000002   Code   RO         2372    .ARM.Collect$$libinit$$00000000  c_w.l(libinit.o)
    0x08000268   0x08000268   0x00000004   Code   RO         2373    .ARM.Collect$$libinit$$00000001  c_w.l(libinit2.o)
    0x0800026c   0x0800026c   0x00000000   Code   RO         2376    .ARM.Collect$$libinit$$00000004  c_w.l(libinit2.o)
    0x0800026c   0x0800026c   0x00000000   Code   RO         2379    .ARM.Collect$$libinit$$0000000A  c_w.l(libinit2.o)
    0x0800026c   0x0800026c   0x00000000   Code   RO         2381    .ARM.Collect$$libinit$$0000000C  c_w.l(libinit2.o)
    0x0800026c   0x0800026c   0x00000000   Code   RO         2383    .ARM.Collect$$libinit$$0000000E  c_w.l(libinit2.o)
    0x0800026c   0x0800026c   0x00000006   Code   RO         2384    .ARM.Collect$$libinit$$0000000F  c_w.l(libinit2.o)
    0x08000272   0x08000272   0x00000000   Code   RO         2386    .ARM.Collect$$libinit$$00000011  c_w.l(libinit2.o)
    0x08000272   0x08000272   0x0000000c   Code   RO         2387    .ARM.Collect$$libinit$$00000012  c_w.l(libinit2.o)
    0x0800027e   0x0800027e   0x00000000   Code   RO         2388    .ARM.Collect$$libinit$$00000013  c_w.l(libinit2.o)
    0x0800027e   0x0800027e   0x00000000   Code   RO         2390    .ARM.Collect$$libinit$$00000015  c_w.l(libinit2.o)
    0x0800027e   0x0800027e   0x0000000a   Code   RO         2391    .ARM.Collect$$libinit$$00000016  c_w.l(libinit2.o)
    0x08000288   0x08000288   0x00000000   Code   RO         2392    .ARM.Collect$$libinit$$00000017  c_w.l(libinit2.o)
    0x08000288   0x08000288   0x00000000   Code   RO         2394    .ARM.Collect$$libinit$$00000019  c_w.l(libinit2.o)
    0x08000288   0x08000288   0x00000000   Code   RO         2396    .ARM.Collect$$libinit$$0000001B  c_w.l(libinit2.o)
    0x08000288   0x08000288   0x00000000   Code   RO         2398    .ARM.Collect$$libinit$$0000001D  c_w.l(libinit2.o)
    0x08000288   0x08000288   0x00000000   Code   RO         2400    .ARM.Collect$$libinit$$0000001F  c_w.l(libinit2.o)
    0x08000288   0x08000288   0x00000000   Code   RO         2402    .ARM.Collect$$libinit$$00000021  c_w.l(libinit2.o)
    0x08000288   0x08000288   0x00000000   Code   RO         2404    .ARM.Collect$$libinit$$00000023  c_w.l(libinit2.o)
    0x08000288   0x08000288   0x00000000   Code   RO         2406    .ARM.Collect$$libinit$$00000025  c_w.l(libinit2.o)
    0x08000288   0x08000288   0x00000000   Code   RO         2410    .ARM.Collect$$libinit$$0000002C  c_w.l(libinit2.o)
    0x08000288   0x08000288   0x00000000   Code   RO         2412    .ARM.Collect$$libinit$$0000002E  c_w.l(libinit2.o)
    0x08000288   0x08000288   0x00000000   Code   RO         2414    .ARM.Collect$$libinit$$00000030  c_w.l(libinit2.o)
    0x08000288   0x08000288   0x00000000   Code   RO         2416    .ARM.Collect$$libinit$$00000032  c_w.l(libinit2.o)
    0x08000288   0x08000288   0x00000002   Code   RO         2417    .ARM.Collect$$libinit$$00000033  c_w.l(libinit2.o)
    0x0800028a   0x0800028a   0x00000002   Code   RO         2472    .ARM.Collect$$libshutdown$$00000000  c_w.l(libshutdown.o)
    0x0800028c   0x0800028c   0x00000000   Code   RO         2490    .ARM.Collect$$libshutdown$$00000002  c_w.l(libshutdown2.o)
    0x0800028c   0x0800028c   0x00000000   Code   RO         2492    .ARM.Collect$$libshutdown$$00000004  c_w.l(libshutdown2.o)
    0x0800028c   0x0800028c   0x00000000   Code   RO         2495    .ARM.Collect$$libshutdown$$00000007  c_w.l(libshutdown2.o)
    0x0800028c   0x0800028c   0x00000000   Code   RO         2498    .ARM.Collect$$libshutdown$$0000000A  c_w.l(libshutdown2.o)
    0x0800028c   0x0800028c   0x00000000   Code   RO         2500    .ARM.Collect$$libshutdown$$0000000C  c_w.l(libshutdown2.o)
    0x0800028c   0x0800028c   0x00000000   Code   RO         2503    .ARM.Collect$$libshutdown$$0000000F  c_w.l(libshutdown2.o)
    0x0800028c   0x0800028c   0x00000002   Code   RO         2504    .ARM.Collect$$libshutdown$$00000010  c_w.l(libshutdown2.o)
    0x0800028e   0x0800028e   0x00000000   Code   RO         2235    .ARM.Collect$$rtentry$$00000000  c_w.l(__rtentry.o)
    0x0800028e   0x0800028e   0x00000000   Code   RO         2285    .ARM.Collect$$rtentry$$00000002  c_w.l(__rtentry2.o)
    0x0800028e   0x0800028e   0x00000006   Code   RO         2297    .ARM.Collect$$rtentry$$00000004  c_w.l(__rtentry4.o)
    0x08000294   0x08000294   0x00000000   Code   RO         2287    .ARM.Collect$$rtentry$$00000009  c_w.l(__rtentry2.o)
    0x08000294   0x08000294   0x00000004   Code   RO         2288    .ARM.Collect$$rtentry$$0000000A  c_w.l(__rtentry2.o)
    0x08000298   0x08000298   0x00000000   Code   RO         2290    .ARM.Collect$$rtentry$$0000000C  c_w.l(__rtentry2.o)
    0x08000298   0x08000298   0x00000008   Code   RO         2291    .ARM.Collect$$rtentry$$0000000D  c_w.l(__rtentry2.o)
    0x080002a0   0x080002a0   0x00000002   Code   RO         2418    .ARM.Collect$$rtexit$$00000000  c_w.l(rtexit.o)
    0x080002a2   0x080002a2   0x00000000   Code   RO         2437    .ARM.Collect$$rtexit$$00000002  c_w.l(rtexit2.o)
    0x080002a2   0x080002a2   0x00000004   Code   RO         2438    .ARM.Collect$$rtexit$$00000003  c_w.l(rtexit2.o)
    0x080002a6   0x080002a6   0x00000006   Code   RO         2439    .ARM.Collect$$rtexit$$00000004  c_w.l(rtexit2.o)
    0x080002ac   0x080002ac   0x00000040   Code   RO            4    .text               startup_stm32f407xx.o
    0x080002ec   0x080002ec   0x000000f0   Code   RO         2129    .text               c_w.l(lludivv7m.o)
    0x080003dc   0x080003dc   0x0000002c   Code   RO         2131    .text               c_w.l(__2sprintf.o)
    0x08000408   0x08000408   0x0000004e   Code   RO         2137    .text               c_w.l(_printf_pad.o)
    0x08000456   0x08000456   0x00000052   Code   RO         2139    .text               c_w.l(_printf_str.o)
    0x080004a8   0x080004a8   0x00000078   Code   RO         2141    .text               c_w.l(_printf_dec.o)
    0x08000520   0x08000520   0x00000138   Code   RO         2155    .text               c_w.l(__printf_flags_wp.o)
    0x08000658   0x08000658   0x0000001a   Code   RO         2169    .text               c_w.l(atoi.o)
    0x08000672   0x08000672   0x00000024   Code   RO         2173    .text               c_w.l(strstr.o)
    0x08000696   0x08000696   0x00000048   Code   RO         2177    .text               c_w.l(strcpy.o)
    0x080006de   0x080006de   0x0000003e   Code   RO         2179    .text               c_w.l(strlen.o)
    0x0800071c   0x0800071c   0x00000018   Code   RO         2181    .text               c_w.l(strcat.o)
    0x08000734   0x08000734   0x0000008a   Code   RO         2183    .text               c_w.l(rt_memcpy_v6.o)
    0x080007be   0x080007be   0x00000044   Code   RO         2185    .text               c_w.l(rt_memclr.o)
    0x08000802   0x08000802   0x0000004e   Code   RO         2187    .text               c_w.l(rt_memclr_w.o)
    0x08000850   0x08000850   0x0000007c   Code   RO         2189    .text               c_w.l(strcmpv7em.o)
    0x080008cc   0x080008cc   0x00000006   Code   RO         2191    .text               c_w.l(heapauxi.o)
    0x080008d2   0x080008d2   0x00000002   PAD
    0x080008d4   0x080008d4   0x00000008   Code   RO         2243    .text               c_w.l(rt_errno_addr_intlibspace.o)
    0x080008dc   0x080008dc   0x00000016   Code   RO         2245    .text               c_w.l(_rserrno.o)
    0x080008f2   0x080008f2   0x000000b2   Code   RO         2247    .text               c_w.l(_printf_intcommon.o)
    0x080009a4   0x080009a4   0x0000041c   Code   RO         2249    .text               c_w.l(_printf_fp_dec.o)
    0x08000dc0   0x08000dc0   0x00000030   Code   RO         2253    .text               c_w.l(_printf_char_common.o)
    0x08000df0   0x08000df0   0x0000000a   Code   RO         2255    .text               c_w.l(_sputc.o)
    0x08000dfa   0x08000dfa   0x0000002c   Code   RO         2257    .text               c_w.l(_printf_char.o)
    0x08000e26   0x08000e26   0x00000070   Code   RO         2260    .text               c_w.l(strtol.o)
    0x08000e96   0x08000e96   0x00000064   Code   RO         2262    .text               c_w.l(rt_memcpy_w.o)
    0x08000efa   0x08000efa   0x00000002   PAD
    0x08000efc   0x08000efc   0x00000008   Code   RO         2281    .text               c_w.l(libspace.o)
    0x08000f04   0x08000f04   0x00000010   Code   RO         2299    .text               c_w.l(rt_ctype_table.o)
    0x08000f14   0x08000f14   0x00000008   Code   RO         2306    .text               c_w.l(rt_locale_intlibspace.o)
    0x08000f1c   0x08000f1c   0x0000008a   Code   RO         2308    .text               c_w.l(lludiv10.o)
    0x08000fa6   0x08000fa6   0x00000002   PAD
    0x08000fa8   0x08000fa8   0x00000080   Code   RO         2310    .text               c_w.l(_printf_fp_infnan.o)
    0x08001028   0x08001028   0x0000009e   Code   RO         2314    .text               c_w.l(_strtoul.o)
    0x080010c6   0x080010c6   0x00000002   PAD
    0x080010c8   0x080010c8   0x000000e4   Code   RO         2316    .text               c_w.l(bigflt0.o)
    0x080011ac   0x080011ac   0x0000004a   Code   RO         2352    .text               c_w.l(sys_stackheap_outer.o)
    0x080011f6   0x080011f6   0x0000001c   Code   RO         2354    .text               c_w.l(_chval.o)
    0x08001212   0x08001212   0x00000012   Code   RO         2361    .text               c_w.l(exit.o)
    0x08001224   0x08001224   0x0000000c   Code   RO         2432    .text               c_w.l(sys_exit.o)
    0x08001230   0x08001230   0x00000002   Code   RO         2459    .text               c_w.l(use_no_semi.o)
    0x08001232   0x08001232   0x00000000   Code   RO         2461    .text               c_w.l(indicate_semi.o)
    0x08001232   0x08001232   0x00000002   PAD
    0x08001234   0x08001234   0x00000072   Code   RO          917    .text.ADC_DMAConvCplt  stm32f4xx_hal_adc.o
    0x080012a6   0x080012a6   0x00000002   PAD
    0x080012a8   0x080012a8   0x00000016   Code   RO          921    .text.ADC_DMAError  stm32f4xx_hal_adc.o
    0x080012be   0x080012be   0x00000002   PAD
    0x080012c0   0x080012c0   0x0000000a   Code   RO          919    .text.ADC_DMAHalfConvCplt  stm32f4xx_hal_adc.o
    0x080012ca   0x080012ca   0x00000002   PAD
    0x080012cc   0x080012cc   0x00000108   Code   RO          889    .text.ADC_Init      stm32f4xx_hal_adc.o
    0x080013d4   0x080013d4   0x000004d8   Code   RO          198    .text.AddressableInputsAndOutputs  hardware.o
    0x080018ac   0x080018ac   0x00000044   Code   RO          264    .text.BarChange     menu.o
    0x080018f0   0x080018f0   0x00000002   Code   RO           90    .text.BusFault_Handler  stm32f4xx_it.o
    0x080018f2   0x080018f2   0x00000002   PAD
    0x080018f4   0x080018f4   0x0000003c   Code   RO          246    .text.CAB_SendData  hardware.o
    0x08001930   0x08001930   0x0000072c   Code   RO          405    .text.CAB_SerialDataTransmition  serial.o
    0x0800205c   0x0800205c   0x00000042   Code   RO         2039    .text.CRC_16        crc.o
    0x0800209e   0x0800209e   0x00000002   PAD
    0x080020a0   0x080020a0   0x00000052   Code   RO          386    .text.CalculatePBNumber  pb_num.o
    0x080020f2   0x080020f2   0x00000002   PAD
    0x080020f4   0x080020f4   0x000000ea   Code   RO          268    .text.CalculatePassword  menu.o
    0x080021de   0x080021de   0x00000002   PAD
    0x080021e0   0x080021e0   0x0000016e   Code   RO          175    .text.CheckLoadAndSaveDefault  eeprom.o
    0x0800234e   0x0800234e   0x00000002   PAD
    0x08002350   0x08002350   0x000000ca   Code   RO          208    .text.Clear_UART_Errors  hardware.o
    0x0800241a   0x0800241a   0x00000002   PAD
    0x0800241c   0x0800241c   0x00000056   Code   RO          238    .text.DMA1_Stream0_Init  hardware.o
    0x08002472   0x08002472   0x00000002   PAD
    0x08002474   0x08002474   0x00000056   Code   RO          226    .text.DMA1_Stream1_Init  hardware.o
    0x080024ca   0x080024ca   0x00000002   PAD
    0x080024cc   0x080024cc   0x00000056   Code   RO          232    .text.DMA1_Stream2_Init  hardware.o
    0x08002522   0x08002522   0x00000002   PAD
    0x08002524   0x08002524   0x00000060   Code   RO          224    .text.DMA1_Stream3_Init  hardware.o
    0x08002584   0x08002584   0x00000060   Code   RO          230    .text.DMA1_Stream4_Init  hardware.o
    0x080025e4   0x080025e4   0x00000056   Code   RO          220    .text.DMA1_Stream5_Init  hardware.o
    0x0800263a   0x0800263a   0x00000002   PAD
    0x0800263c   0x0800263c   0x00000060   Code   RO          218    .text.DMA1_Stream6_Init  hardware.o
    0x0800269c   0x0800269c   0x00000060   Code   RO          236    .text.DMA1_Stream7_Init  hardware.o
    0x080026fc   0x080026fc   0x00000138   Code   RO          102    .text.DMA2_Stream0_IRQHandler  stm32f4xx_it.o
    0x08002834   0x08002834   0x00000056   Code   RO          214    .text.DMA2_Stream5_Init  hardware.o
    0x0800288a   0x0800288a   0x00000002   PAD
    0x0800288c   0x0800288c   0x00000060   Code   RO          212    .text.DMA2_Stream7_Init  hardware.o
    0x080028ec   0x080028ec   0x0000003c   Code   RO         1168    .text.DMA_CalcBaseAndBitshift  stm32f4xx_hal_dma.o
    0x08002928   0x08002928   0x00000050   Code   RO         1166    .text.DMA_CheckFifoParam  stm32f4xx_hal_dma.o
    0x08002978   0x08002978   0x00000030   Code   RO         1174    .text.DMA_SetConfig  stm32f4xx_hal_dma.o
    0x080029a8   0x080029a8   0x00000048   Code   RO          244    .text.DRV_SendData  hardware.o
    0x080029f0   0x080029f0   0x00000002   Code   RO           96    .text.DebugMon_Handler  stm32f4xx_it.o
    0x080029f2   0x080029f2   0x00000002   PAD
    0x080029f4   0x080029f4   0x00000022   Code   RO          192    .text.EncoderGetValue  hardware.o
    0x08002a16   0x08002a16   0x00000002   PAD
    0x08002a18   0x08002a18   0x0000006a   Code   RO          190    .text.EncoderSetValue  hardware.o
    0x08002a82   0x08002a82   0x00000002   PAD
    0x08002a84   0x08002a84   0x0000000a   Code   RO           53    .text.Error_Handler  main.o
    0x08002a8e   0x08002a8e   0x00000002   PAD
    0x08002a90   0x08002a90   0x0000000a   Code   RO          337    .text.F4Delay       n1202.o
    0x08002a9a   0x08002a9a   0x00000002   PAD
    0x08002a9c   0x08002a9c   0x00000106   Code   RO          929    .text.HAL_ADC_ConfigChannel  stm32f4xx_hal_adc.o
    0x08002ba2   0x08002ba2   0x00000002   PAD
    0x08002ba4   0x08002ba4   0x00000002   Code   RO          909    .text.HAL_ADC_ConvCpltCallback  stm32f4xx_hal_adc.o
    0x08002ba6   0x08002ba6   0x00000002   PAD
    0x08002ba8   0x08002ba8   0x00000002   Code   RO          927    .text.HAL_ADC_ConvHalfCpltCallback  stm32f4xx_hal_adc.o
    0x08002baa   0x08002baa   0x00000002   PAD
    0x08002bac   0x08002bac   0x00000002   Code   RO          913    .text.HAL_ADC_ErrorCallback  stm32f4xx_hal_adc.o
    0x08002bae   0x08002bae   0x00000002   PAD
    0x08002bb0   0x08002bb0   0x0000004e   Code   RO          885    .text.HAL_ADC_Init  stm32f4xx_hal_adc.o
    0x08002bfe   0x08002bfe   0x00000002   PAD
    0x08002c00   0x08002c00   0x000000b2   Code   RO          114    .text.HAL_ADC_MspInit  stm32f4xx_hal_msp.o
    0x08002cb2   0x08002cb2   0x00000002   PAD
    0x08002cb4   0x08002cb4   0x0000016a   Code   RO          915    .text.HAL_ADC_Start_DMA  stm32f4xx_hal_adc.o
    0x08002e1e   0x08002e1e   0x00000002   PAD
    0x08002e20   0x08002e20   0x0000018c   Code   RO         1184    .text.HAL_DMA_IRQHandler  stm32f4xx_hal_dma.o
    0x08002fac   0x08002fac   0x000000ce   Code   RO         1164    .text.HAL_DMA_Init  stm32f4xx_hal_dma.o
    0x0800307a   0x0800307a   0x00000002   PAD
    0x0800307c   0x0800307c   0x00000062   Code   RO         1176    .text.HAL_DMA_Start_IT  stm32f4xx_hal_dma.o
    0x080030de   0x080030de   0x00000002   PAD
    0x080030e0   0x080030e0   0x00000028   Code   RO         1356    .text.HAL_Delay     stm32f4xx_hal.o
    0x08003108   0x08003108   0x0000019a   Code   RO         1124    .text.HAL_GPIO_Init  stm32f4xx_hal_gpio.o
    0x080032a2   0x080032a2   0x00000002   PAD
    0x080032a4   0x080032a4   0x0000000a   Code   RO         1130    .text.HAL_GPIO_WritePin  stm32f4xx_hal_gpio.o
    0x080032ae   0x080032ae   0x00000002   PAD
    0x080032b0   0x080032b0   0x0000000c   Code   RO         1348    .text.HAL_GetTick   stm32f4xx_hal.o
    0x080032bc   0x080032bc   0x00000198   Code   RO         1427    .text.HAL_I2C_Init  stm32f4xx_hal_i2c.o
    0x08003454   0x08003454   0x0000020e   Code   RO         1481    .text.HAL_I2C_Mem_Read  stm32f4xx_hal_i2c.o
    0x08003662   0x08003662   0x00000002   PAD
    0x08003664   0x08003664   0x0000012a   Code   RO         1477    .text.HAL_I2C_Mem_Write  stm32f4xx_hal_i2c.o
    0x0800378e   0x0800378e   0x00000002   PAD
    0x08003790   0x08003790   0x00000074   Code   RO          118    .text.HAL_I2C_MspInit  stm32f4xx_hal_msp.o
    0x08003804   0x08003804   0x0000001a   Code   RO         1346    .text.HAL_IncTick   stm32f4xx_hal.o
    0x0800381e   0x0800381e   0x00000002   PAD
    0x08003820   0x08003820   0x00000036   Code   RO         1336    .text.HAL_Init      stm32f4xx_hal.o
    0x08003856   0x08003856   0x00000002   PAD
    0x08003858   0x08003858   0x00000050   Code   RO         1338    .text.HAL_InitTick  stm32f4xx_hal.o
    0x080038a8   0x080038a8   0x00000038   Code   RO          112    .text.HAL_MspInit   stm32f4xx_hal_msp.o
    0x080038e0   0x080038e0   0x00000008   Code   RO         1276    .text.HAL_NVIC_EnableIRQ  stm32f4xx_hal_cortex.o
    0x080038e8   0x080038e8   0x0000001e   Code   RO         1268    .text.HAL_NVIC_SetPriority  stm32f4xx_hal_cortex.o
    0x08003906   0x08003906   0x00000002   PAD
    0x08003908   0x08003908   0x00000008   Code   RO         1264    .text.HAL_NVIC_SetPriorityGrouping  stm32f4xx_hal_cortex.o
    0x08003910   0x08003910   0x00000160   Code   RO          988    .text.HAL_RCC_ClockConfig  stm32f4xx_hal_rcc.o
    0x08003a70   0x08003a70   0x0000000c   Code   RO          998    .text.HAL_RCC_GetHCLKFreq  stm32f4xx_hal_rcc.o
    0x08003a7c   0x08003a7c   0x00000022   Code   RO         1000    .text.HAL_RCC_GetPCLK1Freq  stm32f4xx_hal_rcc.o
    0x08003a9e   0x08003a9e   0x00000002   PAD
    0x08003aa0   0x08003aa0   0x00000048   Code   RO          990    .text.HAL_RCC_GetSysClockFreq  stm32f4xx_hal_rcc.o
    0x08003ae8   0x08003ae8   0x00000348   Code   RO          986    .text.HAL_RCC_OscConfig  stm32f4xx_hal_rcc.o
    0x08003e30   0x08003e30   0x00000008   Code   RO         1288    .text.HAL_SYSTICK_Config  stm32f4xx_hal_cortex.o
    0x08003e38   0x08003e38   0x000000b8   Code   RO         1924    .text.HAL_TIMEx_MasterConfigSynchronization  stm32f4xx_hal_tim_ex.o
    0x08003ef0   0x08003ef0   0x000000b2   Code   RO         1724    .text.HAL_TIM_Encoder_Init  stm32f4xx_hal_tim.o
    0x08003fa2   0x08003fa2   0x00000002   PAD
    0x08003fa4   0x08003fa4   0x0000006e   Code   RO          122    .text.HAL_TIM_Encoder_MspInit  stm32f4xx_hal_msp.o
    0x08004012   0x08004012   0x00000002   PAD
    0x08004014   0x08004014   0x000000a4   Code   RO         1732    .text.HAL_TIM_Encoder_Start  stm32f4xx_hal_tim.o
    0x080040b8   0x080040b8   0x00000002   Code   RO           86    .text.HardFault_Handler  stm32f4xx_it.o
    0x080040ba   0x080040ba   0x00000002   PAD
    0x080040bc   0x080040bc   0x00000030   Code   RO         1587    .text.I2C_IsAcknowledgeFailed  stm32f4xx_hal_i2c.o
    0x080040ec   0x080040ec   0x0000010c   Code   RO         1483    .text.I2C_RequestMemoryRead  stm32f4xx_hal_i2c.o
    0x080041f8   0x080041f8   0x000000c0   Code   RO         1479    .text.I2C_RequestMemoryWrite  stm32f4xx_hal_i2c.o
    0x080042b8   0x080042b8   0x0000005e   Code   RO         1443    .text.I2C_WaitOnBTFFlagUntilTimeout  stm32f4xx_hal_i2c.o
    0x08004316   0x08004316   0x00000002   PAD
    0x08004318   0x08004318   0x00000074   Code   RO         1437    .text.I2C_WaitOnFlagUntilTimeout  stm32f4xx_hal_i2c.o
    0x0800438c   0x0800438c   0x0000008c   Code   RO         1585    .text.I2C_WaitOnMasterAddressFlagUntilTimeout  stm32f4xx_hal_i2c.o
    0x08004418   0x08004418   0x0000005e   Code   RO         1449    .text.I2C_WaitOnRXNEFlagUntilTimeout  stm32f4xx_hal_i2c.o
    0x08004476   0x08004476   0x00000002   PAD
    0x08004478   0x08004478   0x0000005e   Code   RO         1441    .text.I2C_WaitOnTXEFlagUntilTimeout  stm32f4xx_hal_i2c.o
    0x080044d6   0x080044d6   0x00000002   PAD
    0x080044d8   0x080044d8   0x0000018e   Code   RO          422    .text.InitializeVariables  variable.o
    0x08004666   0x08004666   0x00000002   PAD
    0x08004668   0x08004668   0x00000242   Code   RO          258    .text.Keys4Menu     menu.o
    0x080048aa   0x080048aa   0x00000002   PAD
    0x080048ac   0x080048ac   0x0000001a   Code   RO          343    .text.LCD_Clear     n1202.o
    0x080048c6   0x080048c6   0x00000002   PAD
    0x080048c8   0x080048c8   0x0000007a   Code   RO          361    .text.LCD_DrawBitmap  n1202.o
    0x08004942   0x08004942   0x00000002   PAD
    0x08004944   0x08004944   0x0000001a   Code   RO          353    .text.LCD_DrawFastHLine  n1202.o
    0x0800495e   0x0800495e   0x00000002   PAD
    0x08004960   0x08004960   0x0000001a   Code   RO          351    .text.LCD_DrawFastVLine  n1202.o
    0x0800497a   0x0800497a   0x00000002   PAD
    0x0800497c   0x0800497c   0x0000009a   Code   RO          349    .text.LCD_DrawLine  n1202.o
    0x08004a16   0x08004a16   0x00000002   PAD
    0x08004a18   0x08004a18   0x00000046   Code   RO          347    .text.LCD_DrawPixel  n1202.o
    0x08004a5e   0x08004a5e   0x00000002   PAD
    0x08004a60   0x08004a60   0x00000046   Code   RO          355    .text.LCD_DrawRect  n1202.o
    0x08004aa6   0x08004aa6   0x00000002   PAD
    0x08004aa8   0x08004aa8   0x00000024   Code   RO          375    .text.LCD_Init      n1202.o
    0x08004acc   0x08004acc   0x0000012e   Code   RO          341    .text.LCD_SendByte  n1202.o
    0x08004bfa   0x08004bfa   0x00000002   PAD
    0x08004bfc   0x08004bfc   0x00000040   Code   RO          345    .text.LCD_Update    n1202.o
    0x08004c3c   0x08004c3c   0x00000056   Code   RO          373    .text.LCD_WriteMenuStatus  n1202.o
    0x08004c92   0x08004c92   0x00000002   PAD
    0x08004c94   0x08004c94   0x00000034   Code   RO          367    .text.LCD_write_str  n1202.o
    0x08004cc8   0x08004cc8   0x0000004c   Code   RO          369    .text.LCD_write_str_middle  n1202.o
    0x08004d14   0x08004d14   0x000000c8   Code   RO          169    .text.LoadDefaultValues  eeprom.o
    0x08004ddc   0x08004ddc   0x000000d4   Code   RO           49    .text.MX_ADC1_Init  main.o
    0x08004eb0   0x08004eb0   0x00000036   Code   RO           43    .text.MX_DMA_Init   main.o
    0x08004ee6   0x08004ee6   0x00000002   PAD
    0x08004ee8   0x08004ee8   0x0000024c   Code   RO           41    .text.MX_GPIO_Init  main.o
    0x08005134   0x08005134   0x0000003e   Code   RO           45    .text.MX_I2C1_Init  main.o
    0x08005172   0x08005172   0x00000002   PAD
    0x08005174   0x08005174   0x0000006e   Code   RO           47    .text.MX_TIM3_Init  main.o
    0x080051e2   0x080051e2   0x00000002   PAD
    0x080051e4   0x080051e4   0x00000076   Code   RO          266    .text.MakeDayCounterTemporaryID  menu.o
    0x0800525a   0x0800525a   0x00000002   PAD
    0x0800525c   0x0800525c   0x00000002   Code   RO           88    .text.MemManage_Handler  stm32f4xx_it.o
    0x0800525e   0x0800525e   0x00000002   PAD
    0x08005260   0x08005260   0x00006554   Code   RO          270    .text.Menu          menu.o
    0x0800b7b4   0x0800b7b4   0x000005d2   Code   RO          409    .text.Module_SerialDataTransmition  serial.o
    0x0800bd86   0x0800bd86   0x00000002   PAD
    0x0800bd88   0x0800bd88   0x00000002   Code   RO           84    .text.NMI_Handler   stm32f4xx_it.o
    0x0800bd8a   0x0800bd8a   0x00000002   PAD
    0x0800bd8c   0x0800bd8c   0x0000002c   Code   RO         1274    .text.NVIC_EncodePriority  stm32f4xx_hal_cortex.o
    0x0800bdb8   0x0800bdb8   0x00000030   Code   RO          240    .text.PR_SendData   hardware.o
    0x0800bde8   0x0800bde8   0x0000016c   Code   RO          194    .text.PT_RMS_Calculate  hardware.o
    0x0800bf54   0x0800bf54   0x000001b8   Code   RO          407    .text.ParallelAnalog_OD_Module_SerialDataTransmition  serial.o
    0x0800c10c   0x0800c10c   0x00000002   Code   RO           98    .text.PendSV_Handler  stm32f4xx_it.o
    0x0800c10e   0x0800c10e   0x00000002   PAD
    0x0800c110   0x0800c110   0x00000118   Code   RO          173    .text.PrintAndSaveDefaultValue  eeprom.o
    0x0800c228   0x0800c228   0x00000044   Code   RO          163    .text.ReadBoardFixedID  eeprom.o
    0x0800c26c   0x0800c26c   0x000000f8   Code   RO          167    .text.ReadDataFromEEPROM  eeprom.o
    0x0800c364   0x0800c364   0x00000098   Code   RO          157    .text.ReadDayCounterValues  eeprom.o
    0x0800c3fc   0x0800c3fc   0x00000050   Code   RO          161    .text.ReadErrorList  eeprom.o
    0x0800c44c   0x0800c44c   0x00000002   Code   RO           94    .text.SVC_Handler   stm32f4xx_it.o
    0x0800c44e   0x0800c44e   0x00000002   PAD
    0x0800c450   0x0800c450   0x000000ea   Code   RO          165    .text.SaveDataToEEPROM  eeprom.o
    0x0800c53a   0x0800c53a   0x00000002   PAD
    0x0800c53c   0x0800c53c   0x0000005e   Code   RO          155    .text.SaveDayCounterValues  eeprom.o
    0x0800c59a   0x0800c59a   0x00000002   PAD
    0x0800c59c   0x0800c59c   0x00000050   Code   RO          159    .text.SaveErrorList  eeprom.o
    0x0800c5ec   0x0800c5ec   0x00000060   Code   RO          151    .text.SaveHwKeyPassword  eeprom.o
    0x0800c64c   0x0800c64c   0x00000116   Code   RO          262    .text.SelChg        menu.o
    0x0800c762   0x0800c762   0x00000002   PAD
    0x0800c764   0x0800c764   0x0000012a   Code   RO           33    .text.SelectorChange  main.o
    0x0800c88e   0x0800c88e   0x00000002   PAD
    0x0800c890   0x0800c890   0x00000120   Code   RO          260    .text.SetCarcodecTransferHWAddressArray  menu.o
    0x0800c9b0   0x0800c9b0   0x000001d0   Code   RO          171    .text.SetFixedBoardID  eeprom.o
    0x0800cb80   0x0800cb80   0x0000007c   Code   RO          420    .text.Set_FirstValueInArrays  variable.o
    0x0800cbfc   0x0800cbfc   0x00000050   Code   RO          196    .text.SevenBitToByte  hardware.o
    0x0800cc4c   0x0800cc4c   0x00000038   Code   RO          177    .text.Show_PleaseWait  eeprom.o
    0x0800cc84   0x0800cc84   0x0000002e   Code   RO         1290    .text.SysTick_Config  stm32f4xx_hal_cortex.o
    0x0800ccb2   0x0800ccb2   0x00000002   PAD
    0x0800ccb4   0x0800ccb4   0x00000008   Code   RO          100    .text.SysTick_Handler  stm32f4xx_it.o
    0x0800ccbc   0x0800ccbc   0x000000a8   Code   RO           39    .text.SystemClock_Config  main.o
    0x0800cd64   0x0800cd64   0x00000012   Code   RO         1948    .text.SystemInit    system_stm32f4xx.o
    0x0800cd76   0x0800cd76   0x00000002   PAD
    0x0800cd78   0x0800cd78   0x0000032e   Code   RO           80    .text.TIM2_IRQHandler  stm32f4xx_it.o
    0x0800d0a6   0x0800d0a6   0x00000002   PAD
    0x0800d0a8   0x0800d0a8   0x0000003c   Code   RO          200    .text.TIM2_Init     hardware.o
    0x0800d0e4   0x0800d0e4   0x00000030   Code   RO           82    .text.TIM3_IRQHandler  stm32f4xx_it.o
    0x0800d114   0x0800d114   0x0000034e   Code   RO           76    .text.TIM4_IRQHandler  stm32f4xx_it.o
    0x0800d462   0x0800d462   0x00000002   PAD
    0x0800d464   0x0800d464   0x0000003c   Code   RO          204    .text.TIM4_Init     hardware.o
    0x0800d4a0   0x0800d4a0   0x0000029a   Code   RO           78    .text.TIM5_IRQHandler  stm32f4xx_it.o
    0x0800d73a   0x0800d73a   0x00000002   PAD
    0x0800d73c   0x0800d73c   0x0000003a   Code   RO          206    .text.TIM5_Init     hardware.o
    0x0800d776   0x0800d776   0x00000002   PAD
    0x0800d778   0x0800d778   0x00000124   Code   RO         1614    .text.TIM_Base_SetConfig  stm32f4xx_hal_tim.o
    0x0800d89c   0x0800d89c   0x00000024   Code   RO         1648    .text.TIM_CCxChannelCmd  stm32f4xx_hal_tim.o
    0x0800d8c0   0x0800d8c0   0x00000074   Code   RO          228    .text.UART4_Init    hardware.o
    0x0800d934   0x0800d934   0x000000ac   Code   RO          234    .text.UART5_Init    hardware.o
    0x0800d9e0   0x0800d9e0   0x00000074   Code   RO          210    .text.USART1_Init   hardware.o
    0x0800da54   0x0800da54   0x00000074   Code   RO          216    .text.USART2_Init   hardware.o
    0x0800dac8   0x0800dac8   0x00000074   Code   RO          222    .text.USART3_Init   hardware.o
    0x0800db3c   0x0800db3c   0x00000002   Code   RO           92    .text.UsageFault_Handler  stm32f4xx_it.o
    0x0800db3e   0x0800db3e   0x00000002   PAD
    0x0800db40   0x0800db40   0x00000010   Code   RO           51    .text.__NVIC_EnableIRQ  main.o
    0x0800db50   0x0800db50   0x00000020   Code   RO          202    .text.__NVIC_EnableIRQ  hardware.o
    0x0800db70   0x0800db70   0x00000020   Code   RO         1278    .text.__NVIC_EnableIRQ  stm32f4xx_hal_cortex.o
    0x0800db90   0x0800db90   0x00000010   Code   RO         1270    .text.__NVIC_GetPriorityGrouping  stm32f4xx_hal_cortex.o
    0x0800dba0   0x0800dba0   0x00000022   Code   RO         1272    .text.__NVIC_SetPriority  stm32f4xx_hal_cortex.o
    0x0800dbc2   0x0800dbc2   0x00000002   PAD
    0x0800dbc4   0x0800dbc4   0x00000020   Code   RO         1266    .text.__NVIC_SetPriorityGrouping  stm32f4xx_hal_cortex.o
    0x0800dbe4   0x0800dbe4   0x00000008   Code   RO          339    .text.abs1          n1202.o
    0x0800dbec   0x0800dbec   0x00000036   Code   RO          363    .text.bit_set       n1202.o
    0x0800dc22   0x0800dc22   0x00000002   PAD
    0x0800dc24   0x0800dc24   0x0000004a   Code   RO          138    .text.ee24_read     at24cxx.o
    0x0800dc6e   0x0800dc6e   0x00000002   PAD
    0x0800dc70   0x0800dc70   0x000000a4   Code   RO          136    .text.ee24_write    at24cxx.o
    0x0800dd14   0x0800dd14   0x00000008   Code   RO         1967    .text.gsm_init      test.o
    0x0800dd1c   0x0800dd1c   0x000000ce   Code   RO         1986    .text.ini_cpu_timer  cpu_timer.o
    0x0800ddea   0x0800ddea   0x00000002   PAD
    0x0800ddec   0x0800ddec   0x0000001e   Code   RO         2005    .text.json_find     json.o
    0x0800de0a   0x0800de0a   0x00000002   PAD
    0x0800de0c   0x0800de0c   0x000000a4   Code   RO         2007    .text.json_get_data  json.o
    0x0800deb0   0x0800deb0   0x00001178   Code   RO           37    .text.main          main.o
    0x0800f028   0x0800f028   0x00000066   Code   RO         2052    .text.modbus_get_data_dma  modbus.o
    0x0800f08e   0x0800f08e   0x00000002   PAD
    0x0800f090   0x0800f090   0x00000074   Code   RO         2069    .text.modbus_master_write_register_MULTI  modbus_master.o
    0x0800f104   0x0800f104   0x00000120   Code   RO         2048    .text.modbus_slave_manage  modbus.o
    0x0800f224   0x0800f224   0x0000033a   Code   RO         2092    .text.server_protocol_data_manage  write_settng.o
    0x0800f55e   0x0800f55e   0x00000002   PAD
    0x0800f560   0x0800f560   0x000000fc   Code   RO         2017    .text.server_protocol_json  json.o
    0x0800f65c   0x0800f65c   0x000000a0   Code   RO          365    .text.showchar2     n1202.o
    0x0800f6fc   0x0800f6fc   0x00000016   Code   RO          876    .text.stdout_putchar  stdout_user.o
    0x0800f712   0x0800f712   0x00000002   PAD
    0x0800f714   0x0800f714   0x00000010   Code   RO         2003    .text.strfind       json.o
    0x0800f724   0x0800f724   0x00000120   Code   RO         1963    .text.test_modbus   test.o
    0x0800f844   0x0800f844   0x00000108   Code   RO         1990    .text.timer_basic_manager  cpu_timer.o
    0x0800f94c   0x0800f94c   0x0000003e   Code   RO         2319    CL$$btod_d2e        c_w.l(btod.o)
    0x0800f98a   0x0800f98a   0x00000046   Code   RO         2321    CL$$btod_d2e_denorm_low  c_w.l(btod.o)
    0x0800f9d0   0x0800f9d0   0x00000060   Code   RO         2320    CL$$btod_d2e_norm_op1  c_w.l(btod.o)
    0x0800fa30   0x0800fa30   0x00000338   Code   RO         2329    CL$$btod_div_common  c_w.l(btod.o)
    0x0800fd68   0x0800fd68   0x000000dc   Code   RO         2326    CL$$btod_e2e        c_w.l(btod.o)
    0x0800fe44   0x0800fe44   0x0000002a   Code   RO         2323    CL$$btod_ediv       c_w.l(btod.o)
    0x0800fe6e   0x0800fe6e   0x0000002a   Code   RO         2322    CL$$btod_emul       c_w.l(btod.o)
    0x0800fe98   0x0800fe98   0x00000244   Code   RO         2328    CL$$btod_mult_common  c_w.l(btod.o)
    0x080100dc   0x080100dc   0x00000030   Code   RO         2350    i.__ARM_fpclassify  m_wm.l(fpclassify.o)
    0x0801010c   0x0801010c   0x0000007a   Code   RO         2229    i.__hardfp_sqrt     m_wm.l(sqrt.o)
    0x08010186   0x08010186   0x0000000e   Code   RO         2153    i._is_digit         c_w.l(__printf_wp.o)
    0x08010194   0x08010194   0x0000002c   Code   RO         2344    locale$$code        c_w.l(lc_numeric_c.o)
    0x080101c0   0x080101c0   0x0000002c   Code   RO         2359    locale$$code        c_w.l(lc_ctype_c.o)
    0x080101ec   0x080101ec   0x00000062   Code   RO         2195    x$fpl$d2f           fz_wm.l(d2f.o)
    0x0801024e   0x0801024e   0x00000018   Code   RO         2346    x$fpl$dcmpinf       fz_wm.l(dcmpi.o)
    0x08010266   0x08010266   0x00000002   PAD
    0x08010268   0x08010268   0x000002b4   Code   RO         2206    x$fpl$ddiv          fz_wm.l(ddiv.o)
    0x0801051c   0x0801051c   0x00000078   Code   RO         2264    x$fpl$deqf          fz_wm.l(deqf.o)
    0x08010594   0x08010594   0x0000005e   Code   RO         2209    x$fpl$dfix          fz_wm.l(dfix.o)
    0x080105f2   0x080105f2   0x00000026   Code   RO         2213    x$fpl$dfltu         fz_wm.l(dflt_clz.o)
    0x08010618   0x08010618   0x0000008a   Code   RO         2220    x$fpl$dfltull       fz_wm.l(dfltll_clz.o)
    0x080106a2   0x080106a2   0x00000002   PAD
    0x080106a4   0x080106a4   0x00000078   Code   RO         2266    x$fpl$dgeqf         fz_wm.l(dgeqf.o)
    0x0801071c   0x0801071c   0x00000078   Code   RO         2268    x$fpl$dleqf         fz_wm.l(dleqf.o)
    0x08010794   0x08010794   0x00000154   Code   RO         2223    x$fpl$dmul          fz_wm.l(dmul.o)
    0x080108e8   0x080108e8   0x0000009c   Code   RO         2270    x$fpl$dnaninf       fz_wm.l(dnaninf.o)
    0x08010984   0x08010984   0x0000000c   Code   RO         2272    x$fpl$dretinf       fz_wm.l(dretinf.o)
    0x08010990   0x08010990   0x00000198   Code   RO         2274    x$fpl$dsqrt         fz_wm.l(dsqrt_umaal.o)
    0x08010b28   0x08010b28   0x00000056   Code   RO         2225    x$fpl$f2d           fz_wm.l(f2d.o)
    0x08010b7e   0x08010b7e   0x00000054   Code   RO         2203    x$fpl$fcmp          fz_wm.l(dcmp.o)
    0x08010bd2   0x08010bd2   0x0000008c   Code   RO         2276    x$fpl$fnaninf       fz_wm.l(fnaninf.o)
    0x08010c5e   0x08010c5e   0x0000001a   Code   RO         2430    x$fpl$fpinit        fz_wm.l(fpinit.o)
    0x08010c78   0x08010c78   0x0000000a   Code   RO         2278    x$fpl$fretinf       fz_wm.l(fretinf.o)
    0x08010c82   0x08010c82   0x00000004   Code   RO         2227    x$fpl$printf1       fz_wm.l(printf1.o)
    0x08010c86   0x08010c86   0x00000000   Code   RO         2280    x$fpl$usenofp       fz_wm.l(usenofp.o)
    0x08010c86   0x08010c86   0x00000011   Data   RO         2156    .constdata          c_w.l(__printf_flags_wp.o)
    0x08010c97   0x08010c97   0x00000001   PAD
    0x08010c98   0x08010c98   0x00000094   Data   RO         2317    .constdata          c_w.l(bigflt0.o)
    0x08010d2c   0x08010d2c   0x00000010   Data   RO         1953    .rodata.AHBPrescTable  system_stm32f4xx.o
    0x08010d3c   0x08010d3c   0x00000008   Data   RO         1954    .rodata.APBPrescTable  system_stm32f4xx.o
    0x08010d44   0x08010d44   0x000001c0   Data   RO           57    .rodata.ErrorNameList  main.o
    0x08010f04   0x08010f04   0x00000050   Data   RO          326    .rodata.List_HwCarInputs  menu.o
    0x08010f54   0x08010f54   0x00000078   Data   RO          328    .rodata.List_HwCarOutputs  menu.o
    0x08010fcc   0x08010fcc   0x0000005c   Data   RO          319    .rodata.List_HwMainInputs  menu.o
    0x08011028   0x08011028   0x00000090   Data   RO          321    .rodata.List_HwMainOutputs  menu.o
    0x080110b8   0x080110b8   0x00000034   Data   RO          323    .rodata.List_HwPBInputs  menu.o
    0x080110ec   0x080110ec   0x00000008   Data   RO          322    .rodata.List_HwType  menu.o
    0x080110f4   0x080110f4   0x0000005a   Data   RO          325    .rodata.List_ProgCarInputs  menu.o
    0x0801114e   0x0801114e   0x00000069   Data   RO          327    .rodata.List_ProgCarOutputs  menu.o
    0x080111b7   0x080111b7   0x00000078   Data   RO          318    .rodata.List_ProgMainInputs  menu.o
    0x0801122f   0x0801122f   0x000000c8   Data   RO          320    .rodata.List_ProgMainOutputs  menu.o
    0x080112f7   0x080112f7   0x00000018   Data   RO           56    .rodata.List_SegmentChoice  main.o
    0x0801130f   0x0801130f   0x00000018   Data   RO          312    .rodata.List_SegmentChoices  menu.o
    0x08011327   0x08011327   0x00000040   Data   RO          324    .rodata.List_SegmentsOutputs  menu.o
    0x08011367   0x08011367   0x000001e6   Data   RO          317    .rodata.List_TalkChoices  menu.o
    0x0801154d   0x0801154d   0x000002b0   Data   RO           62    .rodata.LogoRavis   main.o
    0x080117fd   0x080117fd   0x00000003   PAD
    0x08011800   0x08011800   0x00000dac   Data   RO          179    .rodata.ResetFactory  eeprom.o
    0x080125ac   0x080125ac   0x0000000a   Data   RO          313    .rodata.S_Box       menu.o
    0x080125b6   0x080125b6   0x0000003c   Data   RO           55    .rodata.SpeedList   main.o
    0x080125f2   0x080125f2   0x00000960   Data   RO          377    .rodata.font12x15   n1202.o
    0x08012f52   0x08012f52   0x000001d9   Data   RO           59    .rodata.str1.1      main.o
    0x0801312b   0x0801312b   0x0000000d   Data   RO          316    .rodata.str1.1      menu.o
    0x08013138   0x08013138   0x00000019   Data   RO         2094    .rodata.str1.1      write_settng.o
    0x08013151   0x08013151   0x00000003   PAD
    0x08013154   0x08013154   0x00000053   Data   RO          180    .rodata.str1.4      eeprom.o
    0x080131a7   0x080131a7   0x00000001   PAD
    0x080131a8   0x080131a8   0x00000011   Data   RO          411    .rodata.str1.4      serial.o
    0x080131b9   0x080131b9   0x00000003   PAD
    0x080131bc   0x080131bc   0x00000012   Data   RO         1976    .rodata.str1.4      test.o
    0x080131ce   0x080131ce   0x00000002   PAD
    0x080131d0   0x080131d0   0x00000018   Data   RO         2030    .rodata.str1.4      json.o
    0x080131e8   0x080131e8   0x00000020   Data   RO         2506    Region$$Table       anon$$obj.o
    0x08013208   0x08013208   0x0000001c   Data   RO         2343    locale$$data        c_w.l(lc_numeric_c.o)
    0x08013224   0x08013224   0x00000110   Data   RO         2358    locale$$data        c_w.l(lc_ctype_c.o)


    Execution Region RW_IRAM1 (Exec base: 0x20000000, Load base: 0x08013338, Size: 0x00006f80, Max: 0x0001c000, ABSOLUTE, COMPRESSED[0x00000438])

    Exec Addr    Load Addr    Size         Type   Attr      Idx    E Section Name        Object

    0x20000000   COMPRESSED   0x00000004   Data   RW          561    .data.BatteryVoltage  variable.o
    0x20000004   COMPRESSED   0x00000002   Data   RW          800    .data.DOOR_OPEN_TIME_REF  variable.o
    0x20000006   COMPRESSED   0x00000001   Data   RW          527    .data.DayCounter_Day  variable.o
    0x20000007   COMPRESSED   0x00000001   Data   RW          451    .data.FirstInDayCounterMenu  variable.o
    0x20000008   COMPRESSED   0x00000004   Data   RW          272    .data.HEIGHT_CHAR   menu.o
    0x2000000c   COMPRESSED   0x00000001   Data   RW          710    .data.InCA1         variable.o
    0x2000000d   COMPRESSED   0x00000001   Data   RW          711    .data.InCAN         variable.o
    0x2000000e   COMPRESSED   0x00000012   Data   RW          295    .data.List_1CFError  menu.o
    0x20000020   COMPRESSED   0x0000001a   Data   RW          297    .data.List_1CF_Delay  menu.o
    0x2000003a   COMPRESSED   0x0000004b   Data   RW          275    .data.List_AdvanceMenu  menu.o
    0x20000085   COMPRESSED   0x00000016   Data   RW          290    .data.List_Calibration  menu.o
    0x2000009b   COMPRESSED   0x00000012   Data   RW          282    .data.List_DisableEnable  menu.o
    0x200000ad   COMPRESSED   0x00000018   Data   RW          280    .data.List_DoorControlType  menu.o
    0x200000c5   COMPRESSED   0x0000001a   Data   RW          283    .data.List_DoorSecond  menu.o
    0x200000df   COMPRESSED   0x00000027   Data   RW          278    .data.List_DoorSetting  menu.o
    0x20000106   COMPRESSED   0x00000088   Data   RW          279    .data.List_DoorTime  menu.o
    0x2000018e   COMPRESSED   0x00000024   Data   RW          310    .data.List_Drive    menu.o
    0x200001b2   COMPRESSED   0x00000036   Data   RW          311    .data.List_DriveConnection  menu.o
    0x200001e8   COMPRESSED   0x00000016   Data   RW          294    .data.List_Emergency  menu.o
    0x200001fe   COMPRESSED   0x0000003c   Data   RW          285    .data.List_FloorSetting  menu.o
    0x2000023a   COMPRESSED   0x000000c3   Data   RW          274    .data.List_GeneralMenu  menu.o
    0x200002fd   COMPRESSED   0x0000001e   Data   RW          306    .data.List_HW_Car_Num_Type  menu.o
    0x2000031b   COMPRESSED   0x0000002d   Data   RW          305    .data.List_HW_Car_PB_Type  menu.o
    0x20000348   COMPRESSED   0x00000054   Data   RW          307    .data.List_HW_Carcodec  menu.o
    0x2000039c   COMPRESSED   0x00000062   Data   RW          302    .data.List_HW_MainBorad  menu.o
    0x200003fe   COMPRESSED   0x00000020   Data   RW          304    .data.List_HW_Main_Num_Type  menu.o
    0x2000041e   COMPRESSED   0x00000030   Data   RW          303    .data.List_HW_Main_PB_Type  menu.o
    0x2000044e   COMPRESSED   0x00000048   Data   RW          309    .data.List_HW_Num   menu.o
    0x20000496   COMPRESSED   0x00000036   Data   RW          308    .data.List_HW_PB    menu.o
    0x200004cc   COMPRESSED   0x0000004b   Data   RW          287    .data.List_HYDSetting  menu.o
    0x20000517   COMPRESSED   0x00000018   Data   RW          301    .data.List_Hardware  menu.o
    0x2000052f   COMPRESSED   0x0000002a   Data   RW          276    .data.List_InformationMenu  menu.o
    0x20000559   COMPRESSED   0x00000090   Data   RW          288    .data.List_Landing  menu.o
    0x200005e9   COMPRESSED   0x00000024   Data   RW          289    .data.List_LandingBased  menu.o
    0x2000060d   COMPRESSED   0x0000002d   Data   RW          273    .data.List_MainMenu  menu.o
    0x2000063a   COMPRESSED   0x0000004b   Data   RW          286    .data.List_MotorSafe  menu.o
    0x20000685   COMPRESSED   0x0000002d   Data   RW          299    .data.List_PhaseControl  menu.o
    0x200006b2   COMPRESSED   0x0000001a   Data   RW          298    .data.List_RelayTime  menu.o
    0x200006cc   COMPRESSED   0x0000000c   Data   RW          291    .data.List_SelectDirection  menu.o
    0x200006d8   COMPRESSED   0x00000018   Data   RW          292    .data.List_SelectSpeed  menu.o
    0x200006f0   COMPRESSED   0x00000044   Data   RW          277    .data.List_ServiceType  menu.o
    0x20000734   COMPRESSED   0x0000003c   Data   RW          284    .data.List_SoundSetting  menu.o
    0x20000770   COMPRESSED   0x0000001e   Data   RW          293    .data.List_Speed    menu.o
    0x2000078e   COMPRESSED   0x00000077   Data   RW          296    .data.List_TimerSetting  menu.o
    0x20000805   COMPRESSED   0x0000001c   Data   RW          300    .data.List_TypeElevator  menu.o
    0x20000821   COMPRESSED   0x00000001   Data   RW          786    .data.Move          variable.o
    0x20000822   COMPRESSED   0x00000002   PAD
    0x20000824   COMPRESSED   0x00000004   Data   RW          563    .data.PowerVoltageCabin  variable.o
    0x20000828   COMPRESSED   0x00000004   Data   RW          562    .data.PowerVoltageMainBoard  variable.o
    0x2000082c   COMPRESSED   0x00000001   Data   RW          452    .data.SlaveCLK_Level  variable.o
    0x2000082d   COMPRESSED   0x00000003   PAD
    0x20000830   COMPRESSED   0x00000004   Data   RW         1952    .data.SystemCoreClock  system_stm32f4xx.o
    0x20000834   COMPRESSED   0x00000002   Data   RW          647    .data.TimeToOpenDoor  variable.o
    0x20000836   COMPRESSED   0x00000001   Data   RW         1391    .data.uwTickFreq    stm32f4xx_hal.o
    0x20000837   COMPRESSED   0x00000001   PAD
    0x20000838   COMPRESSED   0x00000004   Data   RW         1390    .data.uwTickPrio    stm32f4xx_hal.o
    0x2000083c   COMPRESSED   0x00000004   PAD
    0x20000840        -       0x00000060   Zero   RW         2282    .bss                c_w.l(libspace.o)
    0x200008a0        -       0x00000004   Zero   RW          839    .bss.ADCToVoltageFactor  variable.o
    0x200008a4        -       0x00000001   Zero   RW          702    .bss.Alarm_LowVoltge24  variable.o
    0x200008a5   COMPRESSED   0x00000001   PAD
    0x200008a6        -       0x00000002   Zero   RW          636    .bss.BackLightOffTimer  variable.o
    0x200008a8        -       0x00000004   Zero   RW          833    .bss.BoardFixedID   variable.o
    0x200008ac        -       0x00000001   Zero   RW          481    .bss.CAB_ClearDataInDataLostF  variable.o
    0x200008ad   COMPRESSED   0x00000001   PAD
    0x200008ae        -       0x00000002   Zero   RW          494    .bss.CAB_DataLost   variable.o
    0x200008b0        -       0x00000002   Zero   RW          493    .bss.CAB_GetDataCount  variable.o
    0x200008b2        -       0x00000002   Zero   RW          487    .bss.CAB_GetDataCounter  variable.o
    0x200008b4        -       0x00000002   Zero   RW          489    .bss.CAB_GetDataTimer  variable.o
    0x200008b6        -       0x00000002   Zero   RW          476    .bss.CAB_LastTxDMACNT  variable.o
    0x200008b8        -       0x00000001   Zero   RW          480    .bss.CAB_NewPacketF  variable.o
    0x200008b9   COMPRESSED   0x00000001   PAD
    0x200008ba        -       0x00000002   Zero   RW          483    .bss.CAB_PacketCounter  variable.o
    0x200008bc        -       0x00000002   Zero   RW          484    .bss.CAB_PacketError  variable.o
    0x200008be        -       0x00000002   Zero   RW          485    .bss.CAB_PacketLen  variable.o
    0x200008c0        -       0x00000002   Zero   RW          482    .bss.CAB_RXDataCNT  variable.o
    0x200008c2        -       0x0000012c   Zero   RW          819    .bss.CAB_RX_Buffer  variable.o
    0x200009ee        -       0x00000032   Zero   RW          820    .bss.CAB_ReceivedByte  variable.o
    0x20000a20        -       0x00000002   Zero   RW          492    .bss.CAB_SendDataCount  variable.o
    0x20000a22        -       0x00000002   Zero   RW          486    .bss.CAB_SendDataCounter  variable.o
    0x20000a24        -       0x00000002   Zero   RW          488    .bss.CAB_SyncStatus  variable.o
    0x20000a26        -       0x00000002   Zero   RW          490    .bss.CAB_TX_AfterLastByteTimer  variable.o
    0x20000a28        -       0x0000012c   Zero   RW          818    .bss.CAB_TX_Buffer  variable.o
    0x20000b54        -       0x00000064   Zero   RW          828    .bss.CAB_TransferHWAdd  variable.o
    0x20000bb8        -       0x00000004   Zero   RW          479    .bss.CAB_TxDMA_CR_Val  variable.o
    0x20000bbc        -       0x00000001   Zero   RW          477    .bss.CAB_TxModeF    variable.o
    0x20000bbd        -       0x00000013   Zero   RW          570    .bss.CIn            variable.o
    0x20000bd0        -       0x00000004   Zero   RW          802    .bss.CMD_FOut       variable.o
    0x20000bd4        -       0x00000001   Zero   RW          767    .bss.CMD_MP3File    variable.o
    0x20000bd5        -       0x00000001   Zero   RW          768    .bss.CMD_Speed      variable.o
    0x20000bd6        -       0x00000001   Zero   RW          571    .bss.CMD_URA        variable.o
    0x20000bd7        -       0x00000010   Zero   RW          572    .bss.COut           variable.o
    0x20000be7        -       0x00000001   Zero   RW          543    .bss.CT1_RMS        variable.o
    0x20000be8        -       0x00000001   Zero   RW          544    .bss.CT2_RMS        variable.o
    0x20000be9        -       0x00000001   Zero   RW          777    .bss.Calibration    variable.o
    0x20000bea        -       0x00000001   Zero   RW          795    .bss.Counter1CF     variable.o
    0x20000beb   COMPRESSED   0x00000001   PAD
    0x20000bec        -       0x00000002   Zero   RW          799    .bss.CounterCF3     variable.o
    0x20000bee        -       0x0000012c   Zero   RW          817    .bss.DBLX_RX_Buffer  variable.o
    0x20000d1a        -       0x0000012c   Zero   RW          816    .bss.DBLX_TX_Buffer  variable.o
    0x20000e46   COMPRESSED   0x00000002   PAD
    0x20000e48        -       0x00000004   Zero   RW          474    .bss.DBLX_TxDMA_CR_Val  variable.o
    0x20000e4c        -       0x00000001   Zero   RW          472    .bss.DBLX_TxModeF   variable.o
    0x20000e4d   COMPRESSED   0x00000001   PAD
    0x20000e4e        -       0x00000002   Zero   RW          524    .bss.DRV_GetDataTimer  variable.o
    0x20000e50        -       0x00000002   Zero   RW          511    .bss.DRV_LastRxDMACNT  variable.o
    0x20000e52        -       0x00000002   Zero   RW          512    .bss.DRV_LastTxDMACNT  variable.o
    0x20000e54        -       0x00000001   Zero   RW          518    .bss.DRV_LinkLED_Status  variable.o
    0x20000e55   COMPRESSED   0x00000001   PAD
    0x20000e56        -       0x00000002   Zero   RW          513    .bss.DRV_RXDataCNT  variable.o
    0x20000e58        -       0x0000012c   Zero   RW          825    .bss.DRV_RX_Buffer  variable.o
    0x20000f84        -       0x00000001   Zero   RW          515    .bss.DRV_RxModeF    variable.o
    0x20000f85   COMPRESSED   0x00000001   PAD
    0x20000f86        -       0x00000002   Zero   RW          523    .bss.DRV_SyncStatus  variable.o
    0x20000f88        -       0x00000002   Zero   RW          525    .bss.DRV_TX_AfterLastByteTimer  variable.o
    0x20000f8a        -       0x0000012c   Zero   RW          824    .bss.DRV_TX_Buffer  variable.o
    0x200010b6   COMPRESSED   0x00000002   PAD
    0x200010b8        -       0x00000004   Zero   RW          516    .bss.DRV_TxDMA_CR_Val  variable.o
    0x200010bc        -       0x00000001   Zero   RW          514    .bss.DRV_TxModeF    variable.o
    0x200010bd        -       0x00000001   Zero   RW          530    .bss.DayAccuracy    variable.o
    0x200010be   COMPRESSED   0x00000002   PAD
    0x200010c0        -       0x00000004   Zero   RW          532    .bss.DayCounterPassword30Day  variable.o
    0x200010c4        -       0x00000004   Zero   RW          531    .bss.DayCounterPassword50Day  variable.o
    0x200010c8        -       0x00000004   Zero   RW          533    .bss.DayCounterPasswordPermanent  variable.o
    0x200010cc        -       0x00000002   Zero   RW          639    .bss.DayCounterTemporaryTimer  variable.o
    0x200010ce        -       0x00000001   Zero   RW          528    .bss.DayCounter_Hour  variable.o
    0x200010cf        -       0x00000001   Zero   RW          529    .bss.DayCounter_Minutes  variable.o
    0x200010d0        -       0x00000001   Zero   RW          526    .bss.DayCounter_Status  variable.o
    0x200010d1   COMPRESSED   0x00000001   PAD
    0x200010d2        -       0x00000002   Zero   RW          643    .bss.DriveRestTime  variable.o
    0x200010d4        -       0x00000001   Zero   RW          442    .bss.EEPROMSaveFlag  variable.o
    0x200010d5        -       0x00000dac   Zero   RW          827    .bss.EEPROM_Buffer  variable.o
    0x20001e81        -       0x00000001   Zero   RW          794    .bss.E_Level        variable.o
    0x20001e82   COMPRESSED   0x00000002   PAD
    0x20001e84        -       0x00000004   Zero   RW          656    .bss.Encoder        variable.o
    0x20001e88        -       0x00000004   Zero   RW          657    .bss.EncoderINT     variable.o
    0x20001e8c        -       0x00000001   Zero   RW          447    .bss.EnterWithTimerF  variable.o
    0x20001e8d        -       0x00000046   Zero   RW          863    .bss.ErrorList      variable.o
    0x20001ed3        -       0x00000001   Zero   RW          659    .bss.ErrorListCounter  variable.o
    0x20001ed4        -       0x00000001   Zero   RW          671    .bss.Error_DayCounter  variable.o
    0x20001ed5        -       0x00000001   Zero   RW          665    .bss.Error_FTO      variable.o
    0x20001ed6        -       0x00000001   Zero   RW          682    .bss.Error_LowCurrent  variable.o
    0x20001ed7        -       0x00000001   Zero   RW          681    .bss.Error_OverCurrent  variable.o
    0x20001ed8        -       0x00000001   Zero   RW          806    .bss.ExitFromMenuTimer  variable.o
    0x20001ed9        -       0x00000001   Zero   RW          448    .bss.ExitWithTimerF  variable.o
    0x20001eda        -       0x00000001   Zero   RW          542    .bss.FTO_Adc        variable.o
    0x20001edb        -       0x00000001   Zero   RW          545    .bss.FTO_MotorTemp  variable.o
    0x20001edc        -       0x00000001   Zero   RW          443    .bss.FirstToMenu    variable.o
    0x20001edd   COMPRESSED   0x00000003   PAD
    0x20001ee0        -       0x000005a0   Zero   RW          867    .bss.Floor          variable.o
    0x20002480        -       0x0000012c   Zero   RW          822    .bss.HALL_RX_Buffer  variable.o
    0x200025ac        -       0x0000012c   Zero   RW          821    .bss.HALL_TX_Buffer  variable.o
    0x200026d8        -       0x00000004   Zero   RW          500    .bss.HALL_TxDMA_CR_Val  variable.o
    0x200026dc        -       0x00000001   Zero   RW          498    .bss.HALL_TxModeF   variable.o
    0x200026dd        -       0x00000001   Zero   RW          738    .bss.HYD_Relevel_AfterRev  variable.o
    0x200026de   COMPRESSED   0x00000002   PAD
    0x200026e0        -       0x00000064   Zero   RW          564    .bss.HwIn           variable.o
    0x20002744        -       0x00000064   Zero   RW          566    .bss.HwOut          variable.o
    0x200027a8        -       0x0000000c   Zero   RW          835    .bss.HwPass         variable.o
    0x200027b4        -       0x00000001   Zero   RW          547    .bss.Hw_BUZZ        variable.o
    0x200027b5        -       0x00000001   Zero   RW          552    .bss.Hw_OC1         variable.o
    0x200027b6        -       0x00000001   Zero   RW          553    .bss.Hw_OC2         variable.o
    0x200027b7        -       0x00000001   Zero   RW          554    .bss.Hw_OC3         variable.o
    0x200027b8        -       0x00000001   Zero   RW          555    .bss.Hw_OC4         variable.o
    0x200027b9        -       0x00000001   Zero   RW          556    .bss.Hw_OC5         variable.o
    0x200027ba        -       0x00000001   Zero   RW          557    .bss.Hw_OC6         variable.o
    0x200027bb        -       0x00000001   Zero   RW          558    .bss.Hw_OC7         variable.o
    0x200027bc        -       0x00000001   Zero   RW          546    .bss.Hw_OUTPN       variable.o
    0x200027bd        -       0x00000001   Zero   RW          548    .bss.Hw_PO1         variable.o
    0x200027be        -       0x00000001   Zero   RW          549    .bss.Hw_PO2         variable.o
    0x200027bf        -       0x00000001   Zero   RW          550    .bss.Hw_PO3         variable.o
    0x200027c0        -       0x00000001   Zero   RW          551    .bss.Hw_PO4         variable.o
    0x200027c1        -       0x00000001   Zero   RW          559    .bss.Hw_RLY_7191    variable.o
    0x200027c2        -       0x00000001   Zero   RW          712    .bss.In1CF          variable.o
    0x200027c3        -       0x00000001   Zero   RW          715    .bss.InFire         variable.o
    0x200027c4        -       0x00000001   Zero   RW          750    .bss.InLimitF       variable.o
    0x200027c5        -       0x00000001   Zero   RW          695    .bss.InfoSelector   variable.o
    0x200027c6        -       0x00000001   Zero   RW          438    .bss.K_Dn           variable.o
    0x200027c7        -       0x00000001   Zero   RW          439    .bss.K_Ent          variable.o
    0x200027c8        -       0x00000001   Zero   RW          440    .bss.K_Ext          variable.o
    0x200027c9        -       0x00000001   Zero   RW          437    .bss.K_Up           variable.o
    0x200027ca        -       0x00000004   Zero   RW          811    .bss.KeyHoldTime    variable.o
    0x200027ce        -       0x00000004   Zero   RW          441    .bss.KeyLast        variable.o
    0x200027d2        -       0x00000008   Zero   RW          449    .bss.KeyTime        variable.o
    0x200027da        -       0x00000001   Zero   RW          427    .bss.LCD_Cmd_Counter  variable.o
    0x200027db        -       0x00000001   Zero   RW          433    .bss.LCD_Cmd_Row    variable.o
    0x200027dc        -       0x00000001   Zero   RW          428    .bss.LCD_Data_Counter  variable.o
    0x200027dd        -       0x00000001   Zero   RW          429    .bss.LCD_InitF      variable.o
    0x200027de        -       0x00000001   Zero   RW          430    .bss.LCD_InitState  variable.o
    0x200027df        -       0x00000001   Zero   RW          431    .bss.LCD_InitTimer  variable.o
    0x200027e0        -       0x00000002   Zero   RW          436    .bss.LCD_SendAdd    variable.o
    0x200027e2        -       0x00000001   Zero   RW          432    .bss.LCD_UpdateF    variable.o
    0x200027e3        -       0x00000001   Zero   RW          721    .bss.LandingF       variable.o
    0x200027e4        -       0x00000001   Zero   RW          658    .bss.LastOKInErrorList  variable.o
    0x200027e5        -       0x00000064   Zero   RW          808    .bss.LcdStr         variable.o
    0x20002849        -       0x00000001   Zero   RW          723    .bss.LedFTO         variable.o
    0x2000284a        -       0x00000017   Zero   RW          565    .bss.MIn            variable.o
    0x20002861        -       0x00000019   Zero   RW          567    .bss.MOut           variable.o
    0x2000287a        -       0x00000001   Zero   RW          796    .bss.MaxCounter1CF  variable.o
    0x2000287b        -       0x0000000a   Zero   RW          810    .bss.MenuBar        variable.o
    0x20002885        -       0x00000001   Zero   RW          446    .bss.MenuState      variable.o
    0x20002886   COMPRESSED   0x00000002   PAD
    0x20002888        -       0x00000010   Zero   RW          314    .bss.MenuStr        menu.o
    0x20002898        -       0x00000001   Zero   RW          775    .bss.Mode           variable.o
    0x20002899        -       0x00000001   Zero   RW          756    .bss.MotorFan       variable.o
    0x2000289a        -       0x00000002   Zero   RW          652    .bss.MoveTimer      variable.o
    0x2000289c        -       0x00000001   Zero   RW          593    .bss.Ms5            variable.o
    0x2000289d        -       0x00000001   Zero   RW          594    .bss.Ms50           variable.o
    0x2000289e        -       0x00000001   Zero   RW          844    .bss.NumL           variable.o
    0x2000289f        -       0x00000001   Zero   RW          793    .bss.NumOfCarPB     variable.o
    0x200028a0        -       0x00000001   Zero   RW          792    .bss.NumOfMainPB    variable.o
    0x200028a1        -       0x00000001   Zero   RW          843    .bss.NumR           variable.o
    0x200028a2        -       0x00000a00   Zero   RW          804    .bss.PB             variable.o
    0x200032a2        -       0x00000002   Zero   RW          468    .bss.PR_ByteCounter  variable.o
    0x200032a4        -       0x00000002   Zero   RW          465    .bss.PR_ByteReciveTimer  variable.o
    0x200032a6        -       0x00000002   Zero   RW          467    .bss.PR_DataLen     variable.o
    0x200032a8        -       0x00000002   Zero   RW          466    .bss.PR_RXDataCNT   variable.o
    0x200032aa        -       0x00000db6   Zero   RW          814    .bss.PR_RX_Buffer   variable.o
    0x20004060        -       0x00000dac   Zero   RW          815    .bss.PR_ReceivedByte  variable.o
    0x20004e0c        -       0x00000002   Zero   RW          469    .bss.PR_SyncStatus  variable.o
    0x20004e0e        -       0x00000db6   Zero   RW          813    .bss.PR_TX_Buffer   variable.o
    0x20005bc4        -       0x00000004   Zero   RW          464    .bss.PR_TxDMA_CR_Val  variable.o
    0x20005bc8        -       0x00000001   Zero   RW          462    .bss.PR_TxModeF     variable.o
    0x20005bc9   COMPRESSED   0x00000001   PAD
    0x20005bca        -       0x00000002   Zero   RW          584    .bss.PT_RMS_Counter  variable.o
    0x20005bcc        -       0x00000002   Zero   RW          581    .bss.PT_R_ADC       variable.o
    0x20005bce   COMPRESSED   0x00000002   PAD
    0x20005bd0        -       0x00000008   Zero   RW          585    .bss.PT_R_RMS_Sum   variable.o
    0x20005bd8        -       0x00000002   Zero   RW          582    .bss.PT_S_ADC       variable.o
    0x20005bda   COMPRESSED   0x00000006   PAD
    0x20005be0        -       0x00000008   Zero   RW          586    .bss.PT_S_RMS_Sum   variable.o
    0x20005be8        -       0x00000002   Zero   RW          583    .bss.PT_T_ADC       variable.o
    0x20005bea   COMPRESSED   0x00000006   PAD
    0x20005bf0        -       0x00000008   Zero   RW          587    .bss.PT_T_RMS_Sum   variable.o
    0x20005bf8        -       0x00000001   Zero   RW          757    .bss.PassCorrect    variable.o
    0x20005bf9        -       0x00000005   Zero   RW          832    .bss.Pass_Num       variable.o
    0x20005bfe        -       0x00000001   Zero   RW          578    .bss.Ph_PreR        variable.o
    0x20005bff        -       0x00000001   Zero   RW          579    .bss.Ph_PreS        variable.o
    0x20005c00        -       0x00000001   Zero   RW          580    .bss.Ph_PreT        variable.o
    0x20005c01        -       0x00000001   Zero   RW          575    .bss.Ph_R_Logic     variable.o
    0x20005c02   COMPRESSED   0x00000002   PAD
    0x20005c04        -       0x00000004   Zero   RW          588    .bss.Ph_R_RMS       variable.o
    0x20005c08        -       0x00000002   Zero   RW          860    .bss.Ph_RtoS_Time   variable.o
    0x20005c0a        -       0x00000002   Zero   RW          857    .bss.Ph_RtoS_Timer  variable.o
    0x20005c0c        -       0x00000001   Zero   RW          576    .bss.Ph_S_Logic     variable.o
    0x20005c0d   COMPRESSED   0x00000003   PAD
    0x20005c10        -       0x00000004   Zero   RW          589    .bss.Ph_S_RMS       variable.o
    0x20005c14        -       0x00000002   Zero   RW          861    .bss.Ph_StoT_Time   variable.o
    0x20005c16        -       0x00000002   Zero   RW          858    .bss.Ph_StoT_Timer  variable.o
    0x20005c18        -       0x00000001   Zero   RW          577    .bss.Ph_T_Logic     variable.o
    0x20005c19   COMPRESSED   0x00000003   PAD
    0x20005c1c        -       0x00000004   Zero   RW          590    .bss.Ph_T_RMS       variable.o
    0x20005c20        -       0x00000002   Zero   RW          862    .bss.Ph_TtoR_Time   variable.o
    0x20005c22        -       0x00000002   Zero   RW          859    .bss.Ph_TtoR_Timer  variable.o
    0x20005c24        -       0x00000002   Zero   RW          854    .bss.PhaseTimerR    variable.o
    0x20005c26        -       0x00000002   Zero   RW          855    .bss.PhaseTimerS    variable.o
    0x20005c28        -       0x00000002   Zero   RW          856    .bss.PhaseTimerT    variable.o
    0x20005c2a        -       0x00000001   Zero   RW          591    .bss.Pr             variable.o
    0x20005c2b        -       0x00000001   Zero   RW          714    .bss.PreCA1         variable.o
    0x20005c2c        -       0x00000001   Zero   RW          776    .bss.PreMode        variable.o
    0x20005c2d   COMPRESSED   0x00000001   PAD
    0x20005c2e        -       0x00000002   Zero   RW          638    .bss.ReInitLCDTimer  variable.o
    0x20005c30        -       0x00000001   Zero   RW          718    .bss.RunOrStop      variable.o
    0x20005c31        -       0x00000001   Zero   RW          848    .bss.Safety_66      variable.o
    0x20005c32        -       0x00000001   Zero   RW          850    .bss.Safety_68      variable.o
    0x20005c33        -       0x00000001   Zero   RW          849    .bss.Safety_69      variable.o
    0x20005c34        -       0x00000001   Zero   RW          847    .bss.Safety_71      variable.o
    0x20005c35        -       0x00000001   Zero   RW          846    .bss.Safety_90      variable.o
    0x20005c36        -       0x00000006   Zero   RW          853    .bss.Safety_Timer   variable.o
    0x20005c3c        -       0x00000004   Zero   RW          534    .bss.SavedPermanentPass  variable.o
    0x20005c40        -       0x00000001   Zero   RW          569    .bss.SegDn          variable.o
    0x20005c41        -       0x00000001   Zero   RW          568    .bss.SegUp          variable.o
    0x20005c42        -       0x00000014   Zero   RW          809    .bss.Selector       variable.o
    0x20005c56        -       0x00000001   Zero   RW          755    .bss.SetAllFloorForFTO  variable.o
    0x20005c57        -       0x00000001   Zero   RW          536    .bss.SetOutputsShiftF  variable.o
    0x20005c58        -       0x00000001   Zero   RW          852    .bss.Short110To24   variable.o
    0x20005c59        -       0x00000001   Zero   RW          628    .bss.ShowErrorTimer  variable.o
    0x20005c5a        -       0x00000001   Zero   RW          599    .bss.ShowSerialResetTimer  variable.o
    0x20005c5b        -       0x00000001   Zero   RW          456    .bss.SlaveBitCounter  variable.o
    0x20005c5c        -       0x00000001   Zero   RW          455    .bss.SlaveByteCounter  variable.o
    0x20005c5d        -       0x00000001   Zero   RW          459    .bss.SlaveDataLength  variable.o
    0x20005c5e        -       0x00000001   Zero   RW          453    .bss.SlaveMOSI_Level  variable.o
    0x20005c5f        -       0x0000001e   Zero   RW          812    .bss.SlaveReceiveBuffer  variable.o
    0x20005c7d        -       0x00000001   Zero   RW          458    .bss.SlaveRxData    variable.o
    0x20005c7e        -       0x0000001e   Zero   RW          803    .bss.SlaveSendBuffer  variable.o
    0x20005c9c        -       0x00000001   Zero   RW          454    .bss.SlaveSyncTimer  variable.o
    0x20005c9d        -       0x00000001   Zero   RW          457    .bss.SlaveTxData    variable.o
    0x20005c9e        -       0x00000001   Zero   RW          720    .bss.StandbyF       variable.o
    0x20005c9f        -       0x00000320   Zero   RW          805    .bss.Stng           variable.o
    0x20005fbf        -       0x0000000a   Zero   RW          829    .bss.Stng_DriveParallelV0  variable.o
    0x20005fc9        -       0x0000000a   Zero   RW          830    .bss.Stng_DriveParallelV1  variable.o
    0x20005fd3        -       0x0000000a   Zero   RW          831    .bss.Stng_DriveParallelV2  variable.o
    0x20005fdd   COMPRESSED   0x00000001   PAD
    0x20005fde        -       0x00000002   Zero   RW          651    .bss.StopTimer      variable.o
    0x20005fe0        -       0x00000002   Zero   RW          631    .bss.Task100MsTimer  variable.o
    0x20005fe2        -       0x00000001   Zero   RW          596    .bss.Task10MsTimer  variable.o
    0x20005fe3   COMPRESSED   0x00000001   PAD
    0x20005fe4        -       0x00000002   Zero   RW          634    .bss.Task1MinuteTimer  variable.o
    0x20005fe6        -       0x00000002   Zero   RW          633    .bss.Task1SecTimer  variable.o
    0x20005fe8        -       0x00000001   Zero   RW          597    .bss.Task20MsTimer  variable.o
    0x20005fe9   COMPRESSED   0x00000001   PAD
    0x20005fea        -       0x00000002   Zero   RW          632    .bss.Task500MsTimer  variable.o
    0x20005fec        -       0x00000001   Zero   RW          595    .bss.Task5MsTimer   variable.o
    0x20005fed        -       0x00000001   Zero   RW          592    .bss.Task950usTimer  variable.o
    0x20005fee   COMPRESSED   0x00000002   PAD
    0x20005ff0        -       0x00000004   Zero   RW          535    .bss.TemporaryID    variable.o
    0x20005ff4        -       0x00000004   Zero   RW          838    .bss.TestADCTime    variable.o
    0x20005ff8        -       0x00000004   Zero   RW          837    .bss.TestADCTimer   variable.o
    0x20005ffc        -       0x00000002   Zero   RW          491    .bss.TransferHWAddCounter  variable.o
    0x20005ffe        -       0x00000001   Zero   RW          627    .bss.TurnOnBoardTimer  variable.o
    0x20005fff        -       0x00000001   Zero   RW          766    .bss.TypeElevator   variable.o
    0x20006000        -       0x0000000c   Zero   RW          866    .bss.U_ID           variable.o
    0x2000600c        -       0x00000004   Zero   RW          560    .bss.VRefIntSum     variable.o
    0x20006010        -       0x00000001   Zero   RW          445    .bss.Xmenu          variable.o
    0x20006011   COMPRESSED   0x00000001   PAD
    0x20006012        -       0x00000002   Zero   RW          450    .bss.Ymenu          variable.o
    0x20006014        -       0x00000360   Zero   RW          807    .bss._LCD_RAM       variable.o
    0x20006374        -       0x00000004   Zero   RW         2019    .bss.ad             json.o
    0x20006378        -       0x00000014   Zero   RW          836    .bss.adcv           variable.o
    0x2000638c        -       0x000000c8   Zero   RW         2025    .bss.buffer_http_send_to_server  json.o
    0x20006454        -       0x00000001   Zero   RW         2024    .bss.buffer_http_send_to_server_index  json.o
    0x20006455        -       0x00000001   Zero   RW          142    .bss.ee24_lock      at24cxx.o
    0x20006456   COMPRESSED   0x00000002   PAD
    0x20006458        -       0x00000048   Zero   RW           60    .bss.hadc1          main.o
    0x200064a0        -       0x00000060   Zero   RW           64    .bss.hdma_adc1      main.o
    0x20006500        -       0x00000054   Zero   RW           65    .bss.hi2c1          main.o
    0x20006554        -       0x00000048   Zero   RW           61    .bss.htim3          main.o
    0x2000659c        -       0x00000004   Zero   RW         1970    .bss.i_get          test.o
    0x200065a0        -       0x00000198   Zero   RW         2020    .bss.json           json.o
    0x20006738        -       0x00000004   Zero   RW         1974    .bss.last_i_get     test.o
    0x2000673c        -       0x00000001   Zero   RW          434    .bss.lcdt           variable.o
    0x2000673d   COMPRESSED   0x00000003   PAD
    0x20006740        -       0x000000c8   Zero   RW         2059    .bss.modbus         modbus.o
    0x20006808        -       0x000000ce   Zero   RW         2060    .bss.modbus_slave   modbus.o
    0x200068d6   COMPRESSED   0x00000002   PAD
    0x200068d8        -       0x0000000a   Zero   RW         2021    .bss.num            json.o
    0x200068e2   COMPRESSED   0x00000002   PAD
    0x200068e4        -       0x00000004   Zero   RW         2026    .bss.server_protocol_arreay_select  json.o
    0x200068e8        -       0x00000004   Zero   RW         2027    .bss.server_protocol_byte_count  json.o
    0x200068ec        -       0x00000004   Zero   RW         2028    .bss.server_protocol_data  json.o
    0x200068f0        -       0x00000004   Zero   RW         2029    .bss.server_protocol_status  json.o
    0x200068f4        -       0x00000002   Zero   RW         2057    .bss.slave_crc_calculate  modbus.o
    0x200068f6        -       0x00000002   Zero   RW         2056    .bss.slave_crc_get  modbus.o
    0x200068f8        -       0x00000002   Zero   RW         2058    .bss.slave_data_count  modbus.o
    0x200068fa        -       0x00000001   Zero   RW         2055    .bss.slave_data_get  modbus.o
    0x200068fb   COMPRESSED   0x00000001   PAD
    0x200068fc        -       0x00000002   Zero   RW         2054    .bss.slave_start_add  modbus.o
    0x200068fe   COMPRESSED   0x00000002   PAD
    0x20006900        -       0x00000028   Zero   RW         1993    .bss.tb_g2          cpu_timer.o
    0x20006928        -       0x00000028   Zero   RW         1992    .bss.tbr_g1         cpu_timer.o
    0x20006950        -       0x00000028   Zero   RW         1994    .bss.tbrc_s1        cpu_timer.o
    0x20006978        -       0x00000004   Zero   RW         1392    .bss.uwTick         stm32f4xx_hal.o
    0x2000697c        -       0x00000001   Zero   RW          426    .bss.xlcd           variable.o
    0x2000697d   COMPRESSED   0x00000003   PAD
    0x20006980        -       0x00000200   Zero   RW            2    HEAP                startup_stm32f407xx.o
    0x20006b80        -       0x00000400   Zero   RW            1    STACK               startup_stm32f407xx.o


    Execution Region RW_IRAM2 (Exec base: 0x2001c000, Load base: 0x08013770, Size: 0x00000000, Max: 0x00004000, ABSOLUTE)

    **** No section assigned to this execution region ****


==============================================================================

Image component sizes


      Code (inc. data)   RO Data    RW Data    ZI Data      Debug   Object Name

       238          0          0          0          1       2439   at24cxx.o
       470          0          0          0        120       1892   cpu_timer.o
        66          0          0          0          0        931   crc.o
      2418         32       3583          0          0       4847   eeprom.o
      3962         12          0          0          0      10689   hardware.o
       462         32         24          0        639       3700   json.o
      5990        180       1693          0        324      24846   main.o
     27504        128       1608       2071         16      22602   menu.o
       390          0          0          0        415       2640   modbus.o
       116          0          0          0          0       2290   modbus_master.o
      1342          8       2400          0          0       8435   n1202.o
        82          0          0          0          0       3005   pb_num.o
      3766         20         17          0          0       5661   serial.o
        64         26        392          0       1536        856   startup_stm32f407xx.o
        22          0          0          0          0        842   stdout_user.o
       212          0          0          5          4       7327   stm32f4xx_hal.o
      1118          0          0          0          0      11036   stm32f4xx_hal_adc.o
       258          0          0          0          0      10701   stm32f4xx_hal_cortex.o
       888         12          0          0          0       9270   stm32f4xx_hal_dma.o
       420          0          0          0          0       5199   stm32f4xx_hal_gpio.o
      2278          0          0          0          0      39208   stm32f4xx_hal_i2c.o
       460          0          0          0          0       8710   stm32f4xx_hal_msp.o
      1310          0          0          0          0       7236   stm32f4xx_hal_rcc.o
       670          0          0          0          0      44469   stm32f4xx_hal_tim.o
       184          0          0          0          0      19221   stm32f4xx_hal_tim_ex.o
      2710          0          0          0          0       4740   stm32f4xx_it.o
        18          0         24          4          0       2613   system_stm32f4xx.o
       296         12         18          0          8       1633   test.o
       522          0          0         22      23205      18532   variable.o
       826         20         25          0          0       1773   write_settng.o

    ----------------------------------------------------------------------
     59224        482       9828       2108      26340     287343   Object Totals
         0          0         32          0          0          0   (incl. Generated)
       162          0         12          6         72          0   (incl. Padding)

    ----------------------------------------------------------------------

      Code (inc. data)   RO Data    RW Data    ZI Data      Debug   Library Member Name

        44          6          0          0          0         84   __2sprintf.o
       100          0          0          0          0          0   __dclz77c.o
         8          0          0          0          0         68   __main.o
       312          4         17          0          0         92   __printf_flags_wp.o
        14          0          0          0          0         68   __printf_wp.o
         0          0          0          0          0          0   __rtentry.o
        12          0          0          0          0          0   __rtentry2.o
         6          0          0          0          0          0   __rtentry4.o
        52          8          0          0          0          0   __scatter.o
        28          0          0          0          0          0   __scatter_zi.o
        28          0          0          0          0         68   _chval.o
         6          0          0          0          0          0   _printf_c.o
        44          0          0          0          0        108   _printf_char.o
        48          6          0          0          0         96   _printf_char_common.o
         6          0          0          0          0          0   _printf_d.o
       120         16          0          0          0         92   _printf_dec.o
         6          0          0          0          0          0   _printf_f.o
      1052          0          0          0          0        148   _printf_fp_dec.o
       128         16          0          0          0         84   _printf_fp_infnan.o
       178          0          0          0          0         88   _printf_intcommon.o
        78          0          0          0          0        108   _printf_pad.o
         0          0          0          0          0          0   _printf_percent.o
         4          0          0          0          0          0   _printf_percent_end.o
         6          0          0          0          0          0   _printf_s.o
        82          0          0          0          0         80   _printf_str.o
         6          0          0          0          0          0   _printf_u.o
        22          0          0          0          0        100   _rserrno.o
        10          0          0          0          0         68   _sputc.o
       158          0          0          0          0         92   _strtoul.o
        26          0          0          0          0         80   atoi.o
       228          4        148          0          0         96   bigflt0.o
      1936        128          0          0          0        668   btod.o
        18          0          0          0          0         80   exit.o
         6          0          0          0          0        152   heapauxi.o
         0          0          0          0          0          0   indicate_semi.o
        44         10        272          0          0         76   lc_ctype_c.o
        44         10         28          0          0         76   lc_numeric_c.o
         2          0          0          0          0          0   libinit.o
        34          0          0          0          0          0   libinit2.o
         2          0          0          0          0          0   libshutdown.o
         2          0          0          0          0          0   libshutdown2.o
         8          4          0          0         96         68   libspace.o
       138          0          0          0          0         80   lludiv10.o
       240          0          0          0          0        100   lludivv7m.o
        16          4          0          0          0         76   rt_ctype_table.o
         8          4          0          0          0         68   rt_errno_addr_intlibspace.o
         8          4          0          0          0         68   rt_locale_intlibspace.o
        68          0          0          0          0         68   rt_memclr.o
        78          0          0          0          0         80   rt_memclr_w.o
       138          0          0          0          0         68   rt_memcpy_v6.o
       100          0          0          0          0         80   rt_memcpy_w.o
         2          0          0          0          0          0   rtexit.o
        10          0          0          0          0          0   rtexit2.o
        24          0          0          0          0         68   strcat.o
       124          0          0          0          0         88   strcmpv7em.o
        72          0          0          0          0         80   strcpy.o
        62          0          0          0          0         76   strlen.o
        36          0          0          0          0         80   strstr.o
       112          0          0          0          0         88   strtol.o
        12          4          0          0          0         68   sys_exit.o
        74          0          0          0          0         80   sys_stackheap_outer.o
         2          0          0          0          0         68   use_no_semi.o
        98          4          0          0          0        140   d2f.o
        84          0          0          0          0        244   dcmp.o
        24          0          0          0          0        116   dcmpi.o
       692        140          0          0          0        264   ddiv.o
       120          4          0          0          0        140   deqf.o
        94          4          0          0          0        140   dfix.o
        38          0          0          0          0        116   dflt_clz.o
       138          0          0          0          0        132   dfltll_clz.o
       120          4          0          0          0        140   dgeqf.o
       120          4          0          0          0        140   dleqf.o
       340         12          0          0          0        152   dmul.o
       156          4          0          0          0        140   dnaninf.o
        12          0          0          0          0        116   dretinf.o
       408         56          0          0          0        168   dsqrt_umaal.o
        86          4          0          0          0        132   f2d.o
       140          4          0          0          0        132   fnaninf.o
        26          0          0          0          0        116   fpinit.o
        10          0          0          0          0        116   fretinf.o
         4          0          0          0          0        116   printf1.o
         0          0          0          0          0          0   usenofp.o
        48          0          0          0          0        124   fpclassify.o
       122          0          0          0          0        148   sqrt.o

    ----------------------------------------------------------------------
      9126        468        466          0         96       7156   Library Totals
        14          0          1          0          0          0   (incl. Padding)

    ----------------------------------------------------------------------

      Code (inc. data)   RO Data    RW Data    ZI Data      Debug   Library Name

      6232        228        465          0         96       4124   c_w.l
      2710        240          0          0          0       2760   fz_wm.l
       170          0          0          0          0        272   m_wm.l

    ----------------------------------------------------------------------
      9126        468        466          0         96       7156   Library Totals

    ----------------------------------------------------------------------

==============================================================================


      Code (inc. data)   RO Data    RW Data    ZI Data      Debug   

     68350        950      10294       2108      26436     289811   Grand Totals
     68350        950      10294       1080      26436     289811   ELF Image Totals (compressed)
     68350        950      10294       1080          0          0   ROM Totals

==============================================================================

    Total RO  Size (Code + RO Data)                78644 (  76.80kB)
    Total RW  Size (RW Data + ZI Data)             28544 (  27.88kB)
    Total ROM Size (Code + RO Data + RW Data)      79724 (  77.86kB)

==============================================================================

