Component: ARM Compiler 5.06 update 7 (build 960) Tool: armlink [4d3601]

==============================================================================

Section Cross References

    startup_stm32f407xx.o(STACK) refers (Special) to heapauxi.o(.text) for __use_two_region_memory
    startup_stm32f407xx.o(HEAP) refers (Special) to heapauxi.o(.text) for __use_two_region_memory
    startup_stm32f407xx.o(RESET) refers (Special) to heapauxi.o(.text) for __use_two_region_memory
    startup_stm32f407xx.o(RESET) refers to startup_stm32f407xx.o(STACK) for __initial_sp
    startup_stm32f407xx.o(RESET) refers to startup_stm32f407xx.o(.text) for Reset_Handler
    startup_stm32f407xx.o(RESET) refers to stm32f4xx_it.o(i.NMI_Handler) for NMI_Handler
    startup_stm32f407xx.o(RESET) refers to stm32f4xx_it.o(i.HardFault_Handler) for HardFault_Handler
    startup_stm32f407xx.o(RESET) refers to stm32f4xx_it.o(i.MemManage_Handler) for MemManage_Handler
    startup_stm32f407xx.o(RESET) refers to stm32f4xx_it.o(i.BusFault_Handler) for BusFault_Handler
    startup_stm32f407xx.o(RESET) refers to stm32f4xx_it.o(i.UsageFault_Handler) for UsageFault_Handler
    startup_stm32f407xx.o(RESET) refers to stm32f4xx_it.o(i.SVC_Handler) for SVC_Handler
    startup_stm32f407xx.o(RESET) refers to stm32f4xx_it.o(i.DebugMon_Handler) for DebugMon_Handler
    startup_stm32f407xx.o(RESET) refers to stm32f4xx_it.o(i.PendSV_Handler) for PendSV_Handler
    startup_stm32f407xx.o(RESET) refers to stm32f4xx_it.o(i.SysTick_Handler) for SysTick_Handler
    startup_stm32f407xx.o(RESET) refers to stm32f4xx_it.o(i.TIM2_IRQHandler) for TIM2_IRQHandler
    startup_stm32f407xx.o(RESET) refers to stm32f4xx_it.o(i.TIM3_IRQHandler) for TIM3_IRQHandler
    startup_stm32f407xx.o(RESET) refers to stm32f4xx_it.o(i.TIM4_IRQHandler) for TIM4_IRQHandler
    startup_stm32f407xx.o(RESET) refers to stm32f4xx_it.o(i.TIM5_IRQHandler) for TIM5_IRQHandler
    startup_stm32f407xx.o(RESET) refers to stm32f4xx_it.o(i.DMA2_Stream0_IRQHandler) for DMA2_Stream0_IRQHandler
    startup_stm32f407xx.o(.text) refers (Special) to heapauxi.o(.text) for __use_two_region_memory
    startup_stm32f407xx.o(.text) refers to system_stm32f4xx.o(i.SystemInit) for SystemInit
    startup_stm32f407xx.o(.text) refers to __main.o(!!!main) for __main
    startup_stm32f407xx.o(.text) refers to startup_stm32f407xx.o(HEAP) for Heap_Mem
    startup_stm32f407xx.o(.text) refers to startup_stm32f407xx.o(STACK) for Stack_Mem
    main.o(i.All_Errors_Check) refers to variable.o(.data) for Safety_90
    main.o(i.All_Errors_Check) refers to variable.o(.bss) for MIn
    main.o(i.CalculateLandingFlags) refers to variable.o(.bss) for Floor
    main.o(i.CalculateLandingFlags) refers to variable.o(.data) for CalAimCF3
    main.o(i.CollectiveService) refers to main.o(i.CalculateLandingFlags) for CalculateLandingFlags
    main.o(i.CollectiveService) refers to variable.o(.bss) for PB
    main.o(i.CollectiveService) refers to variable.o(.data) for E_Level
    main.o(i.DayCounter) refers to eeprom.o(i.SaveDayCounterValues) for SaveDayCounterValues
    main.o(i.DayCounter) refers to variable.o(.data) for Error_DayCounter
    main.o(i.DayCounterCheck) refers to eeprom.o(i.SaveDayCounterValues) for SaveDayCounterValues
    main.o(i.DayCounterCheck) refers to variable.o(.data) for Error_DayCounter
    main.o(i.Debouncer_68_69) refers to variable.o(.data) for Safety_69
    main.o(i.Debouncer_68_69) refers to variable.o(.bss) for Stng
    main.o(i.Debouncer_CA1CAN) refers to variable.o(.bss) for MIn
    main.o(i.Debouncer_CA1CAN) refers to variable.o(.data) for DebCA1_OnTimer
    main.o(i.DoorControl) refers to f2d.o(x$fpl$f2d) for __aeabi_f2d
    main.o(i.DoorControl) refers to daddsub_clz.o(x$fpl$dadd) for __aeabi_dadd
    main.o(i.DoorControl) refers to d2f.o(x$fpl$d2f) for __aeabi_d2f
    main.o(i.DoorControl) refers to variable.o(.data) for RunOrStop
    main.o(i.DoorControl) refers to variable.o(.bss) for Stng
    main.o(i.Drive_3VF_Parallel_Control) refers to f2d.o(x$fpl$f2d) for __aeabi_f2d
    main.o(i.Drive_3VF_Parallel_Control) refers to dleqf.o(x$fpl$dleqf) for __aeabi_cdcmple
    main.o(i.Drive_3VF_Parallel_Control) refers to daddsub_clz.o(x$fpl$dadd) for __aeabi_dadd
    main.o(i.Drive_3VF_Parallel_Control) refers to d2f.o(x$fpl$d2f) for __aeabi_d2f
    main.o(i.Drive_3VF_Parallel_Control) refers to variable.o(.bss) for MOut
    main.o(i.Drive_3VF_Parallel_Control) refers to variable.o(.data) for CMD_Dir
    main.o(i.Hydraulic_HEVOS_ValveControl) refers to f2d.o(x$fpl$f2d) for __aeabi_f2d
    main.o(i.Hydraulic_HEVOS_ValveControl) refers to dleqf.o(x$fpl$dleqf) for __aeabi_cdcmple
    main.o(i.Hydraulic_HEVOS_ValveControl) refers to daddsub_clz.o(x$fpl$dadd) for __aeabi_dadd
    main.o(i.Hydraulic_HEVOS_ValveControl) refers to d2f.o(x$fpl$d2f) for __aeabi_d2f
    main.o(i.Hydraulic_HEVOS_ValveControl) refers to variable.o(.bss) for MOut
    main.o(i.Hydraulic_HEVOS_ValveControl) refers to variable.o(.data) for CMD_Dir
[...]
    SlaveBitCounter                          0x2000084f   Data           1  variable.o(.data)
    SlaveTxData                              0x20000850   Data           1  variable.o(.data)
    SlaveRxData                              0x20000851   Data           1  variable.o(.data)
    SlaveDataLength                          0x20000852   Data           1  variable.o(.data)
    PR_LastRxDMACNT                          0x20000854   Data           2  variable.o(.data)
    PR_LastTxDMACNT                          0x20000856   Data           2  variable.o(.data)
    PR_TxModeF                               0x20000858   Data           1  variable.o(.data)
    PR_RxModeF                               0x20000859   Data           1  variable.o(.data)
    PR_TxDMA_CR_Val                          0x2000085c   Data           4  variable.o(.data)
    PR_ByteReciveTimer                       0x20000860   Data           2  variable.o(.data)
    PR_RXDataCNT                             0x20000862   Data           2  variable.o(.data)
    PR_DataLen                               0x20000864   Data           2  variable.o(.data)
    PR_ByteCounter                           0x20000866   Data           2  variable.o(.data)
    PR_SyncStatus                            0x20000868   Data           2  variable.o(.data)
    DBLX_LastRxDMACNT                        0x2000086a   Data           2  variable.o(.data)
    DBLX_LastTxDMACNT                        0x2000086c   Data           2  variable.o(.data)
    DBLX_TxModeF                             0x2000086e   Data           1  variable.o(.data)
    DBLX_RxModeF                             0x2000086f   Data           1  variable.o(.data)
    DBLX_TxDMA_CR_Val                        0x20000870   Data           4  variable.o(.data)
    CAB_LastRxDMACNT                         0x20000874   Data           2  variable.o(.data)
    CAB_LastTxDMACNT                         0x20000876   Data           2  variable.o(.data)
    CAB_TxModeF                              0x20000878   Data           1  variable.o(.data)
    CAB_RxModeF                              0x20000879   Data           1  variable.o(.data)
    CAB_TxDMA_CR_Val                         0x2000087c   Data           4  variable.o(.data)
    CAB_NewPacketF                           0x20000880   Data           1  variable.o(.data)
    CAB_ClearDataInDataLostF                 0x20000881   Data           1  variable.o(.data)
    CAB_RXDataCNT                            0x20000882   Data           2  variable.o(.data)
    CAB_PacketCounter                        0x20000884   Data           2  variable.o(.data)
    CAB_PacketError                          0x20000886   Data           2  variable.o(.data)
    CAB_PacketLen                            0x20000888   Data           2  variable.o(.data)
    CAB_SendDataCounter                      0x2000088a   Data           2  variable.o(.data)
    CAB_GetDataCounter                       0x2000088c   Data           2  variable.o(.data)
    CAB_SyncStatus                           0x2000088e   Data           2  variable.o(.data)
    CAB_GetDataTimer                         0x20000890   Data           2  variable.o(.data)
    CAB_TX_AfterLastByteTimer                0x20000892   Data           2  variable.o(.data)
    TransferHWAddCounter                     0x20000894   Data           2  variable.o(.data)
    CAB_SendDataCount                        0x20000896   Data           2  variable.o(.data)
    CAB_GetDataCount                         0x20000898   Data           2  variable.o(.data)
    CAB_DataLost                             0x2000089a   Data           2  variable.o(.data)
    HALL_LastRxDMACNT                        0x2000089c   Data           2  variable.o(.data)
    HALL_LastTxDMACNT                        0x2000089e   Data           2  variable.o(.data)
    HALL_RXDataCNT                           0x200008a0   Data           2  variable.o(.data)
    HALL_TxModeF                             0x200008a2   Data           1  variable.o(.data)
    HALL_RxModeF                             0x200008a3   Data           1  variable.o(.data)
    HALL_TxDMA_CR_Val                        0x200008a4   Data           4  variable.o(.data)
    HALL_NewPacketF                          0x200008a8   Data           1  variable.o(.data)
    HALL_LinkLED_Status                      0x200008a9   Data           1  variable.o(.data)
    HALL_PacketCounter                       0x200008aa   Data           2  variable.o(.data)
    HALL_PacketError                         0x200008ac   Data           2  variable.o(.data)
    HALL_PacketLen                           0x200008ae   Data           2  variable.o(.data)
    HALL_SendDataCounter                     0x200008b0   Data           2  variable.o(.data)
    HALL_GetDataCounter                      0x200008b2   Data           2  variable.o(.data)
    HALL_SyncStatus                          0x200008b4   Data           2  variable.o(.data)
    HALL_GetDataTimer                        0x200008b6   Data           2  variable.o(.data)
    HALL_TX_AfterLastByteTimer               0x200008b8   Data           2  variable.o(.data)
    DRV_LastRxDMACNT                         0x200008ba   Data           2  variable.o(.data)
    DRV_LastTxDMACNT                         0x200008bc   Data           2  variable.o(.data)
    DRV_RXDataCNT                            0x200008be   Data           2  variable.o(.data)
    DRV_TxModeF                              0x200008c0   Data           1  variable.o(.data)
    DRV_RxModeF                              0x200008c1   Data           1  variable.o(.data)
    DRV_TxDMA_CR_Val                         0x200008c4   Data           4  variable.o(.data)
    DRV_NewPacketF                           0x200008c8   Data           1  variable.o(.data)
    DRV_LinkLED_Status                       0x200008c9   Data           1  variable.o(.data)
    DRV_PacketError                          0x200008ca   Data           2  variable.o(.data)
    DRV_PacketLen                            0x200008cc   Data           2  variable.o(.data)
    DRV_SendDataCounter                      0x200008ce   Data           2  variable.o(.data)
    DRV_GetDataCounter                       0x200008d0   Data           2  variable.o(.data)
    DRV_SyncStatus                           0x200008d2   Data           2  variable.o(.data)
    DRV_GetDataTimer                         0x200008d4   Data           2  variable.o(.data)
    DRV_TX_AfterLastByteTimer                0x200008d6   Data           2  variable.o(.data)
    Pass_Num                                 0x200008d8   Data           5  variable.o(.data)
    DayCounter_Status                        0x200008dd   Data           1  variable.o(.data)
    DayCounter_Day                           0x200008de   Data           1  variable.o(.data)
    DayCounter_Hour                          0x200008df   Data           1  variable.o(.data)
    DayCounter_Minutes                       0x200008e0   Data           1  variable.o(.data)
    DayAccuracy                              0x200008e1   Data           1  variable.o(.data)
    BoardFixedID                             0x200008e4   Data           4  variable.o(.data)
    BoardUID                                 0x200008e8   Data           4  variable.o(.data)
    DayCounterPassword50Day                  0x200008ec   Data           4  variable.o(.data)
    DayCounterPassword30Day                  0x200008f0   Data           4  variable.o(.data)
    DayCounterPasswordPermanent              0x200008f4   Data           4  variable.o(.data)
    SavedPermanentPass                       0x200008f8   Data           4  variable.o(.data)
    TemporaryID                              0x200008fc   Data           4  variable.o(.data)
    SetOutputsShiftF                         0x20000900   Data           1  variable.o(.data)
    ShiftCLK_Level                           0x20000901   Data           1  variable.o(.data)
    ShiftDATA1_Level                         0x20000902   Data           1  variable.o(.data)
    ShiftDATA2_Level                         0x20000903   Data           1  variable.o(.data)
    ShiftSTCP_Level                          0x20000904   Data           1  variable.o(.data)
    OutputsShiftStatus                       0x20000905   Data           1  variable.o(.data)
    FTO_Adc                                  0x20000906   Data           1  variable.o(.data)
    CT1_RMS                                  0x20000907   Data           1  variable.o(.data)
    CT2_RMS                                  0x20000908   Data           1  variable.o(.data)
    FTO_MotorTemp                            0x20000909   Data           1  variable.o(.data)
    Hw_OUTPN                                 0x2000090a   Data           1  variable.o(.data)
    Hw_BUZZ                                  0x2000090b   Data           1  variable.o(.data)
    Hw_PO1                                   0x2000090c   Data           1  variable.o(.data)
    Hw_PO2                                   0x2000090d   Data           1  variable.o(.data)
    Hw_PO3                                   0x2000090e   Data           1  variable.o(.data)
    Hw_PO4                                   0x2000090f   Data           1  variable.o(.data)
    Hw_OC1                                   0x20000910   Data           1  variable.o(.data)
    Hw_OC2                                   0x20000911   Data           1  variable.o(.data)
    Hw_OC3                                   0x20000912   Data           1  variable.o(.data)
    Hw_OC4                                   0x20000913   Data           1  variable.o(.data)
    Hw_OC5                                   0x20000914   Data           1  variable.o(.data)
    Hw_OC6                                   0x20000915   Data           1  variable.o(.data)
    Hw_OC7                                   0x20000916   Data           1  variable.o(.data)
    Hw_RLY_7191                              0x20000917   Data           1  variable.o(.data)
    VRefIntSum                               0x20000918   Data           4  variable.o(.data)
    TestADCTimer                             0x2000091c   Data           4  variable.o(.data)
    TestADCTime                              0x20000920   Data           4  variable.o(.data)
    BatteryVoltage                           0x20000924   Data           4  variable.o(.data)
    PowerVoltageMainBoard                    0x20000928   Data           4  variable.o(.data)
    PowerVoltageCabin                        0x2000092c   Data           4  variable.o(.data)
    ADCToVoltageFactor                       0x20000930   Data           4  variable.o(.data)
    SegUp                                    0x20000934   Data           1  variable.o(.data)
    SegDn                                    0x20000935   Data           1  variable.o(.data)
    NumR                                     0x20000936   Data           1  variable.o(.data)
    NumL                                     0x20000937   Data           1  variable.o(.data)
    SerialExtInput                           0x20000938   Data           8  variable.o(.data)
    CMD_URA                                  0x20000940   Data           1  variable.o(.data)
    Safety_90                                0x20000941   Data           1  variable.o(.data)
    Safety_71                                0x20000942   Data           1  variable.o(.data)
    Safety_66                                0x20000943   Data           1  variable.o(.data)
    Safety_69                                0x20000944   Data           1  variable.o(.data)
    Safety_68                                0x20000945   Data           1  variable.o(.data)
    PreSafety_66                             0x20000946   Data           1  variable.o(.data)
    Short110To24                             0x20000947   Data           1  variable.o(.data)
    Safety_Timer                             0x20000948   Data           6  variable.o(.data)
    SafetySum                                0x2000094e   Data           1  variable.o(.data)
    PreSafetySum                             0x2000094f   Data           1  variable.o(.data)
    Ph_R_Logic                               0x20000950   Data           1  variable.o(.data)
    Ph_S_Logic                               0x20000951   Data           1  variable.o(.data)
    Ph_T_Logic                               0x20000952   Data           1  variable.o(.data)
    Ph_PreR                                  0x20000953   Data           1  variable.o(.data)
    Ph_PreS                                  0x20000954   Data           1  variable.o(.data)
    Ph_PreT                                  0x20000955   Data           1  variable.o(.data)
    PhaseTimerR                              0x20000956   Data           2  variable.o(.data)
    PhaseTimerS                              0x20000958   Data           2  variable.o(.data)
    PhaseTimerT                              0x2000095a   Data           2  variable.o(.data)
    Ph_RtoS_Timer                            0x2000095c   Data           2  variable.o(.data)
    Ph_StoT_Timer                            0x2000095e   Data           2  variable.o(.data)
    Ph_TtoR_Timer                            0x20000960   Data           2  variable.o(.data)
    Ph_RtoS_Time                             0x20000962   Data           2  variable.o(.data)
    Ph_StoT_Time                             0x20000964   Data           2  variable.o(.data)
    Ph_TtoR_Time                             0x20000966   Data           2  variable.o(.data)
    PT_R_ADC                                 0x20000968   Data           2  variable.o(.data)
    PT_S_ADC                                 0x2000096a   Data           2  variable.o(.data)
    PT_T_ADC                                 0x2000096c   Data           2  variable.o(.data)
    PT_RMS_Counter                           0x2000096e   Data           2  variable.o(.data)
    PT_R_RMS_Sum                             0x20000970   Data           8  variable.o(.data)
    PT_S_RMS_Sum                             0x20000978   Data           8  variable.o(.data)
    PT_T_RMS_Sum                             0x20000980   Data           8  variable.o(.data)
    Ph_R_RMS                                 0x20000988   Data           4  variable.o(.data)
    Ph_S_RMS                                 0x2000098c   Data           4  variable.o(.data)
    Ph_T_RMS                                 0x20000990   Data           4  variable.o(.data)
    Pr                                       0x20000994   Data           1  variable.o(.data)
    Task950usTimer                           0x20000995   Data           1  variable.o(.data)
    Ms5                                      0x20000996   Data           1  variable.o(.data)
    Ms50                                     0x20000997   Data           1  variable.o(.data)
    Task5MsTimer                             0x20000998   Data           1  variable.o(.data)
    Task10MsTimer                            0x20000999   Data           1  variable.o(.data)
    Task20MsTimer                            0x2000099a   Data           1  variable.o(.data)
    SaveDayCounterTimer                      0x2000099b   Data           1  variable.o(.data)
    ShowSerialResetTimer                     0x2000099c   Data           1  variable.o(.data)
    ResetDriveTimer                          0x2000099d   Data           1  variable.o(.data)
    Deb69_OnTimer                            0x2000099e   Data           1  variable.o(.data)
    Deb69_OffTimer                           0x2000099f   Data           1  variable.o(.data)
    Deb68_OnTimer                            0x200009a0   Data           1  variable.o(.data)
    Deb68_OffTimer                           0x200009a1   Data           1  variable.o(.data)
    Deb1CFTimer                              0x200009a2   Data           1  variable.o(.data)
    DebCF3Timer                              0x200009a3   Data           1  variable.o(.data)
    DoorParkTimer                            0x200009a4   Data           1  variable.o(.data)
    DebCA1_OnTimer                           0x200009a5   Data           1  variable.o(.data)
    DebCA1_OffTimer                          0x200009a6   Data           1  variable.o(.data)
    DebCAN_OnTimer                           0x200009a7   Data           1  variable.o(.data)
    DebCAN_OffTimer                          0x200009a8   Data           1  variable.o(.data)
    DebFireTimer                             0x200009a9   Data           1  variable.o(.data)
    DebOVLTimer                              0x200009aa   Data           1  variable.o(.data)
    WaitingFloorTimer                        0x200009ab   Data           1  variable.o(.data)
    URA_Set_Time                             0x200009ac   Data           1  variable.o(.data)
    PB_BlinkTimer                            0x200009ad   Data           1  variable.o(.data)
    HYD_RelevelTimer                         0x200009ae   Data           1  variable.o(.data)
    CF3DelayTimer                            0x200009af   Data           1  variable.o(.data)
    T501cf                                   0x200009b0   Data           1  variable.o(.data)
    Timeout_1CF                              0x200009b1   Data           1  variable.o(.data)
    ReplayExtraCapacityTimer                 0x200009b2   Data           1  variable.o(.data)
    GoToParkFloorTimer                       0x200009b3   Data           1  variable.o(.data)
    gtpt60                                   0x200009b4   Data           1  variable.o(.data)
    StandbyTimer                             0x200009b5   Data           1  variable.o(.data)
    ToStartEmergencyTimer                    0x200009b6   Data           1  variable.o(.data)
    URA_TurnOffTimer                         0x200009b7   Data           1  variable.o(.data)
    TurnOnBoardTimer                         0x200009b8   Data           1  variable.o(.data)
    ShowErrorTimer                           0x200009b9   Data           1  variable.o(.data)
    FLTDRVCheckTimer                         0x200009ba   Data           1  variable.o(.data)
    ShortCheckTimer                          0x200009bb   Data           1  variable.o(.data)
    Task100MsTimer                           0x200009bc   Data           2  variable.o(.data)
    Task500MsTimer                           0x200009be   Data           2  variable.o(.data)
    Task1SecTimer                            0x200009c0   Data           2  variable.o(.data)
    Task1MinuteTimer                         0x200009c2   Data           2  variable.o(.data)
    ResetPlayDisturbDoorTimer                0x200009c4   Data           2  variable.o(.data)
    BackLightOffTimer                        0x200009c6   Data           2  variable.o(.data)
    DoorOpenTimer                            0x200009c8   Data           2  variable.o(.data)
    ReInitLCDTimer                           0x200009ca   Data           2  variable.o(.data)
    DayCounterTemporaryTimer                 0x200009cc   Data           2  variable.o(.data)
    BuzzerTimer                              0x200009ce   Data           2  variable.o(.data)
    DisableERSENR_Timer                      0x200009d0   Data           2  variable.o(.data)
    Hall_RxTimer                             0x200009d2   Data           2  variable.o(.data)
    DriveRestTime                            0x200009d4   Data           2  variable.o(.data)
    RLS_Timer                                0x200009d6   Data           2  variable.o(.data)
    DRC_Timer                                0x200009d8   Data           2  variable.o(.data)
    OverlapTimer                             0x200009da   Data           2  variable.o(.data)
    TimeToOpenDoor                           0x200009dc   Data           2  variable.o(.data)
    ToClose66Timer                           0x200009de   Data           2  variable.o(.data)
    DoorSetCloseTimer                        0x200009e0   Data           2  variable.o(.data)
    LevelingTimer                            0x200009e2   Data           2  variable.o(.data)
    StopTimer                                0x200009e4   Data           2  variable.o(.data)
    MoveTimer                                0x200009e6   Data           2  variable.o(.data)
    Drive_Timing                             0x200009e8   Data           4  variable.o(.data)
    Door_Timing                              0x200009ec   Data           4  variable.o(.data)
    RelayOut_Timer                           0x200009f0   Data           4  variable.o(.data)
    Encoder                                  0x200009f4   Data           4  variable.o(.data)
    EncoderINT                               0x200009f8   Data           4  variable.o(.data)
    LastOKInErrorList                        0x200009fc   Data           1  variable.o(.data)
    ErrorListCounter                         0x200009fd   Data           1  variable.o(.data)
    Error_RLS                                0x200009fe   Data           1  variable.o(.data)
    Error_RLSCut                             0x200009ff   Data           1  variable.o(.data)
    Error_DRC                                0x20000a00   Data           1  variable.o(.data)
    Error_DRCCut                             0x20000a01   Data           1  variable.o(.data)
    Error_RLS_RelevelF                       0x20000a02   Data           1  variable.o(.data)
    Error_FTO                                0x20000a03   Data           1  variable.o(.data)
    Error_TravelTimeout                      0x20000a04   Data           1  variable.o(.data)
    Error_DoorCloseTimeout                   0x20000a05   Data           1  variable.o(.data)
    Error_URA                                0x20000a06   Data           1  variable.o(.data)
    MainErrorF                               0x20000a07   Data           1  variable.o(.data)
    Error_CutSerial                          0x20000a08   Data           1  variable.o(.data)
    Error_DayCounter                         0x20000a09   Data           1  variable.o(.data)
    Error_Safety90                           0x20000a0a   Data           1  variable.o(.data)
    Error_SafetyCircuitCut                   0x20000a0b   Data           1  variable.o(.data)
    Error_Cut66                              0x20000a0c   Data           1  variable.o(.data)
    Error_Cut68                              0x20000a0d   Data           1  variable.o(.data)
    Error_Cut69                              0x20000a0e   Data           1  variable.o(.data)
    Error_LevelingTimeout                    0x20000a0f   Data           1  variable.o(.data)
    Error_FLT_UNB                            0x20000a10   Data           1  variable.o(.data)
    Error_PHR                                0x20000a11   Data           1  variable.o(.data)
    Error_PHL                                0x20000a12   Data           1  variable.o(.data)
    Error_OverCurrent                        0x20000a13   Data           1  variable.o(.data)
    Error_LowCurrent                         0x20000a14   Data           1  variable.o(.data)
    Error_CA1CAN                             0x20000a15   Data           1  variable.o(.data)
    Error_1CF                                0x20000a16   Data           1  variable.o(.data)
    Error_CF3                                0x20000a17   Data           1  variable.o(.data)
    Error_EndDoorTime                        0x20000a18   Data           1  variable.o(.data)
    Error_FLT_DRV                            0x20000a19   Data           1  variable.o(.data)
    Error_Cut_1CF_CF3                        0x20000a1a   Data           1  variable.o(.data)
    Error_RLS_S                              0x20000a1b   Data           1  variable.o(.data)
    Error_RLSCut_S                           0x20000a1c   Data           1  variable.o(.data)
    NumOfErrors                              0x20000a1d   Data           1  variable.o(.data)
    PreNumOfErrors                           0x20000a1e   Data           1  variable.o(.data)
    ShowError                                0x20000a1f   Data           1  variable.o(.data)
    PreShowError                             0x20000a20   Data           1  variable.o(.data)
    Clear68CutError                          0x20000a21   Data           1  variable.o(.data)
    InfoSelector                             0x20000a22   Data           1  variable.o(.data)
    Alarm_MRVCRV                             0x20000a23   Data           1  variable.o(.data)
    Alarm_Fire                               0x20000a24   Data           1  variable.o(.data)
    Alarm_Overload                           0x20000a25   Data           1  variable.o(.data)
    Alarm_GoToPark                           0x20000a26   Data           1  variable.o(.data)
    Alarm_PHC                                0x20000a27   Data           1  variable.o(.data)
    Alarm_InputSTP                           0x20000a28   Data           1  variable.o(.data)
    Alarm_LowVoltge24                        0x20000a29   Data           1  variable.o(.data)
    Alarm_DOActive                           0x20000a2a   Data           1  variable.o(.data)
    Alarm_DCActive                           0x20000a2b   Data           1  variable.o(.data)
    Alarm_MRV                                0x20000a2c   Data           1  variable.o(.data)
    Alarm_CRV                                0x20000a2d   Data           1  variable.o(.data)
    Alarm_ShortCircuit                       0x20000a2e   Data           1  variable.o(.data)
    NumOfAlarms                              0x20000a2f   Data           1  variable.o(.data)
    PreNumOfAlarms                           0x20000a30   Data           1  variable.o(.data)
    InCA1                                    0x20000a31   Data           1  variable.o(.data)
    InCAN                                    0x20000a32   Data           1  variable.o(.data)
    In1CF                                    0x20000a33   Data           1  variable.o(.data)
    InCF3                                    0x20000a34   Data           1  variable.o(.data)
    PreCA1                                   0x20000a35   Data           1  variable.o(.data)
    InFire                                   0x20000a36   Data           1  variable.o(.data)
    Debounced_69                             0x20000a37   Data           1  variable.o(.data)
    Debounced_68                             0x20000a38   Data           1  variable.o(.data)
    RunOrStop                                0x20000a39   Data           1  variable.o(.data)
    PreRunOrStop                             0x20000a3a   Data           1  variable.o(.data)
    StandbyF                                 0x20000a3b   Data           1  variable.o(.data)
    LandingF                                 0x20000a3c   Data           1  variable.o(.data)
    PreLandingF                              0x20000a3d   Data           1  variable.o(.data)
    LedFTO                                   0x20000a3e   Data           1  variable.o(.data)
    BuzzerState                              0x20000a3f   Data           1  variable.o(.data)
    CMD_Door                                 0x20000a40   Data           1  variable.o(.data)
    PreCMD_Door                              0x20000a41   Data           1  variable.o(.data)
    DCMD                                     0x20000a42   Data           1  variable.o(.data)
    DontOpenDoor                             0x20000a43   Data           1  variable.o(.data)
    LowestFloorFlag                          0x20000a44   Data           1  variable.o(.data)
    HighestFloorFlag                         0x20000a45   Data           1  variable.o(.data)
    CMD_Dir                                  0x20000a46   Data           1  variable.o(.data)
    PreDir                                   0x20000a47   Data           1  variable.o(.data)
    OverlapF                                 0x20000a48   Data           1  variable.o(.data)
    ForceDoorOpen                            0x20000a49   Data           1  variable.o(.data)
    DoorParkF                                0x20000a4a   Data           1  variable.o(.data)
    CloseComplete                            0x20000a4b   Data           1  variable.o(.data)
    EmergencyModeF                           0x20000a4c   Data           1  variable.o(.data)
    HYD_Relevel_AfterRev                     0x20000a4d   Data           1  variable.o(.data)
    Pre1CF                                   0x20000a4e   Data           1  variable.o(.data)
    PreR1CF                                  0x20000a4f   Data           1  variable.o(.data)
    PreCF3                                   0x20000a50   Data           1  variable.o(.data)
    ForceLanding                             0x20000a51   Data           1  variable.o(.data)
    RelevelingF                              0x20000a52   Data           1  variable.o(.data)
    TravelTimerEnable                        0x20000a53   Data           1  variable.o(.data)
    HYD_RelevelTimerEnable                   0x20000a54   Data           1  variable.o(.data)
    DoorParkTimerEnable                      0x20000a55   Data           1  variable.o(.data)
    WFT_Enable                               0x20000a56   Data           1  variable.o(.data)
    ClosingDoorF                             0x20000a57   Data           1  variable.o(.data)
    GoToAim                                  0x20000a58   Data           1  variable.o(.data)
    InLimitF                                 0x20000a59   Data           1  variable.o(.data)
    StartCF3Delay                            0x20000a5a   Data           1  variable.o(.data)
    Timeout1CF_Enable                        0x20000a5b   Data           1  variable.o(.data)
    GoToParkFloorTimerEnable                 0x20000a5c   Data           1  variable.o(.data)
    StandbyTimerEnable                       0x20000a5d   Data           1  variable.o(.data)
    SetAllFloorForFTO                        0x20000a5e   Data           1  variable.o(.data)
    MotorFan                                 0x20000a5f   Data           1  variable.o(.data)
    PassCorrect                              0x20000a60   Data           1  variable.o(.data)
    OutUPSRelay                              0x20000a61   Data           1  variable.o(.data)
    OutEmergencyDriveRef                     0x20000a62   Data           1  variable.o(.data)
    InRevF                                   0x20000a63   Data           1  variable.o(.data)
    CF3Delay_Enable                          0x20000a64   Data           1  variable.o(.data)
    DoNotOpenDoorAfterRelevel                0x20000a65   Data           1  variable.o(.data)
    AllowToRelevel                           0x20000a66   Data           1  variable.o(.data)
    OutRelayOneTimeF                         0x20000a67   Data           1  variable.o(.data)
    PHC_temporary                            0x20000a68   Data           1  variable.o(.data)
    TypeElevator                             0x20000a69   Data           1  variable.o(.data)
    CMD_MP3File                              0x20000a6a   Data           1  variable.o(.data)
    CMD_Speed                                0x20000a6b   Data           1  variable.o(.data)
    PreSpeed                                 0x20000a6c   Data           1  variable.o(.data)
    OpeningDoorState                         0x20000a6d   Data           1  variable.o(.data)
    ClosingDoorState                         0x20000a6e   Data           1  variable.o(.data)
    IncompleteCloseCounter                   0x20000a6f   Data           1  variable.o(.data)
    AimFloor                                 0x20000a70   Data           1  variable.o(.data)
    PreAimFloor                              0x20000a71   Data           1  variable.o(.data)
    Mode                                     0x20000a72   Data           1  variable.o(.data)
    PreMode                                  0x20000a73   Data           1  variable.o(.data)
    Calibration                              0x20000a74   Data           1  variable.o(.data)
    TravelTimer                              0x20000a75   Data           1  variable.o(.data)
    TravelShowTime                           0x20000a76   Data           1  variable.o(.data)
    AimCF3                                   0x20000a77   Data           1  variable.o(.data)
    Aim1CF                                   0x20000a78   Data           1  variable.o(.data)
    CalAimCF3                                0x20000a79   Data           1  variable.o(.data)
    CalAim1CF                                0x20000a7a   Data           1  variable.o(.data)
    Delay1CF                                 0x20000a7b   Data           1  variable.o(.data)
    CF3ErrorChecker                          0x20000a7c   Data           1  variable.o(.data)
    Move                                     0x20000a7d   Data           1  variable.o(.data)
    PhaseLostChecker                         0x20000a7e   Data           1  variable.o(.data)
    PhaseSameChecker                         0x20000a7f   Data           1  variable.o(.data)
    PhaseReverseChecker                      0x20000a80   Data           1  variable.o(.data)
    Activity                                 0x20000a81   Data           1  variable.o(.data)
    TurnOffTCTimer                           0x20000a82   Data           1  variable.o(.data)
    NumOfMainPB                              0x20000a83   Data           1  variable.o(.data)
    NumOfCarPB                               0x20000a84   Data           1  variable.o(.data)
    E_Level                                  0x20000a85   Data           1  variable.o(.data)
    Counter1CF                               0x20000a86   Data           1  variable.o(.data)
    MaxCounter1CF                            0x20000a87   Data           1  variable.o(.data)
    FloorDif                                 0x20000a88   Data           2  variable.o(.data)
    Checker                                  0x20000a8a   Data           2  variable.o(.data)
    CounterCF3                               0x20000a8c   Data           2  variable.o(.data)
    DOOR_OPEN_TIME_REF                       0x20000a8e   Data           2  variable.o(.data)
    ODAFN                                    0x20000a90   Data           2  variable.o(.data)
    CMD_FOut                                 0x20000a94   Data           4  variable.o(.data)
    uwTick                                   0x20000a98   Data           4  stm32f4xx_hal.o(.data)
    uwTickPrio                               0x20000a9c   Data           4  stm32f4xx_hal.o(.data)
    uwTickFreq                               0x20000aa0   Data           1  stm32f4xx_hal.o(.data)
    SystemCoreClock                          0x20000aa4   Data           4  system_stm32f4xx.o(.data)
    flag_test                                0x20000aa8   Data           1  test.o(.data)
    i_get                                    0x20000aac   Data           4  test.o(.data)
    last_get                                 0x20000ab0   Data           1  test.o(.data)
    time                                     0x20000ab4   Data           4  test.o(.data)
    timer_eeprom                             0x20000ab8   Data           4  test.o(.data)
    __aeabi_stdin                            0x20000abc   Data           4  stdio_streams.o(.data)
    __aeabi_stdout                           0x20000ac0   Data           4  stdio_streams.o(.data)
    __aeabi_stderr                           0x20000ac4   Data           4  stdio_streams.o(.data)
    hadc1                                    0x20000ac8   Data          72  main.o(.bss)
    hdma_adc1                                0x20000b10   Data          96  main.o(.bss)
    hi2c1                                    0x20000b70   Data          84  main.o(.bss)
    hiwdg                                    0x20000bc4   Data          12  main.o(.bss)
    htim3                                    0x20000bd0   Data          72  main.o(.bss)
    MenuStr                                  0x20000c18   Data          16  menu.o(.bss)
    _LCD_RAM                                 0x20000c28   Data         864  variable.o(.bss)
    LcdStr                                   0x20000f88   Data         100  variable.o(.bss)
    Selector                                 0x20000fec   Data          20  variable.o(.bss)
    MenuBar                                  0x20001000   Data          10  variable.o(.bss)
    SlaveSendBuffer                          0x2000100a   Data          30  variable.o(.bss)
    SlaveReceiveBuffer                       0x20001028   Data          30  variable.o(.bss)
    PR_TX_Buffer                             0x20001046   Data        3510  variable.o(.bss)
    PR_RX_Buffer                             0x20001dfc   Data        3510  variable.o(.bss)
    PR_ReceivedByte                          0x20002bb2   Data        3500  variable.o(.bss)
    DBLX_TX_Buffer                           0x2000395e   Data         300  variable.o(.bss)
    DBLX_RX_Buffer                           0x20003a8a   Data         300  variable.o(.bss)
    CAB_TX_Buffer                            0x20003bb6   Data         300  variable.o(.bss)
    CAB_RX_Buffer                            0x20003ce2   Data         300  variable.o(.bss)
    CAB_ReceivedByte                         0x20003e0e   Data          50  variable.o(.bss)
    HALL_TX_Buffer                           0x20003e40   Data         300  variable.o(.bss)
    HALL_RX_Buffer                           0x20003f6c   Data         300  variable.o(.bss)
    HALL_ReceivedByte                        0x20004098   Data          50  variable.o(.bss)
    DRV_TX_Buffer                            0x200040ca   Data         300  variable.o(.bss)
    DRV_RX_Buffer                            0x200041f6   Data         300  variable.o(.bss)
    DRV_ReceivedByte                         0x20004322   Data          50  variable.o(.bss)
    Stng                                     0x20004354   Data         800  variable.o(.bss)
    EEPROM_Buffer                            0x20004674   Data        3500  variable.o(.bss)
    CAB_TransferHWAdd                        0x20005420   Data         100  variable.o(.bss)
    Stng_DriveParallelV0                     0x20005484   Data          10  variable.o(.bss)
    Stng_DriveParallelV1                     0x2000548e   Data          10  variable.o(.bss)
    Stng_DriveParallelV2                     0x20005498   Data          10  variable.o(.bss)
    HwPass                                   0x200054a4   Data          12  variable.o(.bss)
    adcv                                     0x200054b0   Data          20  variable.o(.bss)
    HwIn                                     0x200054c4   Data         100  variable.o(.bss)
    MIn                                      0x20005528   Data          23  variable.o(.bss)
    HwOut                                    0x2000553f   Data         100  variable.o(.bss)
    MOut                                     0x200055a3   Data          25  variable.o(.bss)
    In_PB_Par                                0x200055bc   Data          12  variable.o(.bss)
    Out_PB_Par                               0x200055c8   Data          12  variable.o(.bss)
    PB                                       0x200055d4   Data        2560  variable.o(.bss)
    Numrator_Par                             0x20005fd4   Data          16  variable.o(.bss)
    CIn                                      0x20005fe4   Data          19  variable.o(.bss)
    COut                                     0x20005ff7   Data          16  variable.o(.bss)
    ErrorList                                0x20006007   Data          70  variable.o(.bss)
    ErrorAlarmStr                            0x2000604d   Data          20  variable.o(.bss)
    U_ID                                     0x20006064   Data          12  variable.o(.bss)
    Floor                                    0x20006070   Data        1440  variable.o(.bss)
    tbr_g1                                   0x20006610   Data          40  cpu_timer.o(.bss)
    tb_g2                                    0x20006638   Data          40  cpu_timer.o(.bss)
    tbrc_s1                                  0x20006660   Data          40  cpu_timer.o(.bss)
    json                                     0x20006688   Data         408  json.o(.bss)
    json_protocol                            0x20006820   Data         216  json.o(.bss)
    __stdin                                  0x200068f8   Data          84  stdio_streams.o(.bss)
    __stdout                                 0x2000694c   Data          84  stdio_streams.o(.bss)
    __stderr                                 0x200069a0   Data          84  stdio_streams.o(.bss)
    __libspace_start                         0x200069f4   Data          96  libspace.o(.bss)
    __temporary_stack_top$libspace           0x20006a54   Data           0  libspace.o(.bss)



==============================================================================

Memory Map of the image

  Image Entry point : 0x08000189

  Load Region LR_IROM1 (Base: 0x08000000, Size: 0x00017a24, Max: 0x00080000, ABSOLUTE, COMPRESSED[0x000173b4])

    Execution Region ER_IROM1 (Exec base: 0x08000000, Load base: 0x08000000, Size: 0x00016f5c, Max: 0x00080000, ABSOLUTE)

    Exec Addr    Load Addr    Size         Type   Attr      Idx    E Section Name        Object

    0x08000000   0x08000000   0x00000188   Data   RO            3    RESET               startup_stm32f407xx.o
    0x08000188   0x08000188   0x00000008   Code   RO         4565  * !!!main             c_w.l(__main.o)
    0x08000190   0x08000190   0x00000034   Code   RO         5036    !!!scatter          c_w.l(__scatter.o)
    0x080001c4   0x080001c4   0x00000064   Code   RO         5034    !!dclz77c           c_w.l(__dclz77c.o)
    0x08000228   0x08000228   0x0000001c   Code   RO         5038    !!handler_zi        c_w.l(__scatter_zi.o)
    0x08000244   0x08000244   0x00000000   Code   RO         4544    .ARM.Collect$$_printf_percent$$00000000  c_w.l(_printf_percent.o)
    0x08000244   0x08000244   0x00000006   Code   RO         4543    .ARM.Collect$$_printf_percent$$00000003  c_w.l(_printf_f.o)
    0x0800024a   0x0800024a   0x00000006   Code   RO         4541    .ARM.Collect$$_printf_percent$$00000009  c_w.l(_printf_d.o)
    0x08000250   0x08000250   0x00000006   Code   RO         4542    .ARM.Collect$$_printf_percent$$0000000A  c_w.l(_printf_u.o)
    0x08000256   0x08000256   0x00000006   Code   RO         4539    .ARM.Collect$$_printf_percent$$00000013  c_w.l(_printf_c.o)
    0x0800025c   0x0800025c   0x00000006   Code   RO         4540    .ARM.Collect$$_printf_percent$$00000014  c_w.l(_printf_s.o)
    0x08000262   0x08000262   0x00000004   Code   RO         4639    .ARM.Collect$$_printf_percent$$00000017  c_w.l(_printf_percent_end.o)
    0x08000266   0x08000266   0x00000002   Code   RO         4849    .ARM.Collect$$libinit$$00000000  c_w.l(libinit.o)
    0x08000268   0x08000268   0x00000004   Code   RO         4850    .ARM.Collect$$libinit$$00000001  c_w.l(libinit2.o)
    0x0800026c   0x0800026c   0x00000000   Code   RO         4853    .ARM.Collect$$libinit$$00000004  c_w.l(libinit2.o)
    0x0800026c   0x0800026c   0x00000008   Code   RO         4854    .ARM.Collect$$libinit$$00000005  c_w.l(libinit2.o)
    0x08000274   0x08000274   0x00000000   Code   RO         4856    .ARM.Collect$$libinit$$0000000A  c_w.l(libinit2.o)
    0x08000274   0x08000274   0x00000000   Code   RO         4858    .ARM.Collect$$libinit$$0000000C  c_w.l(libinit2.o)
    0x08000274   0x08000274   0x00000000   Code   RO         4860    .ARM.Collect$$libinit$$0000000E  c_w.l(libinit2.o)
    0x08000274   0x08000274   0x00000006   Code   RO         4861    .ARM.Collect$$libinit$$0000000F  c_w.l(libinit2.o)
    0x0800027a   0x0800027a   0x00000000   Code   RO         4863    .ARM.Collect$$libinit$$00000011  c_w.l(libinit2.o)
    0x0800027a   0x0800027a   0x0000000c   Code   RO         4864    .ARM.Collect$$libinit$$00000012  c_w.l(libinit2.o)
    0x08000286   0x08000286   0x00000000   Code   RO         4865    .ARM.Collect$$libinit$$00000013  c_w.l(libinit2.o)
    0x08000286   0x08000286   0x00000000   Code   RO         4867    .ARM.Collect$$libinit$$00000015  c_w.l(libinit2.o)
    0x08000286   0x08000286   0x0000000a   Code   RO         4868    .ARM.Collect$$libinit$$00000016  c_w.l(libinit2.o)
    0x08000290   0x08000290   0x00000000   Code   RO         4869    .ARM.Collect$$libinit$$00000017  c_w.l(libinit2.o)
    0x08000290   0x08000290   0x00000000   Code   RO         4871    .ARM.Collect$$libinit$$00000019  c_w.l(libinit2.o)
    0x08000290   0x08000290   0x00000000   Code   RO         4873    .ARM.Collect$$libinit$$0000001B  c_w.l(libinit2.o)
    0x08000290   0x08000290   0x00000000   Code   RO         4875    .ARM.Collect$$libinit$$0000001D  c_w.l(libinit2.o)
    0x08000290   0x08000290   0x00000000   Code   RO         4877    .ARM.Collect$$libinit$$0000001F  c_w.l(libinit2.o)
    0x08000290   0x08000290   0x00000000   Code   RO         4879    .ARM.Collect$$libinit$$00000021  c_w.l(libinit2.o)
    0x08000290   0x08000290   0x00000000   Code   RO         4881    .ARM.Collect$$libinit$$00000023  c_w.l(libinit2.o)
    0x08000290   0x08000290   0x00000004   Code   RO         4882    .ARM.Collect$$libinit$$00000024  c_w.l(libinit2.o)
    0x08000294   0x08000294   0x00000000   Code   RO         4883    .ARM.Collect$$libinit$$00000025  c_w.l(libinit2.o)
    0x08000294   0x08000294   0x00000000   Code   RO         4887    .ARM.Collect$$libinit$$0000002C  c_w.l(libinit2.o)
    0x08000294   0x08000294   0x00000000   Code   RO         4889    .ARM.Collect$$libinit$$0000002E  c_w.l(libinit2.o)
    0x08000294   0x08000294   0x00000000   Code   RO         4891    .ARM.Collect$$libinit$$00000030  c_w.l(libinit2.o)
    0x08000294   0x08000294   0x00000000   Code   RO         4893    .ARM.Collect$$libinit$$00000032  c_w.l(libinit2.o)
    0x08000294   0x08000294   0x00000002   Code   RO         4894    .ARM.Collect$$libinit$$00000033  c_w.l(libinit2.o)
    0x08000296   0x08000296   0x00000002   Code   RO         5015    .ARM.Collect$$libshutdown$$00000000  c_w.l(libshutdown.o)
    0x08000298   0x08000298   0x00000000   Code   RO         4896    .ARM.Collect$$libshutdown$$00000002  c_w.l(libshutdown2.o)
    0x08000298   0x08000298   0x00000000   Code   RO         4898    .ARM.Collect$$libshutdown$$00000004  c_w.l(libshutdown2.o)
    0x08000298   0x08000298   0x00000004   Code   RO         4899    .ARM.Collect$$libshutdown$$00000005  c_w.l(libshutdown2.o)
    0x0800029c   0x0800029c   0x00000000   Code   RO         4900    .ARM.Collect$$libshutdown$$00000006  c_w.l(libshutdown2.o)
    0x0800029c   0x0800029c   0x00000000   Code   RO         4903    .ARM.Collect$$libshutdown$$00000009  c_w.l(libshutdown2.o)
    0x0800029c   0x0800029c   0x00000000   Code   RO         4906    .ARM.Collect$$libshutdown$$0000000C  c_w.l(libshutdown2.o)
    0x0800029c   0x0800029c   0x00000000   Code   RO         4908    .ARM.Collect$$libshutdown$$0000000E  c_w.l(libshutdown2.o)
    0x0800029c   0x0800029c   0x00000000   Code   RO         4911    .ARM.Collect$$libshutdown$$00000011  c_w.l(libshutdown2.o)
    0x0800029c   0x0800029c   0x00000002   Code   RO         4912    .ARM.Collect$$libshutdown$$00000012  c_w.l(libshutdown2.o)
    0x0800029e   0x0800029e   0x00000000   Code   RO         4617    .ARM.Collect$$rtentry$$00000000  c_w.l(__rtentry.o)
    0x0800029e   0x0800029e   0x00000000   Code   RO         4671    .ARM.Collect$$rtentry$$00000002  c_w.l(__rtentry2.o)
    0x0800029e   0x0800029e   0x00000006   Code   RO         4683    .ARM.Collect$$rtentry$$00000004  c_w.l(__rtentry4.o)
    0x080002a4   0x080002a4   0x00000000   Code   RO         4673    .ARM.Collect$$rtentry$$00000009  c_w.l(__rtentry2.o)
    0x080002a4   0x080002a4   0x00000004   Code   RO         4674    .ARM.Collect$$rtentry$$0000000A  c_w.l(__rtentry2.o)
    0x080002a8   0x080002a8   0x00000000   Code   RO         4676    .ARM.Collect$$rtentry$$0000000C  c_w.l(__rtentry2.o)
    0x080002a8   0x080002a8   0x00000008   Code   RO         4677    .ARM.Collect$$rtentry$$0000000D  c_w.l(__rtentry2.o)
    0x080002b0   0x080002b0   0x00000002   Code   RO         4913    .ARM.Collect$$rtexit$$00000000  c_w.l(rtexit.o)
    0x080002b2   0x080002b2   0x00000000   Code   RO         4971    .ARM.Collect$$rtexit$$00000002  c_w.l(rtexit2.o)
    0x080002b2   0x080002b2   0x00000004   Code   RO         4972    .ARM.Collect$$rtexit$$00000003  c_w.l(rtexit2.o)
    0x080002b6   0x080002b6   0x00000006   Code   RO         4973    .ARM.Collect$$rtexit$$00000004  c_w.l(rtexit2.o)
    0x080002bc   0x080002bc   0x00000000   Code   RO         4979    .emb_text           c_w.l(maybetermalloc1.o)
    0x080002bc   0x080002bc   0x00000040   Code   RO            4    .text               startup_stm32f407xx.o
    0x080002fc   0x080002fc   0x000000ee   Code   RO         4505    .text               c_w.l(lludivv7m.o)
    0x080003ea   0x080003ea   0x00000002   PAD
    0x080003ec   0x080003ec   0x0000002c   Code   RO         4507    .text               c_w.l(__2sprintf.o)
    0x08000418   0x08000418   0x0000004e   Code   RO         4513    .text               c_w.l(_printf_pad.o)
    0x08000466   0x08000466   0x00000052   Code   RO         4515    .text               c_w.l(_printf_str.o)
    0x080004b8   0x080004b8   0x00000078   Code   RO         4517    .text               c_w.l(_printf_dec.o)
    0x08000530   0x08000530   0x00000138   Code   RO         4531    .text               c_w.l(__printf_flags_wp.o)
    0x08000668   0x08000668   0x0000001a   Code   RO         4545    .text               c_w.l(atoi.o)
    0x08000682   0x08000682   0x00000002   PAD
    0x08000684   0x08000684   0x0000002c   Code   RO         4547    .text               c_w.l(puts.o)
    0x080006b0   0x080006b0   0x00000024   Code   RO         4549    .text               c_w.l(strstr.o)
    0x080006d4   0x080006d4   0x00000048   Code   RO         4551    .text               c_w.l(strcpy.o)
    0x0800071c   0x0800071c   0x0000003e   Code   RO         4553    .text               c_w.l(strlen.o)
    0x0800075a   0x0800075a   0x00000044   Code   RO         4557    .text               c_w.l(rt_memclr.o)
    0x0800079e   0x0800079e   0x0000004e   Code   RO         4559    .text               c_w.l(rt_memclr_w.o)
    0x080007ec   0x080007ec   0x00000080   Code   RO         4561    .text               c_w.l(strcmpv7m.o)
    0x0800086c   0x0800086c   0x00000006   Code   RO         4563    .text               c_w.l(heapauxi.o)
    0x08000872   0x08000872   0x00000002   PAD
    0x08000874   0x08000874   0x00000008   Code   RO         4625    .text               c_w.l(rt_errno_addr_intlibspace.o)
    0x0800087c   0x0800087c   0x00000016   Code   RO         4627    .text               c_w.l(_rserrno.o)
    0x08000892   0x08000892   0x000000b2   Code   RO         4629    .text               c_w.l(_printf_intcommon.o)
    0x08000944   0x08000944   0x0000041e   Code   RO         4631    .text               c_w.l(_printf_fp_dec.o)
    0x08000d62   0x08000d62   0x00000002   PAD
    0x08000d64   0x08000d64   0x00000030   Code   RO         4633    .text               c_w.l(_printf_char_common.o)
    0x08000d94   0x08000d94   0x0000000a   Code   RO         4635    .text               c_w.l(_sputc.o)
    0x08000d9e   0x08000d9e   0x0000002c   Code   RO         4637    .text               c_w.l(_printf_char.o)
    0x08000dca   0x08000dca   0x00000070   Code   RO         4640    .text               c_w.l(strtol.o)
    0x08000e3a   0x08000e3a   0x00000002   PAD
    0x08000e3c   0x08000e3c   0x00000008   Code   RO         4667    .text               c_w.l(libspace.o)
    0x08000e44   0x08000e44   0x00000010   Code   RO         4685    .text               c_w.l(rt_ctype_table.o)
    0x08000e54   0x08000e54   0x00000008   Code   RO         4692    .text               c_w.l(rt_locale_intlibspace.o)
    0x08000e5c   0x08000e5c   0x0000008a   Code   RO         4694    .text               c_w.l(lludiv10.o)
    0x08000ee6   0x08000ee6   0x00000002   PAD
    0x08000ee8   0x08000ee8   0x00000080   Code   RO         4696    .text               c_w.l(_printf_fp_infnan.o)
    0x08000f68   0x08000f68   0x0000009e   Code   RO         4700    .text               c_w.l(_strtoul.o)
    0x08001006   0x08001006   0x00000002   PAD
    0x08001008   0x08001008   0x000000e4   Code   RO         4702    .text               c_w.l(bigflt0.o)
    0x080010ec   0x080010ec   0x000001d6   Code   RO         4727    .text               c_w.l(flsbuf.o)
    0x080012c2   0x080012c2   0x00000002   PAD
    0x080012c4   0x080012c4   0x00000138   Code   RO         4729    .text               c_w.l(initio.o)
    0x080013fc   0x080013fc   0x0000004a   Code   RO         4744    .text               c_w.l(sys_stackheap_outer.o)
    0x08001446   0x08001446   0x0000005e   Code   RO         4750    .text               c_w.l(h1_alloc.o)
    0x080014a4   0x080014a4   0x0000004e   Code   RO         4752    .text               c_w.l(h1_free.o)
    0x080014f2   0x080014f2   0x0000001c   Code   RO         4808    .text               c_w.l(_chval.o)
    0x0800150e   0x0800150e   0x00000046   Code   RO         4810    .text               c_w.l(setvbuf.o)
    0x08001554   0x08001554   0x000000f0   Code   RO         4812    .text               c_w.l(stdio.o)
    0x08001644   0x08001644   0x000000ec   Code   RO         4817    .text               c_w.l(fopen.o)
    0x08001730   0x08001730   0x0000004c   Code   RO         4819    .text               c_w.l(fclose.o)
    0x0800177c   0x0800177c   0x00000012   Code   RO         4832    .text               c_w.l(exit.o)
    0x0800178e   0x0800178e   0x0000000e   Code   RO         4838    .text               c_w.l(defsig_rtred_outer.o)
    0x0800179c   0x0800179c   0x00000008   Code   RO         4920    .text               c_w.l(rt_heap_descriptor_intlibspace.o)
    0x080017a4   0x080017a4   0x00000004   Code   RO         4922    .text               c_w.l(hguard.o)
    0x080017a8   0x080017a8   0x0000008a   Code   RO         4924    .text               c_w.l(init_alloc.o)
    0x08001832   0x08001832   0x0000000e   Code   RO         4928    .text               c_w.l(h1_init.o)
    0x08001840   0x08001840   0x000000f8   Code   RO         4946    .text               c_w.l(fseek.o)
    0x08001938   0x08001938   0x0000000a   Code   RO         4952    .text               c_w.l(defsig_exit.o)
    0x08001942   0x08001942   0x00000002   PAD
    0x08001944   0x08001944   0x00000034   Code   RO         4956    .text               c_w.l(defsig_rtred_inner.o)
    0x08001978   0x08001978   0x0000000c   Code   RO         4968    .text               c_w.l(sys_exit.o)
    0x08001984   0x08001984   0x00000034   Code   RO         4981    .text               c_w.l(h1_extend.o)
    0x080019b8   0x080019b8   0x00000042   Code   RO         4985    .text               c_w.l(ftell.o)
    0x080019fa   0x080019fa   0x00000032   Code   RO         4989    .text               c_w.l(defsig_general.o)
    0x08001a2c   0x08001a2c   0x0000000e   Code   RO         4991    .text               c_w.l(defsig_rtmem_outer.o)
    0x08001a3a   0x08001a3a   0x0000000e   Code   RO         5002    .text               c_w.l(sys_wrch.o)
    0x08001a48   0x08001a48   0x00000002   Code   RO         5004    .text               c_w.l(use_no_semi.o)
    0x08001a4a   0x08001a4a   0x00000000   Code   RO         5006    .text               c_w.l(indicate_semi.o)
    0x08001a4a   0x08001a4a   0x00000002   PAD
    0x08001a4c   0x08001a4c   0x00000050   Code   RO         5009    .text               c_w.l(defsig_rtmem_inner.o)
    0x08001a9c   0x08001a9c   0x0000003e   Code   RO         4705    CL$$btod_d2e        c_w.l(btod.o)
    0x08001ada   0x08001ada   0x00000046   Code   RO         4707    CL$$btod_d2e_denorm_low  c_w.l(btod.o)
    0x08001b20   0x08001b20   0x00000060   Code   RO         4706    CL$$btod_d2e_norm_op1  c_w.l(btod.o)
    0x08001b80   0x08001b80   0x00000338   Code   RO         4715    CL$$btod_div_common  c_w.l(btod.o)
    0x08001eb8   0x08001eb8   0x000000dc   Code   RO         4712    CL$$btod_e2e        c_w.l(btod.o)
    0x08001f94   0x08001f94   0x0000002a   Code   RO         4709    CL$$btod_ediv       c_w.l(btod.o)
    0x08001fbe   0x08001fbe   0x0000002a   Code   RO         4708    CL$$btod_emul       c_w.l(btod.o)
    0x08001fe8   0x08001fe8   0x00000244   Code   RO         4714    CL$$btod_mult_common  c_w.l(btod.o)
    0x0800222c   0x0800222c   0x0000007e   Code   RO         1234    i.ADC_DMAConvCplt   stm32f4xx_hal_adc.o
    0x080022aa   0x080022aa   0x0000001a   Code   RO         1235    i.ADC_DMAError      stm32f4xx_hal_adc.o
    0x080022c4   0x080022c4   0x0000000e   Code   RO         1236    i.ADC_DMAHalfConvCplt  stm32f4xx_hal_adc.o
    0x080022d2   0x080022d2   0x00000002   PAD
    0x080022d4   0x080022d4   0x00000160   Code   RO         1237    i.ADC_Init          stm32f4xx_hal_adc.o
    0x08002434   0x08002434   0x00000780   Code   RO          659    i.AddressableInputsAndOutputs  hardware.o
    0x08002bb4   0x08002bb4   0x00000040   Code   RO          858    i.BarChange         menu.o
    0x08002bf4   0x08002bf4   0x00000004   Code   RO          319    i.BusFault_Handler  stm32f4xx_it.o
    0x08002bf8   0x08002bf8   0x00000038   Code   RO          660    i.CAB_SendData      hardware.o
    0x08002c30   0x08002c30   0x000007f4   Code   RO         1128    i.CAB_SerialDataTransmition  serial.o
    0x08003424   0x08003424   0x0000004c   Code   RO         1067    i.CalculatePBNumber  pb_num.o
    0x08003470   0x08003470   0x000000c0   Code   RO          859    i.CalculatePassword  menu.o
    0x08003530   0x08003530   0x00000160   Code   RO          550    i.CheckLoadAndSaveDefault  eeprom.o
    0x08003690   0x08003690   0x000000dc   Code   RO          661    i.Clear_UART_Errors  hardware.o
    0x0800376c   0x0800376c   0x00000050   Code   RO          663    i.DMA1_Stream0_Init  hardware.o
    0x080037bc   0x080037bc   0x00000050   Code   RO          664    i.DMA1_Stream1_Init  hardware.o
    0x0800380c   0x0800380c   0x00000050   Code   RO          665    i.DMA1_Stream2_Init  hardware.o
    0x0800385c   0x0800385c   0x0000005c   Code   RO          666    i.DMA1_Stream3_Init  hardware.o
    0x080038b8   0x080038b8   0x0000005c   Code   RO          667    i.DMA1_Stream4_Init  hardware.o
    0x08003914   0x08003914   0x00000064   Code   RO          668    i.DMA1_Stream5_Init  hardware.o
    0x08003978   0x08003978   0x00000074   Code   RO          669    i.DMA1_Stream6_Init  hardware.o
    0x080039ec   0x080039ec   0x00000074   Code   RO          670    i.DMA1_Stream7_Init  hardware.o
    0x08003a60   0x08003a60   0x00000164   Code   RO          320    i.DMA2_Stream0_IRQHandler  stm32f4xx_it.o
    0x08003bc4   0x08003bc4   0x00000060   Code   RO          671    i.DMA2_Stream5_Init  hardware.o
    0x08003c24   0x08003c24   0x00000068   Code   RO          672    i.DMA2_Stream7_Init  hardware.o
    0x08003c8c   0x08003c8c   0x00000034   Code   RO         2016    i.DMA_CalcBaseAndBitshift  stm32f4xx_hal_dma.o
    0x08003cc0   0x08003cc0   0x000000aa   Code   RO         2017    i.DMA_CheckFifoParam  stm32f4xx_hal_dma.o
    0x08003d6a   0x08003d6a   0x0000002c   Code   RO         2018    i.DMA_SetConfig     stm32f4xx_hal_dma.o
    0x08003d96   0x08003d96   0x00000002   PAD
    0x08003d98   0x08003d98   0x00000050   Code   RO          673    i.DRV_SendData      hardware.o
    0x08003de8   0x08003de8   0x00000002   Code   RO          321    i.DebugMon_Handler  stm32f4xx_it.o
    0x08003dea   0x08003dea   0x00000002   PAD
    0x08003dec   0x08003dec   0x0000001c   Code   RO          674    i.EncoderGetValue   hardware.o
    0x08003e08   0x08003e08   0x0000004c   Code   RO          675    i.EncoderSetValue   hardware.o
    0x08003e54   0x08003e54   0x00000006   Code   RO           22    i.Error_Handler     main.o
    0x08003e5a   0x08003e5a   0x0000000a   Code   RO          926    i.F4Delay           n1202.o
    0x08003e64   0x08003e64   0x0000018c   Code   RO         1239    i.HAL_ADC_ConfigChannel  stm32f4xx_hal_adc.o
    0x08003ff0   0x08003ff0   0x00000002   Code   RO         1240    i.HAL_ADC_ConvCpltCallback  stm32f4xx_hal_adc.o
    0x08003ff2   0x08003ff2   0x00000002   Code   RO         1241    i.HAL_ADC_ConvHalfCpltCallback  stm32f4xx_hal_adc.o
    0x08003ff4   0x08003ff4   0x00000002   Code   RO         1243    i.HAL_ADC_ErrorCallback  stm32f4xx_hal_adc.o
    0x08003ff6   0x08003ff6   0x00000002   PAD
    0x08003ff8   0x08003ff8   0x00000068   Code   RO         1248    i.HAL_ADC_Init      stm32f4xx_hal_adc.o
    0x08004060   0x08004060   0x000000c4   Code   RO          442    i.HAL_ADC_MspInit   stm32f4xx_hal_msp.o
    0x08004124   0x08004124   0x000001b4   Code   RO         1255    i.HAL_ADC_Start_DMA  stm32f4xx_hal_adc.o
    0x080042d8   0x080042d8   0x00000240   Code   RO         2024    i.HAL_DMA_IRQHandler  stm32f4xx_hal_dma.o
    0x08004518   0x08004518   0x000000ec   Code   RO         2025    i.HAL_DMA_Init      stm32f4xx_hal_dma.o
    0x08004604   0x08004604   0x00000092   Code   RO         2029    i.HAL_DMA_Start_IT  stm32f4xx_hal_dma.o
    0x08004696   0x08004696   0x00000002   PAD
    0x08004698   0x08004698   0x00000028   Code   RO         2443    i.HAL_Delay         stm32f4xx_hal.o
    0x080046c0   0x080046c0   0x000001f4   Code   RO         1912    i.HAL_GPIO_Init     stm32f4xx_hal_gpio.o
    0x080048b4   0x080048b4   0x0000000c   Code   RO         1916    i.HAL_GPIO_WritePin  stm32f4xx_hal_gpio.o
    0x080048c0   0x080048c0   0x0000000c   Code   RO         2449    i.HAL_GetTick       stm32f4xx_hal.o
    0x080048cc   0x080048cc   0x000001d0   Code   RO         2705    i.HAL_I2C_Init      stm32f4xx_hal_i2c.o
    0x08004a9c   0x08004a9c   0x000002f4   Code   RO         2723    i.HAL_I2C_Mem_Read  stm32f4xx_hal_i2c.o
    0x08004d90   0x08004d90   0x00000164   Code   RO         2726    i.HAL_I2C_Mem_Write  stm32f4xx_hal_i2c.o
    0x08004ef4   0x08004ef4   0x00000088   Code   RO          444    i.HAL_I2C_MspInit   stm32f4xx_hal_msp.o
    0x08004f7c   0x08004f7c   0x00000018   Code   RO         2455    i.HAL_IncTick       stm32f4xx_hal.o
    0x08004f94   0x08004f94   0x0000003c   Code   RO         2456    i.HAL_Init          stm32f4xx_hal.o
    0x08004fd0   0x08004fd0   0x0000004c   Code   RO         2457    i.HAL_InitTick      stm32f4xx_hal.o
    0x0800501c   0x0800501c   0x00000048   Code   RO          445    i.HAL_MspInit       stm32f4xx_hal_msp.o
    0x08005064   0x08005064   0x00000020   Code   RO         2301    i.HAL_NVIC_EnableIRQ  stm32f4xx_hal_cortex.o
    0x08005084   0x08005084   0x0000007c   Code   RO         2307    i.HAL_NVIC_SetPriority  stm32f4xx_hal_cortex.o
    0x08005100   0x08005100   0x00000028   Code   RO         2308    i.HAL_NVIC_SetPriorityGrouping  stm32f4xx_hal_cortex.o
    0x08005128   0x08005128   0x00000184   Code   RO         1513    i.HAL_RCC_ClockConfig  stm32f4xx_hal_rcc.o
    0x080052ac   0x080052ac   0x0000000c   Code   RO         1518    i.HAL_RCC_GetHCLKFreq  stm32f4xx_hal_rcc.o
    0x080052b8   0x080052b8   0x00000020   Code   RO         1520    i.HAL_RCC_GetPCLK1Freq  stm32f4xx_hal_rcc.o
    0x080052d8   0x080052d8   0x000000ac   Code   RO         1522    i.HAL_RCC_GetSysClockFreq  stm32f4xx_hal_rcc.o
    0x08005384   0x08005384   0x0000049c   Code   RO         1525    i.HAL_RCC_OscConfig  stm32f4xx_hal_rcc.o
    0x08005820   0x08005820   0x00000034   Code   RO         2312    i.HAL_SYSTICK_Config  stm32f4xx_hal_cortex.o
    0x08005854   0x08005854   0x000000b4   Code   RO         3950    i.HAL_TIMEx_MasterConfigSynchronization  stm32f4xx_hal_tim_ex.o
    0x08005908   0x08005908   0x000000c8   Code   RO         3237    i.HAL_TIM_Encoder_Init  stm32f4xx_hal_tim.o
    0x080059d0   0x080059d0   0x00000084   Code   RO          447    i.HAL_TIM_Encoder_MspInit  stm32f4xx_hal_msp.o
    0x08005a54   0x08005a54   0x000000cc   Code   RO         3240    i.HAL_TIM_Encoder_Start  stm32f4xx_hal_tim.o
    0x08005b20   0x08005b20   0x00000004   Code   RO          322    i.HardFault_Handler  stm32f4xx_it.o
    0x08005b24   0x08005b24   0x0000003e   Code   RO         2748    i.I2C_IsAcknowledgeFailed  stm32f4xx_hal_i2c.o
    0x08005b62   0x08005b62   0x00000002   PAD
    0x08005b64   0x08005b64   0x00000160   Code   RO         2759    i.I2C_RequestMemoryRead  stm32f4xx_hal_i2c.o
    0x08005cc4   0x08005cc4   0x000000e0   Code   RO         2760    i.I2C_RequestMemoryWrite  stm32f4xx_hal_i2c.o
    0x08005da4   0x08005da4   0x0000005c   Code   RO         2768    i.I2C_WaitOnBTFFlagUntilTimeout  stm32f4xx_hal_i2c.o
    0x08005e00   0x08005e00   0x00000086   Code   RO         2769    i.I2C_WaitOnFlagUntilTimeout  stm32f4xx_hal_i2c.o
    0x08005e86   0x08005e86   0x000000c4   Code   RO         2770    i.I2C_WaitOnMasterAddressFlagUntilTimeout  stm32f4xx_hal_i2c.o
    0x08005f4a   0x08005f4a   0x00000080   Code   RO         2771    i.I2C_WaitOnRXNEFlagUntilTimeout  stm32f4xx_hal_i2c.o
    0x08005fca   0x08005fca   0x0000005c   Code   RO         2774    i.I2C_WaitOnTXEFlagUntilTimeout  stm32f4xx_hal_i2c.o
    0x08006026   0x08006026   0x00000002   PAD
    0x08006028   0x08006028   0x00000174   Code   RO         1166    i.InitializeVariables  variable.o
    0x0800619c   0x0800619c   0x0000024c   Code   RO          860    i.Keys4Menu         menu.o
    0x080063e8   0x080063e8   0x00000018   Code   RO          927    i.LCD_Clear         n1202.o
    0x08006400   0x08006400   0x0000005e   Code   RO          928    i.LCD_DrawBitmap    n1202.o
    0x0800645e   0x0800645e   0x0000001e   Code   RO          929    i.LCD_DrawFastHLine  n1202.o
    0x0800647c   0x0800647c   0x0000001e   Code   RO          930    i.LCD_DrawFastVLine  n1202.o
    0x0800649a   0x0800649a   0x000000a8   Code   RO          931    i.LCD_DrawLine      n1202.o
    0x08006542   0x08006542   0x00000002   PAD
    0x08006544   0x08006544   0x000000a0   Code   RO          932    i.LCD_DrawPixel     n1202.o
    0x080065e4   0x080065e4   0x0000004c   Code   RO          933    i.LCD_DrawRect      n1202.o
    0x08006630   0x08006630   0x00000020   Code   RO          936    i.LCD_Init          n1202.o
    0x08006650   0x08006650   0x000001bc   Code   RO          937    i.LCD_SendByte      n1202.o
    0x0800680c   0x0800680c   0x00000034   Code   RO          938    i.LCD_Update        n1202.o
    0x08006840   0x08006840   0x00000048   Code   RO          939    i.LCD_WriteMenuStatus  n1202.o
    0x08006888   0x08006888   0x00000044   Code   RO          941    i.LCD_write_str     n1202.o
    0x080068cc   0x080068cc   0x00000064   Code   RO          942    i.LCD_write_str_middle  n1202.o
    0x08006930   0x08006930   0x000000d0   Code   RO          551    i.LoadDefaultValues  eeprom.o
    0x08006a00   0x08006a00   0x000000cc   Code   RO           24    i.MX_ADC1_Init      main.o
    0x08006acc   0x08006acc   0x00000038   Code   RO           25    i.MX_DMA_Init       main.o
    0x08006b04   0x08006b04   0x000002ac   Code   RO           26    i.MX_GPIO_Init      main.o
    0x08006db0   0x08006db0   0x0000003c   Code   RO           27    i.MX_I2C1_Init      main.o
    0x08006dec   0x08006dec   0x0000007c   Code   RO           29    i.MX_TIM3_Init      main.o
    0x08006e68   0x08006e68   0x0000006c   Code   RO          861    i.MakeDayCounterTemporaryID  menu.o
    0x08006ed4   0x08006ed4   0x00000004   Code   RO          323    i.MemManage_Handler  stm32f4xx_it.o
    0x08006ed8   0x08006ed8   0x00006844   Code   RO          862    i.Menu              menu.o
    0x0800d71c   0x0800d71c   0x0000053c   Code   RO         1129    i.Module_SerialDataTransmition  serial.o
    0x0800dc58   0x0800dc58   0x00000004   Code   RO          324    i.NMI_Handler       stm32f4xx_it.o
    0x0800dc5c   0x0800dc5c   0x00000038   Code   RO          677    i.PR_SendData       hardware.o
    0x0800dc94   0x0800dc94   0x000001f8   Code   RO          678    i.PT_RMS_Calculate  hardware.o
    0x0800de8c   0x0800de8c   0x000001ac   Code   RO         1130    i.ParallelAnalog_OD_Module_SerialDataTransmition  serial.o
    0x0800e038   0x0800e038   0x00000002   Code   RO          325    i.PendSV_Handler    stm32f4xx_it.o
    0x0800e03a   0x0800e03a   0x00000002   PAD
    0x0800e03c   0x0800e03c   0x00000130   Code   RO          552    i.PrintAndSaveDefaultValue  eeprom.o
    0x0800e16c   0x0800e16c   0x00000044   Code   RO          553    i.ReadBoardFixedID  eeprom.o
    0x0800e1b0   0x0800e1b0   0x00000164   Code   RO          554    i.ReadDataFromEEPROM  eeprom.o
    0x0800e314   0x0800e314   0x00000098   Code   RO          555    i.ReadDayCounterValues  eeprom.o
    0x0800e3ac   0x0800e3ac   0x0000004c   Code   RO          556    i.ReadErrorList     eeprom.o
    0x0800e3f8   0x0800e3f8   0x00000002   Code   RO          326    i.SVC_Handler       stm32f4xx_it.o
    0x0800e3fa   0x0800e3fa   0x00000002   PAD
    0x0800e3fc   0x0800e3fc   0x00000154   Code   RO          558    i.SaveDataToEEPROM  eeprom.o
    0x0800e550   0x0800e550   0x00000058   Code   RO          559    i.SaveDayCounterValues  eeprom.o
    0x0800e5a8   0x0800e5a8   0x00000048   Code   RO          560    i.SaveErrorList     eeprom.o
    0x0800e5f0   0x0800e5f0   0x00000074   Code   RO          561    i.SaveHwKeyPassword  eeprom.o
    0x0800e664   0x0800e664   0x00000138   Code   RO          863    i.SelChg            menu.o
    0x0800e79c   0x0800e79c   0x00000134   Code   RO           31    i.SelectorChange    main.o
    0x0800e8d0   0x0800e8d0   0x0000013c   Code   RO          864    i.SetCarcodecTransferHWAddressArray  menu.o
    0x0800ea0c   0x0800ea0c   0x0000018c   Code   RO          562    i.SetFixedBoardID   eeprom.o
    0x0800eb98   0x0800eb98   0x00000098   Code   RO         1167    i.Set_FirstValueInArrays  variable.o
    0x0800ec30   0x0800ec30   0x00000056   Code   RO          679    i.SevenBitToByte    hardware.o
    0x0800ec86   0x0800ec86   0x00000002   PAD
    0x0800ec88   0x0800ec88   0x0000002c   Code   RO          563    i.Show_PleaseWait   eeprom.o
    0x0800ecb4   0x0800ecb4   0x00000008   Code   RO          327    i.SysTick_Handler   stm32f4xx_it.o
    0x0800ecbc   0x0800ecbc   0x000000b8   Code   RO           33    i.SystemClock_Config  main.o
    0x0800ed74   0x0800ed74   0x00000014   Code   RO         4199    i.SystemInit        system_stm32f4xx.o
    0x0800ed88   0x0800ed88   0x00000374   Code   RO          328    i.TIM2_IRQHandler   stm32f4xx_it.o
    0x0800f0fc   0x0800f0fc   0x0000003c   Code   RO          680    i.TIM2_Init         hardware.o
    0x0800f138   0x0800f138   0x00000038   Code   RO          329    i.TIM3_IRQHandler   stm32f4xx_it.o
    0x0800f170   0x0800f170   0x000003d0   Code   RO          330    i.TIM4_IRQHandler   stm32f4xx_it.o
    0x0800f540   0x0800f540   0x00000048   Code   RO          681    i.TIM4_Init         hardware.o
    0x0800f588   0x0800f588   0x00000288   Code   RO          331    i.TIM5_IRQHandler   stm32f4xx_it.o
    0x0800f810   0x0800f810   0x00000048   Code   RO          682    i.TIM5_Init         hardware.o
    0x0800f858   0x0800f858   0x000000d8   Code   RO         3309    i.TIM_Base_SetConfig  stm32f4xx_hal_tim.o
    0x0800f930   0x0800f930   0x00000022   Code   RO         3310    i.TIM_CCxChannelCmd  stm32f4xx_hal_tim.o
    0x0800f952   0x0800f952   0x00000002   PAD
    0x0800f954   0x0800f954   0x00000094   Code   RO          683    i.UART4_Init        hardware.o
    0x0800f9e8   0x0800f9e8   0x000000c8   Code   RO          684    i.UART5_Init        hardware.o
    0x0800fab0   0x0800fab0   0x00000090   Code   RO          685    i.USART1_Init       hardware.o
    0x0800fb40   0x0800fb40   0x0000009c   Code   RO          686    i.USART2_Init       hardware.o
    0x0800fbdc   0x0800fbdc   0x00000098   Code   RO          687    i.USART3_Init       hardware.o
    0x0800fc74   0x0800fc74   0x00000004   Code   RO          332    i.UsageFault_Handler  stm32f4xx_it.o
    0x0800fc78   0x0800fc78   0x00000030   Code   RO         4740    i.__ARM_fpclassify  m_wm.l(fpclassify.o)
    0x0800fca8   0x0800fca8   0x0000001a   Code   RO          688    i.__NVIC_EnableIRQ  hardware.o
    0x0800fcc2   0x0800fcc2   0x00000002   PAD
    0x0800fcc4   0x0800fcc4   0x00000010   Code   RO         2314    i.__NVIC_GetPriorityGrouping  stm32f4xx_hal_cortex.o
    0x0800fcd4   0x0800fcd4   0x00000028   Code   RO         2315    i.__NVIC_SetPriority  stm32f4xx_hal_cortex.o
    0x0800fcfc   0x0800fcfc   0x0000007a   Code   RO         4605    i.__hardfp_sqrt     m_wm.l(sqrt.o)
    0x0800fd76   0x0800fd76   0x0000000e   Code   RO         4529    i._is_digit         c_w.l(__printf_wp.o)
    0x0800fd84   0x0800fd84   0x00000026   Code   RO         4433    i._sys_close        retarget_io.o
    0x0800fdaa   0x0800fdaa   0x00000024   Code   RO         4434    i._sys_flen         retarget_io.o
    0x0800fdce   0x0800fdce   0x00000024   Code   RO         4435    i._sys_istty        retarget_io.o
    0x0800fdf2   0x0800fdf2   0x00000002   PAD
    0x0800fdf4   0x0800fdf4   0x00000068   Code   RO         4436    i._sys_open         retarget_io.o
    0x0800fe5c   0x0800fe5c   0x0000002c   Code   RO         4438    i._sys_seek         retarget_io.o
    0x0800fe88   0x0800fe88   0x00000046   Code   RO         4439    i._sys_write        retarget_io.o
    0x0800fece   0x0800fece   0x0000000e   Code   RO          943    i.abs1              n1202.o
    0x0800fedc   0x0800fedc   0x0000006e   Code   RO          944    i.bit_set           n1202.o
    0x0800ff4a   0x0800ff4a   0x00000002   PAD
    0x0800ff4c   0x0800ff4c   0x00000050   Code   RO          504    i.ee24_read         at24cxx.o
    0x0800ff9c   0x0800ff9c   0x000000a8   Code   RO          505    i.ee24_write        at24cxx.o
    0x08010044   0x08010044   0x0000001a   Code   RO         4643    i.fputc             c_w.l(fputc.o)
    0x0801005e   0x0801005e   0x00000008   Code   RO         4235    i.gsm_init          test.o
    0x08010066   0x08010066   0x00000002   PAD
    0x08010068   0x08010068   0x000000f4   Code   RO         4303    i.ini_cpu_timer     cpu_timer.o
    0x0801015c   0x0801015c   0x0000002c   Code   RO         4342    i.json_find         json.o
    0x08010188   0x08010188   0x0000009c   Code   RO         4343    i.json_get_data     json.o
    0x08010224   0x08010224   0x0000003c   Code   RO         4344    i.json_get_data_dma  json.o
    0x08010260   0x08010260   0x000011bc   Code   RO           34    i.main              main.o
    0x0801141c   0x0801141c   0x00000108   Code   RO         4345    i.read_protocol_json  json.o
    0x08011524   0x08011524   0x00000068   Code   RO         4346    i.reset_json        json.o
    0x0801158c   0x0801158c   0x000000c0   Code   RO          945    i.showchar2         n1202.o
    0x0801164c   0x0801164c   0x00000020   Code   RO         1210    i.stdout_putchar    stdout_user.o
    0x0801166c   0x0801166c   0x0000001e   Code   RO         4347    i.strfind           json.o
    0x0801168a   0x0801168a   0x00000002   PAD
    0x0801168c   0x0801168c   0x000002c4   Code   RO         4236    i.test              test.o
    0x08011950   0x08011950   0x00000114   Code   RO         4304    i.timer_basic_manager  cpu_timer.o
    0x08011a64   0x08011a64   0x0000002c   Code   RO         4734    locale$$code        c_w.l(lc_numeric_c.o)
    0x08011a90   0x08011a90   0x0000002c   Code   RO         4830    locale$$code        c_w.l(lc_ctype_c.o)
    0x08011abc   0x08011abc   0x00000062   Code   RO         4567    x$fpl$d2f           fz_wm.l(d2f.o)
    0x08011b1e   0x08011b1e   0x00000018   Code   RO         4654    x$fpl$dcmpinf       fz_wm.l(dcmpi.o)
    0x08011b36   0x08011b36   0x00000002   PAD
    0x08011b38   0x08011b38   0x000002b0   Code   RO         4576    x$fpl$ddiv          fz_wm.l(ddiv.o)
    0x08011de8   0x08011de8   0x00000078   Code   RO         4579    x$fpl$deqf          fz_wm.l(deqf.o)
    0x08011e60   0x08011e60   0x0000005a   Code   RO         4581    x$fpl$dfixu         fz_wm.l(dfixu.o)
    0x08011eba   0x08011eba   0x00000026   Code   RO         4585    x$fpl$dfltu         fz_wm.l(dflt_clz.o)
    0x08011ee0   0x08011ee0   0x0000008a   Code   RO         4592    x$fpl$dfltull       fz_wm.l(dfltll_clz.o)
    0x08011f6a   0x08011f6a   0x00000002   PAD
    0x08011f6c   0x08011f6c   0x00000078   Code   RO         4595    x$fpl$dleqf         fz_wm.l(dleqf.o)
    0x08011fe4   0x08011fe4   0x00000154   Code   RO         4597    x$fpl$dmul          fz_wm.l(dmul.o)
    0x08012138   0x08012138   0x0000009c   Code   RO         4656    x$fpl$dnaninf       fz_wm.l(dnaninf.o)
    0x080121d4   0x080121d4   0x0000000c   Code   RO         4658    x$fpl$dretinf       fz_wm.l(dretinf.o)
    0x080121e0   0x080121e0   0x0000006c   Code   RO         4599    x$fpl$drleqf        fz_wm.l(drleqf.o)
    0x0801224c   0x0801224c   0x00000198   Code   RO         4660    x$fpl$dsqrt         fz_wm.l(dsqrt_umaal.o)
    0x080123e4   0x080123e4   0x00000056   Code   RO         4601    x$fpl$f2d           fz_wm.l(f2d.o)
    0x0801243a   0x0801243a   0x0000008c   Code   RO         4662    x$fpl$fnaninf       fz_wm.l(fnaninf.o)
    0x080124c6   0x080124c6   0x0000000a   Code   RO         4964    x$fpl$fpinit        fz_wm.l(fpinit.o)
    0x080124d0   0x080124d0   0x0000000a   Code   RO         4664    x$fpl$fretinf       fz_wm.l(fretinf.o)
    0x080124da   0x080124da   0x00000004   Code   RO         4603    x$fpl$printf1       fz_wm.l(printf1.o)
    0x080124de   0x080124de   0x00000000   Code   RO         4666    x$fpl$usenofp       fz_wm.l(usenofp.o)
    0x080124de   0x080124de   0x0000103e   Data   RO           36    .constdata          main.o
    0x0801351c   0x0801351c   0x000019bc   Data   RO          564    .constdata          eeprom.o
    0x08014ed8   0x08014ed8   0x0000124b   Data   RO          866    .constdata          menu.o
    0x08016123   0x08016123   0x00000c10   Data   RO          946    .constdata          n1202.o
    0x08016d33   0x08016d33   0x00000008   Data   RO         2031    .constdata          stm32f4xx_hal_dma.o
    0x08016d3b   0x08016d3b   0x00000018   Data   RO         4200    .constdata          system_stm32f4xx.o
    0x08016d53   0x08016d53   0x00000017   Data   RO         4440    .constdata          retarget_io.o
    0x08016d6a   0x08016d6a   0x00000011   Data   RO         4532    .constdata          c_w.l(__printf_flags_wp.o)
    0x08016d7b   0x08016d7b   0x00000001   PAD
    0x08016d7c   0x08016d7c   0x00000094   Data   RO         4703    .constdata          c_w.l(bigflt0.o)
    0x08016e10   0x08016e10   0x00000020   Data   RO         5032    Region$$Table       anon$$obj.o
    0x08016e30   0x08016e30   0x0000001c   Data   RO         4733    locale$$data        c_w.l(lc_numeric_c.o)
    0x08016e4c   0x08016e4c   0x00000110   Data   RO         4829    locale$$data        c_w.l(lc_ctype_c.o)


    Execution Region RW_IRAM1 (Exec base: 0x20000000, Load base: 0x08016f5c, Size: 0x00007058, Max: 0x0001c000, ABSOLUTE, COMPRESSED[0x00000458])

    Exec Addr    Load Addr    Size         Type   Attr      Idx    E Section Name        Object

    0x20000000   COMPRESSED   0x00000001   Data   RW          506    .data               at24cxx.o
    0x20000001   COMPRESSED   0x0000081f   Data   RW          867    .data               menu.o
    0x20000820   COMPRESSED   0x00000278   Data   RW         1171    .data               variable.o
    0x20000a98   COMPRESSED   0x00000009   Data   RW         2463    .data               stm32f4xx_hal.o
    0x20000aa1   COMPRESSED   0x00000003   PAD
    0x20000aa4   COMPRESSED   0x00000004   Data   RW         4201    .data               system_stm32f4xx.o
    0x20000aa8   COMPRESSED   0x00000014   Data   RW         4238    .data               test.o
    0x20000abc   COMPRESSED   0x00000004   Data   RW         4649    .data               c_w.l(stdio_streams.o)
    0x20000ac0   COMPRESSED   0x00000004   Data   RW         4650    .data               c_w.l(stdio_streams.o)
    0x20000ac4   COMPRESSED   0x00000004   Data   RW         4651    .data               c_w.l(stdio_streams.o)
    0x20000ac8        -       0x00000150   Zero   RW           35    .bss                main.o
    0x20000c18        -       0x00000010   Zero   RW          865    .bss                menu.o
    0x20000c28        -       0x000059e8   Zero   RW         1169    .bss                variable.o
    0x20006610        -       0x00000078   Zero   RW         4306    .bss                cpu_timer.o
    0x20006688        -       0x00000270   Zero   RW         4348    .bss                json.o
    0x200068f8        -       0x00000054   Zero   RW         4646    .bss                c_w.l(stdio_streams.o)
    0x2000694c        -       0x00000054   Zero   RW         4647    .bss                c_w.l(stdio_streams.o)
    0x200069a0        -       0x00000054   Zero   RW         4648    .bss                c_w.l(stdio_streams.o)
    0x200069f4        -       0x00000060   Zero   RW         4668    .bss                c_w.l(libspace.o)
    0x20006a54   COMPRESSED   0x00000004   PAD
    0x20006a58        -       0x00000200   Zero   RW            2    HEAP                startup_stm32f407xx.o
    0x20006c58        -       0x00000400   Zero   RW            1    STACK               startup_stm32f407xx.o


    Execution Region RW_IRAM2 (Exec base: 0x2001c000, Load base: 0x080173b4, Size: 0x00000000, Max: 0x00004000, ABSOLUTE)

    **** No section assigned to this execution region ****


==============================================================================

Image component sizes


      Code (inc. data)   RO Data    RW Data    ZI Data      Debug   Object Name

       248         22          0          1          0       2269   at24cxx.o
       520         20          0          0        120       2097   cpu_timer.o
      2572        492       6588          0          0       9233   eeprom.o
      5012        558          0          0          0      16326   hardware.o
       658        100          0          0        624       4557   json.o
      6166       1436       4158          0        336     747541   main.o
     28272       1706       4683       2079         16      26287   menu.o
      1676         80       3088          0          0      13193   n1202.o
        76         18          0          0          0        572   pb_num.o
       328         24         23          0          0       5690   retarget_io.o
      3804        478          0          0          0       4920   serial.o
        64         26        392          0       1536        876   startup_stm32f407xx.o
        32          6          0          0          0        553   stdout_user.o
       212         36          0          9          0       9661   stm32f4xx_hal.o
      1460         66          0          0          0       7725   stm32f4xx_hal_adc.o
       304         22          0          0          0      34679   stm32f4xx_hal_cortex.o
      1224         16          8          0          0       5775   stm32f4xx_hal_dma.o
       512         46          0          0          0       2204   stm32f4xx_hal_gpio.o
      2856         46          0          0          0      12062   stm32f4xx_hal_i2c.o
       536         48          0          0          0       3340   stm32f4xx_hal_msp.o
      1784         70          0          0          0       5237   stm32f4xx_hal_rcc.o
       654         46          0          0          0       4108   stm32f4xx_hal_tim.o
       180         30          0          0          0       1400   stm32f4xx_hal_tim_ex.o
      2954        402          0          0          0       8744   stm32f4xx_it.o
        20          6         24          4          0       1223   system_stm32f4xx.o
       716        210          0         20          0       2203   test.o
       524        156          0        632      23016      23524   variable.o

    ----------------------------------------------------------------------
     63398       6166      18996       2748      25648     955999   Object Totals
         0          0         32          0          0          0   (incl. Generated)
        34          0          0          3          0          0   (incl. Padding)

    ----------------------------------------------------------------------

      Code (inc. data)   RO Data    RW Data    ZI Data      Debug   Library Member Name

        44          6          0          0          0         84   __2sprintf.o
       100          0          0          0          0          0   __dclz77c.o
         8          0          0          0          0         68   __main.o
       312          4         17          0          0         92   __printf_flags_wp.o
        14          0          0          0          0         68   __printf_wp.o
         0          0          0          0          0          0   __rtentry.o
        12          0          0          0          0          0   __rtentry2.o
         6          0          0          0          0          0   __rtentry4.o
        52          8          0          0          0          0   __scatter.o
        28          0          0          0          0          0   __scatter_zi.o
        28          0          0          0          0         68   _chval.o
         6          0          0          0          0          0   _printf_c.o
        44          0          0          0          0        108   _printf_char.o
        48          6          0          0          0         96   _printf_char_common.o
         6          0          0          0          0          0   _printf_d.o
       120         16          0          0          0         92   _printf_dec.o
         6          0          0          0          0          0   _printf_f.o
      1054          0          0          0          0        216   _printf_fp_dec.o
       128         16          0          0          0         84   _printf_fp_infnan.o
       178          0          0          0          0         88   _printf_intcommon.o
        78          0          0          0          0        108   _printf_pad.o
         0          0          0          0          0          0   _printf_percent.o
         4          0          0          0          0          0   _printf_percent_end.o
         6          0          0          0          0          0   _printf_s.o
        82          0          0          0          0         80   _printf_str.o
         6          0          0          0          0          0   _printf_u.o
        22          0          0          0          0        100   _rserrno.o
        10          0          0          0          0         68   _sputc.o
       158          0          0          0          0         92   _strtoul.o
        26          0          0          0          0         80   atoi.o
       228          4        148          0          0         96   bigflt0.o
      1936        128          0          0          0        672   btod.o
        10          0          0          0          0         68   defsig_exit.o
        50          0          0          0          0         88   defsig_general.o
        80         58          0          0          0         76   defsig_rtmem_inner.o
        14          0          0          0          0         80   defsig_rtmem_outer.o
        52         38          0          0          0         76   defsig_rtred_inner.o
        14          0          0          0          0         80   defsig_rtred_outer.o
        18          0          0          0          0         80   exit.o
        76          0          0          0          0         88   fclose.o
       470          0          0          0          0         88   flsbuf.o
       236          4          0          0          0        128   fopen.o
        26          0          0          0          0         68   fputc.o
       248          6          0          0          0         84   fseek.o
        66          0          0          0          0         76   ftell.o
        94          0          0          0          0         80   h1_alloc.o
        52          0          0          0          0         68   h1_extend.o
        78          0          0          0          0         80   h1_free.o
        14          0          0          0          0         84   h1_init.o
         6          0          0          0          0        152   heapauxi.o
         4          0          0          0          0        136   hguard.o
         0          0          0          0          0          0   indicate_semi.o
       138          0          0          0          0        168   init_alloc.o
       312         46          0          0          0        112   initio.o
        44         10        272          0          0         76   lc_ctype_c.o
        44         10         28          0          0         76   lc_numeric_c.o
         2          0          0          0          0          0   libinit.o
        46          0          0          0          0          0   libinit2.o
         2          0          0          0          0          0   libshutdown.o
         6          0          0          0          0          0   libshutdown2.o
         8          4          0          0         96         68   libspace.o
       138          0          0          0          0         80   lludiv10.o
       238          0          0          0          0        100   lludivv7m.o
         0          0          0          0          0          0   maybetermalloc1.o
        44          4          0          0          0         84   puts.o
        16          4          0          0          0         76   rt_ctype_table.o
         8          4          0          0          0         68   rt_errno_addr_intlibspace.o
         8          4          0          0          0         68   rt_heap_descriptor_intlibspace.o
         8          4          0          0          0         68   rt_locale_intlibspace.o
        68          0          0          0          0         68   rt_memclr.o
        78          0          0          0          0         80   rt_memclr_w.o
         2          0          0          0          0          0   rtexit.o
        10          0          0          0          0          0   rtexit2.o
        70          0          0          0          0         80   setvbuf.o
       240          6          0          0          0        156   stdio.o
         0          0          0         12        252          0   stdio_streams.o
       128          0          0          0          0         68   strcmpv7m.o
        72          0          0          0          0         80   strcpy.o
        62          0          0          0          0         76   strlen.o
        36          0          0          0          0         80   strstr.o
       112          0          0          0          0         88   strtol.o
        12          4          0          0          0         68   sys_exit.o
        74          0          0          0          0         80   sys_stackheap_outer.o
        14          0          0          0          0         76   sys_wrch.o
         2          0          0          0          0         68   use_no_semi.o
        98          4          0          0          0        140   d2f.o
        24          0          0          0          0        116   dcmpi.o
       688        140          0          0          0        256   ddiv.o
       120          4          0          0          0        140   deqf.o
        90          4          0          0          0        140   dfixu.o
        38          0          0          0          0        116   dflt_clz.o
       138          0          0          0          0        132   dfltll_clz.o
       120          4          0          0          0        140   dleqf.o
       340         12          0          0          0        152   dmul.o
       156          4          0          0          0        140   dnaninf.o
        12          0          0          0          0        116   dretinf.o
       108          0          0          0          0        128   drleqf.o
       408         56          0          0          0        168   dsqrt_umaal.o
        86          4          0          0          0        132   f2d.o
       140          4          0          0          0        132   fnaninf.o
        10          0          0          0          0        116   fpinit.o
        10          0          0          0          0        116   fretinf.o
         4          0          0          0          0        116   printf1.o
         0          0          0          0          0          0   usenofp.o
        48          0          0          0          0        124   fpclassify.o
       122          0          0          0          0        148   sqrt.o

    ----------------------------------------------------------------------
     11184        630        466         12        352       8920   Library Totals
        24          0          1          0          4          0   (incl. Padding)

    ----------------------------------------------------------------------

      Code (inc. data)   RO Data    RW Data    ZI Data      Debug   Library Name

      8400        394        465         12        348       6152   c_w.l
      2590        236          0          0          0       2496   fz_wm.l
       170          0          0          0          0        272   m_wm.l

    ----------------------------------------------------------------------
     11184        630        466         12        352       8920   Library Totals

    ----------------------------------------------------------------------

==============================================================================


      Code (inc. data)   RO Data    RW Data    ZI Data      Debug   

     74582       6796      19462       2760      26000     943483   Grand Totals
     74582       6796      19462       1112      26000     943483   ELF Image Totals (compressed)
     74582       6796      19462       1112          0          0   ROM Totals

==============================================================================

    Total RO  Size (Code + RO Data)                94044 (  91.84kB)
    Total RW  Size (RW Data + ZI Data)             28760 (  28.09kB)
    Total ROM Size (Code + RO Data + RW Data)      95156 (  92.93kB)

==============================================================================

